<html>
<body>
<pre>
<h1>µVision Build Log</h1>
<h2>Tool Versions:</h2>
IDE-Version: ¦ÌVision V5.43.0.0
Copyright (C) 2025 ARM Ltd and ARM Germany GmbH. All rights reserved.
License Information: shu dongsheng, kepler, LIC=7YKYW-QR3VN-E0KN4-FXBY4-0PQ1V-WCZ1I
 
Tool Versions:
Toolchain:       MDK-ARM Professional  Version: 5.43.0.0
Toolchain Path:  D:\Keil\Keil_v5\ARM\ARMCLANG\Bin
C Compiler:      ArmClang.exe V6.24
Assembler:       Armasm.exe V6.24
Linker/Locator:  ArmLink.exe V6.24
Library Manager: ArmAr.exe V6.24
Hex Converter:   FromElf.exe V6.24
CPU DLL:         
Dialog DLL:      
Target DLL:      Segger\JL2CM3.dll V2.99.45.0
Dialog DLL:      TCM.DLL V1.56.6.0
 
<h2>Project:</h2>
C:\Users\sds\Desktop\GD32E225\Template\Keil_project\GD32E225.uvprojx
Project File Date:  12/11/2025

<h2>Output:</h2>
*** Using Compiler 'V6.24', folder: 'D:\Keil\Keil_v5\ARM\ARMCLANG\Bin'
Build target 'GD32E23x'
Note: source file '..\..\Source\plcp_device\main.c' - object file renamed from '.\output\main.o' to '.\output\main_1.o'.
compiling MseProcess.c...
linking...
Program Size: Code=60346 RO-data=4222 RW-data=1064 ZI-data=11616  
FromELF: creating hex file...
".\output\Project.axf" - 0 Error(s), 0 Warning(s).

<h2>Software Packages used:</h2>

Package Vendor: ARM
                https://www.keil.com/pack/ARM.CMSIS.6.2.0.pack
                ARM::CMSIS@6.2.0
                CMSIS (Common Microcontroller Software Interface Standard)
   * Component: CORE Version: 6.1.1

Package Vendor: GigaDevice
                http://gd32mcu.com/data/documents/pack/GigaDevice.GD32E23x_DFP.2.3.2.pack
                GigaDevice::GD32E23x_DFP@2.3.2
                GigaDevice GD32E23x Series Device Support and Examples

<h2>Collection of Component include folders:</h2>
  ./RTE/_GD32E23x
  D:/Keil/Arm/Packs/ARM/CMSIS/6.2.0/CMSIS/Core/Include
  D:/Keil/Arm/Packs/GigaDevice/GD32E23x_DFP/2.3.2/Device/Include

<h2>Collection of Component Files used:</h2>

   * Component: ARM::CMSIS:CORE@6.1.1
Build Time Elapsed:  00:00:01
</pre>
</body>
</html>
