<html>
<body>
<pre>
<h1>µVision Build Log</h1>
<h2>Tool Versions:</h2>
IDE-Version: ¦ÌVision V5.42.0.0
Copyright (C) 2025 ARM Ltd and ARM Germany GmbH. All rights reserved.
License Information: shu dongsheng, kepler, LIC=GE7DL-0P342-TLVCD-8FIPW-TB5KX-YSEUM
 
Tool Versions:
Toolchain:       MDK-ARM Professional  Version: 5.42.0.0
Toolchain Path:  D:\keil\keil_v5\ARM\ARMCLANG\Bin
C Compiler:      ArmClang.exe V6.23
Assembler:       Armasm.exe V6.23
Linker/Locator:  ArmLink.exe V6.23
Library Manager: ArmAr.exe V6.23
Hex Converter:   FromElf.exe V6.23
CPU DLL:         
Dialog DLL:      
Target DLL:      Segger\JL2CM3.dll V2.99.45.0
Dialog DLL:      TCM.DLL V1.56.6.0
 
<h2>Project:</h2>
D:\code\GD32E225\Template\Keil_project\GD32E225.uvprojx
Project File Date:  01/03/2026

<h2>Output:</h2>
*** Using Compiler 'V6.23', folder: 'D:\keil\keil_v5\ARM\ARMCLANG\Bin'
Build target 'GD32E23x'
Note: source file '..\..\Source\plcp_device\main.c' - object file renamed from '.\output\main.o' to '.\output\main_1.o'.
compiling gd32e23x_dma.c...
compiling gd32e23x_it.c...
compiling system_gd32e23x.c...
compiling gd32e23x_cmp.c...
compiling gd32e23x_i2c.c...
compiling main.c...
compiling gd32e23x_misc.c...
compiling gd32e23x_exti.c...
compiling gd32e23x_fwdgt.c...
compiling gd32e23x_gpio.c...
compiling systick.c...
compiling gd32e23x_dbg.c...
compiling gd32e23x_pmu.c...
compiling gd32e23x_crc.c...
compiling gd32e23x_adc.c...
compiling gd32e23x_rcu.c...
compiling gd32e23x_fmc.c...
assembling startup_gd32e23x.s...
compiling gd32e23x_syscfg.c...
compiling gd32e23x_rtc.c...
compiling gd32e23x_spi.c...
compiling gd32e23x_wwdgt.c...
compiling gd32e230c_eval.c...
compiling gd32e23x_timer.c...
compiling APP_PublicAttribute.c...
compiling gd32e23x_usart.c...
compiling APP_RxBuffer.c...
compiling APP_TxBuffer.c...
compiling LmeUtils.c...
compiling main.c...
compiling plcp_panel.c...
compiling CmdDemo.c...
compiling APP_UserProcess.c...
compiling UappsRSL.c...
compiling button_state.c...
compiling Uapps.c...
compiling plcp_panel_info.c...
compiling UappsProduct_Init.c...
compiling plcp_panel_api.c...
compiling plcp_panel_callbacks.c...
compiling light_ct_adapter.c...
compiling panel_adapter.c...
compiling MseProcess.c...
compiling attr_table.c...
compiling light_ct_attr_table.c...
compiling plcp_light_ct.c...
compiling plcp_light_ct_info.c...
compiling adc.c...
compiling gpio.c...
compiling panel_base.c...
compiling base.c...
compiling protocol.c...
compiling flash.c...
compiling cJSON_Utils.c...
compiling eventbus.c...
compiling pwm.c...
compiling watchdog.c...
compiling pwm_hw.c...
compiling usart.c...
compiling timer.c...
compiling jump_device.c...
compiling zero.c...
compiling PLCP_callback.c...
compiling cJSON.c...
compiling PLCP_sequentialData.c...
compiling PLCP_sdk_api.c...
compiling PLCP_bind.c...
compiling PLCP_special_scene.c...
compiling SEGGER_RTT_printf.c...
compiling PLCP_scene.c...
compiling SEGGER_RTT.c...
linking...
Program Size: Code=60346 RO-data=4222 RW-data=1064 ZI-data=11616  
FromELF: creating hex file...
".\output\Project.axf" - 0 Error(s), 0 Warning(s).

<h2>Software Packages used:</h2>

Package Vendor: ARM
                https://www.keil.com/pack/ARM.CMSIS.6.1.0.pack
                ARM::CMSIS@6.1.0
                CMSIS (Common Microcontroller Software Interface Standard)
   * Component: CORE Version: 6.1.0

Package Vendor: GigaDevice
                http://gd32mcu.com/data/documents/pack/GigaDevice.GD32E23x_DFP.2.3.2.pack
                GigaDevice::GD32E23x_DFP@2.3.2
                GigaDevice GD32E23x Series Device Support and Examples

<h2>Collection of Component include folders:</h2>
  ./RTE/_GD32E23x
  D:/keil/arm/ARM/CMSIS/6.1.0/CMSIS/Core/Include
  D:/keil/arm/GigaDevice/GD32E23x_DFP/2.3.2/Device/Include

<h2>Collection of Component Files used:</h2>

   * Component: ARM::CMSIS:CORE@6.1.0
Build Time Elapsed:  00:00:04
</pre>
</body>
</html>
