<!doctype html public "-//w3c//dtd html 4.0 transitional//en">
<html><head>
<title>Static Call Graph - [.\output\Project.axf]</title></head>
<body><HR>
<H1>Static Call Graph for image .\output\Project.axf</H1><HR>
<BR><P>#&#060CALLGRAPH&#062# ARM Linker, 6230001: Last Updated: Sat Jan  3 14:17:00 2026
<BR><P>
<H3>Maximum Stack Usage =       2456 bytes + Unknown(Cycles, Untraceable Function Pointers)</H3><H3>
Call chain for Maximum Stack Depth:</H3>
process_message_queue &rArr; APP_Queue_ListenAndHandleMessage &rArr; APP_UappsMsgProcessing &rArr; APP_TOPIC_MSEProcessing &rArr; APP_BIND_Processing &rArr; APP_SendACK &rArr; UappsGetNodaFromOptionFROM &rArr; RslFromBytes &rArr; RslFromStr &rArr; atol &rArr; strtol &rArr; _strtoul
<P>
<H3>
Mutually Recursive functions
</H3> <LI><a href="#[14]">ADC_CMP_IRQHandler</a>&nbsp;&nbsp;&nbsp;&rArr;&nbsp;&nbsp;&nbsp;<a href="#[14]">ADC_CMP_IRQHandler</a><BR>
 <LI><a href="#[5]">HardFault_Handler</a>&nbsp;&nbsp;&nbsp;&rArr;&nbsp;&nbsp;&nbsp;<a href="#[5]">HardFault_Handler</a><BR>
 <LI><a href="#[7]">PendSV_Handler</a>&nbsp;&nbsp;&nbsp;&rArr;&nbsp;&nbsp;&nbsp;<a href="#[7]">PendSV_Handler</a><BR>
 <LI><a href="#[6]">SVC_Handler</a>&nbsp;&nbsp;&nbsp;&rArr;&nbsp;&nbsp;&nbsp;<a href="#[6]">SVC_Handler</a><BR>
 <LI><a href="#[fe]">cJSON_Delete</a>&nbsp;&nbsp;&nbsp;&rArr;&nbsp;&nbsp;&nbsp;<a href="#[fe]">cJSON_Delete</a><BR>
 <LI><a href="#[193]">parse_object</a>&nbsp;&nbsp;&nbsp;&rArr;&nbsp;&nbsp;&nbsp;<a href="#[183]">parse_value</a><BR>
 <LI><a href="#[183]">parse_value</a>&nbsp;&nbsp;&nbsp;&rArr;&nbsp;&nbsp;&nbsp;<a href="#[183]">parse_value</a><BR>
 <LI><a href="#[19e]">print_value</a>&nbsp;&nbsp;&nbsp;&rArr;&nbsp;&nbsp;&nbsp;<a href="#[19e]">print_value</a><BR>
</UL>
<P>
<H3>
Function Pointers
</H3><UL>
 <LI><a href="#[14]">ADC_CMP_IRQHandler</a> from startup_gd32e23x.o(.text) referenced from startup_gd32e23x.o(RESET)
 <LI><a href="#[11]">DMA_Channel0_IRQHandler</a> from startup_gd32e23x.o(.text) referenced from startup_gd32e23x.o(RESET)
 <LI><a href="#[12]">DMA_Channel1_2_IRQHandler</a> from usart.o(.text.DMA_Channel1_2_IRQHandler) referenced from startup_gd32e23x.o(RESET)
 <LI><a href="#[13]">DMA_Channel3_4_IRQHandler</a> from startup_gd32e23x.o(.text) referenced from startup_gd32e23x.o(RESET)
 <LI><a href="#[e]">EXTI0_1_IRQHandler</a> from startup_gd32e23x.o(.text) referenced from startup_gd32e23x.o(RESET)
 <LI><a href="#[f]">EXTI2_3_IRQHandler</a> from startup_gd32e23x.o(.text) referenced from startup_gd32e23x.o(RESET)
 <LI><a href="#[10]">EXTI4_15_IRQHandler</a> from zero.o(.text.EXTI4_15_IRQHandler) referenced from startup_gd32e23x.o(RESET)
 <LI><a href="#[c]">FMC_IRQHandler</a> from startup_gd32e23x.o(.text) referenced from startup_gd32e23x.o(RESET)
 <LI><a href="#[5]">HardFault_Handler</a> from gd32e23x_it.o(.text.HardFault_Handler) referenced from startup_gd32e23x.o(RESET)
 <LI><a href="#[23]">I2C0_ER_IRQHandler</a> from startup_gd32e23x.o(.text) referenced from startup_gd32e23x.o(RESET)
 <LI><a href="#[1d]">I2C0_EV_IRQHandler</a> from startup_gd32e23x.o(.text) referenced from startup_gd32e23x.o(RESET)
 <LI><a href="#[24]">I2C1_ER_IRQHandler</a> from startup_gd32e23x.o(.text) referenced from startup_gd32e23x.o(RESET)
 <LI><a href="#[1e]">I2C1_EV_IRQHandler</a> from startup_gd32e23x.o(.text) referenced from startup_gd32e23x.o(RESET)
 <LI><a href="#[a]">LVD_IRQHandler</a> from startup_gd32e23x.o(.text) referenced from startup_gd32e23x.o(RESET)
 <LI><a href="#[4]">NMI_Handler</a> from gd32e23x_it.o(.text.NMI_Handler) referenced from startup_gd32e23x.o(RESET)
 <LI><a href="#[7]">PendSV_Handler</a> from gd32e23x_it.o(.text.PendSV_Handler) referenced from startup_gd32e23x.o(RESET)
 <LI><a href="#[d]">RCU_IRQHandler</a> from startup_gd32e23x.o(.text) referenced from startup_gd32e23x.o(RESET)
 <LI><a href="#[b]">RTC_IRQHandler</a> from startup_gd32e23x.o(.text) referenced from startup_gd32e23x.o(RESET)
 <LI><a href="#[3]">Reset_Handler</a> from startup_gd32e23x.o(.text) referenced from startup_gd32e23x.o(RESET)
 <LI><a href="#[1f]">SPI0_IRQHandler</a> from startup_gd32e23x.o(.text) referenced from startup_gd32e23x.o(RESET)
 <LI><a href="#[20]">SPI1_IRQHandler</a> from startup_gd32e23x.o(.text) referenced from startup_gd32e23x.o(RESET)
 <LI><a href="#[6]">SVC_Handler</a> from gd32e23x_it.o(.text.SVC_Handler) referenced from startup_gd32e23x.o(RESET)
 <LI><a href="#[8]">SysTick_Handler</a> from gd32e23x_it.o(.text.SysTick_Handler) referenced from startup_gd32e23x.o(RESET)
 <LI><a href="#[26]">SystemInit</a> from system_gd32e23x.o(.text.SystemInit) referenced from startup_gd32e23x.o(.text)
 <LI><a href="#[15]">TIMER0_BRK_UP_TRG_COM_IRQHandler</a> from startup_gd32e23x.o(.text) referenced from startup_gd32e23x.o(RESET)
 <LI><a href="#[16]">TIMER0_Channel_IRQHandler</a> from startup_gd32e23x.o(.text) referenced from startup_gd32e23x.o(RESET)
 <LI><a href="#[19]">TIMER13_IRQHandler</a> from startup_gd32e23x.o(.text) referenced from startup_gd32e23x.o(RESET)
 <LI><a href="#[1a]">TIMER14_IRQHandler</a> from timer.o(.text.TIMER14_IRQHandler) referenced from startup_gd32e23x.o(RESET)
 <LI><a href="#[1b]">TIMER15_IRQHandler</a> from zero.o(.text.TIMER15_IRQHandler) referenced from startup_gd32e23x.o(RESET)
 <LI><a href="#[1c]">TIMER16_IRQHandler</a> from startup_gd32e23x.o(.text) referenced from startup_gd32e23x.o(RESET)
 <LI><a href="#[17]">TIMER2_IRQHandler</a> from startup_gd32e23x.o(.text) referenced from startup_gd32e23x.o(RESET)
 <LI><a href="#[18]">TIMER5_IRQHandler</a> from watchdog.o(.text.TIMER5_IRQHandler) referenced from startup_gd32e23x.o(RESET)
 <LI><a href="#[21]">USART0_IRQHandler</a> from usart.o(.text.USART0_IRQHandler) referenced from startup_gd32e23x.o(RESET)
 <LI><a href="#[22]">USART1_IRQHandler</a> from startup_gd32e23x.o(.text) referenced from startup_gd32e23x.o(RESET)
 <LI><a href="#[9]">WWDGT_IRQHandler</a> from startup_gd32e23x.o(.text) referenced from startup_gd32e23x.o(RESET)
 <LI><a href="#[27]">__main</a> from entry.o(.ARM.Collect$$$$00000000) referenced from startup_gd32e23x.o(.text)
 <LI><a href="#[29]">_sbackspace</a> from _sgetc.o(.text) referenced 2 times from __0sscanf.o(.text)
 <LI><a href="#[2a]">_scanf_char_input</a> from scanf_char.o(.text) referenced from scanf_char.o(.text)
 <LI><a href="#[28]">_sgetc</a> from _sgetc.o(.text) referenced 2 times from __0sscanf.o(.text)
 <LI><a href="#[36]">_snputc</a> from printfa.o(i._snputc) referenced from printfa.o(i.__0snprintf)
 <LI><a href="#[37]">_sputc</a> from printfa.o(i._sputc) referenced from printfa.o(i.__0sprintf)
 <LI><a href="#[2c]">app_proto_check</a> from protocol.o(.text.app_proto_check) referenced from protocol.o(.text.app_proto_init)
 <LI><a href="#[2e]">delay_exe_light</a> from light_ct_adapter.o(.text.delay_exe_light) referenced from light_ct_adapter.o(.text.light_adapter_ctrl)
 <LI><a href="#[35]">fputc</a> from usart.o(.text.fputc) referenced from printfa.o(i.__0printf)
 <LI><a href="#[1]">free</a> from mallocr.o(i.__free$realloc) referenced 2 times from cjson.o(.data.global_hooks)
 <LI><a href="#[2b]">isspace</a> from isspace_o.o(.text) referenced 2 times from scanf_char.o(.text)
 <LI><a href="#[25]">main</a> from main.o(.text.main) referenced from entry9a.o(.ARM.Collect$$$$0000000B)
 <LI><a href="#[0]">malloc</a> from mallocr.o(i.__malloc$realloc) referenced 2 times from cjson.o(.data.global_hooks)
 <LI><a href="#[2f]">night_delay</a> from plcp_special_scene.o(.text.night_delay) referenced from plcp_special_scene.o(.text.night_scene_open)
 <LI><a href="#[30]">plcp_panel_event_handler</a> from plcp_panel.o(.text.plcp_panel_event_handler) referenced from plcp_panel.o(.text.plcp_panel_init)
 <LI><a href="#[32]">plcp_panel_tast</a> from plcp_panel.o(.text.plcp_panel_tast) referenced from plcp_panel.o(.text.plcp_panel_init)
 <LI><a href="#[33]">process_message_queue</a> from plcp_panel.o(.text.process_message_queue) referenced from plcp_panel.o(.text.plcp_panel_init)
 <LI><a href="#[2d]">pwm_hw_fade_update</a> from pwm_hw.o(.text.pwm_hw_fade_update) referenced from pwm_hw.o(.text.app_pwm_hw_init)
 <LI><a href="#[31]">read_adc_value</a> from plcp_panel.o(.text.read_adc_value) referenced from plcp_panel.o(.text.plcp_panel_init)
 <LI><a href="#[2]">realloc</a> from mallocr.o(i.realloc) referenced 2 times from cjson.o(.data.global_hooks)
 <LI><a href="#[34]">timer_curtain_exe</a> from plcp_panel_api.o(.text.timer_curtain_exe) referenced from plcp_panel_api.o(.text.switch_api_button_event_handler)
</UL>
<P>
<H3>
Global Symbols
</H3>
<P><STRONG><a name="[27]"></a>__main</STRONG> (Thumb, 0 bytes, Stack size unknown bytes, entry.o(.ARM.Collect$$$$00000000))
<BR>[Address Reference Count : 1]<UL><LI> startup_gd32e23x.o(.text)
</UL>
<P><STRONG><a name="[1b5]"></a>_main_stk</STRONG> (Thumb, 0 bytes, Stack size unknown bytes, entry2.o(.ARM.Collect$$$$00000001))

<P><STRONG><a name="[38]"></a>_main_scatterload</STRONG> (Thumb, 0 bytes, Stack size unknown bytes, entry5.o(.ARM.Collect$$$$00000004))
<BR><BR>[Calls]<UL><LI><a href="#[39]">&gt;&gt;</a>&nbsp;&nbsp;&nbsp;__scatterload
</UL>

<P><STRONG><a name="[63]"></a>__main_after_scatterload</STRONG> (Thumb, 0 bytes, Stack size unknown bytes, entry5.o(.ARM.Collect$$$$00000004))
<BR><BR>[Called By]<UL><LI><a href="#[39]">&gt;&gt;</a>&nbsp;&nbsp;&nbsp;__scatterload
</UL>

<P><STRONG><a name="[1b6]"></a>_main_clock</STRONG> (Thumb, 0 bytes, Stack size unknown bytes, entry7b.o(.ARM.Collect$$$$00000008))

<P><STRONG><a name="[1b7]"></a>_main_cpp_init</STRONG> (Thumb, 0 bytes, Stack size unknown bytes, entry8b.o(.ARM.Collect$$$$0000000A))

<P><STRONG><a name="[1b8]"></a>_main_init</STRONG> (Thumb, 0 bytes, Stack size unknown bytes, entry9a.o(.ARM.Collect$$$$0000000B))

<P><STRONG><a name="[1b9]"></a>__rt_final_cpp</STRONG> (Thumb, 0 bytes, Stack size unknown bytes, entry10a.o(.ARM.Collect$$$$0000000D))

<P><STRONG><a name="[1ba]"></a>__rt_final_exit</STRONG> (Thumb, 0 bytes, Stack size unknown bytes, entry11a.o(.ARM.Collect$$$$0000000F))

<P><STRONG><a name="[3]"></a>Reset_Handler</STRONG> (Thumb, 34 bytes, Stack size 0 bytes, startup_gd32e23x.o(.text))
<BR>[Address Reference Count : 1]<UL><LI> startup_gd32e23x.o(RESET)
</UL>
<P><STRONG><a name="[14]"></a>ADC_CMP_IRQHandler</STRONG> (Thumb, 0 bytes, Stack size 0 bytes, startup_gd32e23x.o(.text))
<BR><BR>[Calls]<UL><LI><a href="#[14]">&gt;&gt;</a>&nbsp;&nbsp;&nbsp;ADC_CMP_IRQHandler
</UL>
<BR>[Called By]<UL><LI><a href="#[14]">&gt;&gt;</a>&nbsp;&nbsp;&nbsp;ADC_CMP_IRQHandler
</UL>
<BR>[Address Reference Count : 1]<UL><LI> startup_gd32e23x.o(RESET)
</UL>
<P><STRONG><a name="[11]"></a>DMA_Channel0_IRQHandler</STRONG> (Thumb, 0 bytes, Stack size 0 bytes, startup_gd32e23x.o(.text))
<BR>[Address Reference Count : 1]<UL><LI> startup_gd32e23x.o(RESET)
</UL>
<P><STRONG><a name="[13]"></a>DMA_Channel3_4_IRQHandler</STRONG> (Thumb, 0 bytes, Stack size 0 bytes, startup_gd32e23x.o(.text))
<BR>[Address Reference Count : 1]<UL><LI> startup_gd32e23x.o(RESET)
</UL>
<P><STRONG><a name="[e]"></a>EXTI0_1_IRQHandler</STRONG> (Thumb, 0 bytes, Stack size 0 bytes, startup_gd32e23x.o(.text))
<BR>[Address Reference Count : 1]<UL><LI> startup_gd32e23x.o(RESET)
</UL>
<P><STRONG><a name="[f]"></a>EXTI2_3_IRQHandler</STRONG> (Thumb, 0 bytes, Stack size 0 bytes, startup_gd32e23x.o(.text))
<BR>[Address Reference Count : 1]<UL><LI> startup_gd32e23x.o(RESET)
</UL>
<P><STRONG><a name="[c]"></a>FMC_IRQHandler</STRONG> (Thumb, 0 bytes, Stack size 0 bytes, startup_gd32e23x.o(.text))
<BR>[Address Reference Count : 1]<UL><LI> startup_gd32e23x.o(RESET)
</UL>
<P><STRONG><a name="[23]"></a>I2C0_ER_IRQHandler</STRONG> (Thumb, 0 bytes, Stack size 0 bytes, startup_gd32e23x.o(.text))
<BR>[Address Reference Count : 1]<UL><LI> startup_gd32e23x.o(RESET)
</UL>
<P><STRONG><a name="[1d]"></a>I2C0_EV_IRQHandler</STRONG> (Thumb, 0 bytes, Stack size 0 bytes, startup_gd32e23x.o(.text))
<BR>[Address Reference Count : 1]<UL><LI> startup_gd32e23x.o(RESET)
</UL>
<P><STRONG><a name="[24]"></a>I2C1_ER_IRQHandler</STRONG> (Thumb, 0 bytes, Stack size 0 bytes, startup_gd32e23x.o(.text))
<BR>[Address Reference Count : 1]<UL><LI> startup_gd32e23x.o(RESET)
</UL>
<P><STRONG><a name="[1e]"></a>I2C1_EV_IRQHandler</STRONG> (Thumb, 0 bytes, Stack size 0 bytes, startup_gd32e23x.o(.text))
<BR>[Address Reference Count : 1]<UL><LI> startup_gd32e23x.o(RESET)
</UL>
<P><STRONG><a name="[a]"></a>LVD_IRQHandler</STRONG> (Thumb, 0 bytes, Stack size 0 bytes, startup_gd32e23x.o(.text))
<BR>[Address Reference Count : 1]<UL><LI> startup_gd32e23x.o(RESET)
</UL>
<P><STRONG><a name="[d]"></a>RCU_IRQHandler</STRONG> (Thumb, 0 bytes, Stack size 0 bytes, startup_gd32e23x.o(.text))
<BR>[Address Reference Count : 1]<UL><LI> startup_gd32e23x.o(RESET)
</UL>
<P><STRONG><a name="[b]"></a>RTC_IRQHandler</STRONG> (Thumb, 0 bytes, Stack size 0 bytes, startup_gd32e23x.o(.text))
<BR>[Address Reference Count : 1]<UL><LI> startup_gd32e23x.o(RESET)
</UL>
<P><STRONG><a name="[1f]"></a>SPI0_IRQHandler</STRONG> (Thumb, 0 bytes, Stack size 0 bytes, startup_gd32e23x.o(.text))
<BR>[Address Reference Count : 1]<UL><LI> startup_gd32e23x.o(RESET)
</UL>
<P><STRONG><a name="[20]"></a>SPI1_IRQHandler</STRONG> (Thumb, 0 bytes, Stack size 0 bytes, startup_gd32e23x.o(.text))
<BR>[Address Reference Count : 1]<UL><LI> startup_gd32e23x.o(RESET)
</UL>
<P><STRONG><a name="[15]"></a>TIMER0_BRK_UP_TRG_COM_IRQHandler</STRONG> (Thumb, 0 bytes, Stack size 0 bytes, startup_gd32e23x.o(.text))
<BR>[Address Reference Count : 1]<UL><LI> startup_gd32e23x.o(RESET)
</UL>
<P><STRONG><a name="[16]"></a>TIMER0_Channel_IRQHandler</STRONG> (Thumb, 0 bytes, Stack size 0 bytes, startup_gd32e23x.o(.text))
<BR>[Address Reference Count : 1]<UL><LI> startup_gd32e23x.o(RESET)
</UL>
<P><STRONG><a name="[19]"></a>TIMER13_IRQHandler</STRONG> (Thumb, 0 bytes, Stack size 0 bytes, startup_gd32e23x.o(.text))
<BR>[Address Reference Count : 1]<UL><LI> startup_gd32e23x.o(RESET)
</UL>
<P><STRONG><a name="[1c]"></a>TIMER16_IRQHandler</STRONG> (Thumb, 0 bytes, Stack size 0 bytes, startup_gd32e23x.o(.text))
<BR>[Address Reference Count : 1]<UL><LI> startup_gd32e23x.o(RESET)
</UL>
<P><STRONG><a name="[17]"></a>TIMER2_IRQHandler</STRONG> (Thumb, 0 bytes, Stack size 0 bytes, startup_gd32e23x.o(.text))
<BR>[Address Reference Count : 1]<UL><LI> startup_gd32e23x.o(RESET)
</UL>
<P><STRONG><a name="[22]"></a>USART1_IRQHandler</STRONG> (Thumb, 0 bytes, Stack size 0 bytes, startup_gd32e23x.o(.text))
<BR>[Address Reference Count : 1]<UL><LI> startup_gd32e23x.o(RESET)
</UL>
<P><STRONG><a name="[9]"></a>WWDGT_IRQHandler</STRONG> (Thumb, 0 bytes, Stack size 0 bytes, startup_gd32e23x.o(.text))
<BR>[Address Reference Count : 1]<UL><LI> startup_gd32e23x.o(RESET)
</UL>
<P><STRONG><a name="[18a]"></a>tolower</STRONG> (Thumb, 12 bytes, Stack size 0 bytes, tolower.o(.text))
<BR><BR>[Called By]<UL><LI><a href="#[181]">&gt;&gt;</a>&nbsp;&nbsp;&nbsp;get_object_item
</UL>

<P><STRONG><a name="[125]"></a>rand</STRONG> (Thumb, 18 bytes, Stack size 0 bytes, rand.o(.text))
<BR><BR>[Called By]<UL><LI><a href="#[d2]">&gt;&gt;</a>&nbsp;&nbsp;&nbsp;UappsCreateMessage
</UL>

<P><STRONG><a name="[124]"></a>srand</STRONG> (Thumb, 6 bytes, Stack size 0 bytes, rand.o(.text))
<BR><BR>[Called By]<UL><LI><a href="#[d2]">&gt;&gt;</a>&nbsp;&nbsp;&nbsp;UappsCreateMessage
</UL>

<P><STRONG><a name="[87]"></a>__aeabi_memcpy</STRONG> (Thumb, 36 bytes, Stack size 0 bytes, memcpya.o(.text))
<BR><BR>[Called By]<UL><LI><a href="#[c9]">&gt;&gt;</a>&nbsp;&nbsp;&nbsp;APP_TxBuffer_Add
<LI><a href="#[9d]">&gt;&gt;</a>&nbsp;&nbsp;&nbsp;APP_RxBuffer_DeleteFirstMsg
<LI><a href="#[a2]">&gt;&gt;</a>&nbsp;&nbsp;&nbsp;APP_RxBuffer_Add
<LI><a href="#[ca]">&gt;&gt;</a>&nbsp;&nbsp;&nbsp;APP_Tx_ProcessOfACKReceived
<LI><a href="#[10e]">&gt;&gt;</a>&nbsp;&nbsp;&nbsp;cJSON_AddStringToObject
<LI><a href="#[c2]">&gt;&gt;</a>&nbsp;&nbsp;&nbsp;plcp_sdk_api_get_self_mac
<LI><a href="#[b2]">&gt;&gt;</a>&nbsp;&nbsp;&nbsp;APP_Scene_Quit
<LI><a href="#[89]">&gt;&gt;</a>&nbsp;&nbsp;&nbsp;APP_Group_Quit
<LI><a href="#[86]">&gt;&gt;</a>&nbsp;&nbsp;&nbsp;APP_Group_Join
<LI><a href="#[9c]">&gt;&gt;</a>&nbsp;&nbsp;&nbsp;APP_UappsMsgProcessing
<LI><a href="#[ee]">&gt;&gt;</a>&nbsp;&nbsp;&nbsp;PLCP_Load_Widgets
<LI><a href="#[e8]">&gt;&gt;</a>&nbsp;&nbsp;&nbsp;PLCP_Load_AEInfo
<LI><a href="#[eb]">&gt;&gt;</a>&nbsp;&nbsp;&nbsp;PLCP_Load_Product
<LI><a href="#[1a4]">&gt;&gt;</a>&nbsp;&nbsp;&nbsp;switch_api_button_event_handler
<LI><a href="#[ce]">&gt;&gt;</a>&nbsp;&nbsp;&nbsp;RslFromStr
<LI><a href="#[a8]">&gt;&gt;</a>&nbsp;&nbsp;&nbsp;UappsAddFromOption
<LI><a href="#[cd]">&gt;&gt;</a>&nbsp;&nbsp;&nbsp;UappsFromBytes
<LI><a href="#[128]">&gt;&gt;</a>&nbsp;&nbsp;&nbsp;UappsPutOption
<LI><a href="#[d2]">&gt;&gt;</a>&nbsp;&nbsp;&nbsp;UappsCreateMessage
<LI><a href="#[123]">&gt;&gt;</a>&nbsp;&nbsp;&nbsp;uapps_build
<LI><a href="#[10b]">&gt;&gt;</a>&nbsp;&nbsp;&nbsp;plcp_sdk_api_get_cco_mac
<LI><a href="#[108]">&gt;&gt;</a>&nbsp;&nbsp;&nbsp;PLCP_sendBindMsg
<LI><a href="#[19f]">&gt;&gt;</a>&nbsp;&nbsp;&nbsp;print_string_ptr
<LI><a href="#[187]">&gt;&gt;</a>&nbsp;&nbsp;&nbsp;ensure
<LI><a href="#[19e]">&gt;&gt;</a>&nbsp;&nbsp;&nbsp;print_value
<LI><a href="#[184]">&gt;&gt;</a>&nbsp;&nbsp;&nbsp;print
<LI><a href="#[b9]">&gt;&gt;</a>&nbsp;&nbsp;&nbsp;APP_SetScene
<LI><a href="#[1af]">&gt;&gt;</a>&nbsp;&nbsp;&nbsp;internal_alloc
</UL>

<P><STRONG><a name="[126]"></a>__aeabi_memcpy4</STRONG> (Thumb, 0 bytes, Stack size 0 bytes, memcpya.o(.text))
<BR><BR>[Called By]<UL><LI><a href="#[be]">&gt;&gt;</a>&nbsp;&nbsp;&nbsp;UappsDataResponse
<LI><a href="#[a6]">&gt;&gt;</a>&nbsp;&nbsp;&nbsp;UappsSimpleResponse
</UL>

<P><STRONG><a name="[1bb]"></a>__aeabi_memcpy8</STRONG> (Thumb, 0 bytes, Stack size 0 bytes, memcpya.o(.text), UNUSED)

<P><STRONG><a name="[3b]"></a>__aeabi_memset</STRONG> (Thumb, 14 bytes, Stack size 0 bytes, memseta.o(.text))
<BR><BR>[Called By]<UL><LI><a href="#[3c]">&gt;&gt;</a>&nbsp;&nbsp;&nbsp;_memset$wrapper
<LI><a href="#[3a]">&gt;&gt;</a>&nbsp;&nbsp;&nbsp;__aeabi_memclr
</UL>

<P><STRONG><a name="[1bc]"></a>__aeabi_memset4</STRONG> (Thumb, 0 bytes, Stack size 0 bytes, memseta.o(.text), UNUSED)

<P><STRONG><a name="[1bd]"></a>__aeabi_memset8</STRONG> (Thumb, 0 bytes, Stack size 0 bytes, memseta.o(.text), UNUSED)

<P><STRONG><a name="[3a]"></a>__aeabi_memclr</STRONG> (Thumb, 4 bytes, Stack size 0 bytes, memseta.o(.text))
<BR><BR>[Calls]<UL><LI><a href="#[3b]">&gt;&gt;</a>&nbsp;&nbsp;&nbsp;__aeabi_memset
</UL>
<BR>[Called By]<UL><LI><a href="#[d0]">&gt;&gt;</a>&nbsp;&nbsp;&nbsp;Aps_UartMessage
<LI><a href="#[e8]">&gt;&gt;</a>&nbsp;&nbsp;&nbsp;PLCP_Load_AEInfo
<LI><a href="#[be]">&gt;&gt;</a>&nbsp;&nbsp;&nbsp;UappsDataResponse
<LI><a href="#[d6]">&gt;&gt;</a>&nbsp;&nbsp;&nbsp;UappsPutData
<LI><a href="#[b9]">&gt;&gt;</a>&nbsp;&nbsp;&nbsp;APP_SetScene
</UL>

<P><STRONG><a name="[6e]"></a>__aeabi_memclr4</STRONG> (Thumb, 0 bytes, Stack size 0 bytes, memseta.o(.text))
<BR><BR>[Called By]<UL><LI><a href="#[91]">&gt;&gt;</a>&nbsp;&nbsp;&nbsp;APP_TxBuffer_init
<LI><a href="#[92]">&gt;&gt;</a>&nbsp;&nbsp;&nbsp;APP_RxBuffer_init
<LI><a href="#[c5]">&gt;&gt;</a>&nbsp;&nbsp;&nbsp;APP_TOPIC_MSEProcessing
<LI><a href="#[6f]">&gt;&gt;</a>&nbsp;&nbsp;&nbsp;PLCP_GetBindDataInAddBindParam
<LI><a href="#[6b]">&gt;&gt;</a>&nbsp;&nbsp;&nbsp;APP_BIND_Processing
<LI><a href="#[b1]">&gt;&gt;</a>&nbsp;&nbsp;&nbsp;APP_STATE_SCENE_QUIT
<LI><a href="#[af]">&gt;&gt;</a>&nbsp;&nbsp;&nbsp;APP_STATE_SCENE_JOIN
<LI><a href="#[8f]">&gt;&gt;</a>&nbsp;&nbsp;&nbsp;APP_STATE_GROUP_QUIT
<LI><a href="#[8e]">&gt;&gt;</a>&nbsp;&nbsp;&nbsp;APP_STATE_GROUP_JOIN
<LI><a href="#[ac]">&gt;&gt;</a>&nbsp;&nbsp;&nbsp;APP_STATE_OFF_Processing
<LI><a href="#[ae]">&gt;&gt;</a>&nbsp;&nbsp;&nbsp;APP_STATE_ON_Processing
<LI><a href="#[78]">&gt;&gt;</a>&nbsp;&nbsp;&nbsp;APP_SendACK
<LI><a href="#[9c]">&gt;&gt;</a>&nbsp;&nbsp;&nbsp;APP_UappsMsgProcessing
<LI><a href="#[b7]">&gt;&gt;</a>&nbsp;&nbsp;&nbsp;APP_SceneGroupClr
<LI><a href="#[ee]">&gt;&gt;</a>&nbsp;&nbsp;&nbsp;PLCP_Load_Widgets
<LI><a href="#[e8]">&gt;&gt;</a>&nbsp;&nbsp;&nbsp;PLCP_Load_AEInfo
<LI><a href="#[eb]">&gt;&gt;</a>&nbsp;&nbsp;&nbsp;PLCP_Load_Product
<LI><a href="#[d3]">&gt;&gt;</a>&nbsp;&nbsp;&nbsp;CmdTest_MSE_GET_DID
<LI><a href="#[d4]">&gt;&gt;</a>&nbsp;&nbsp;&nbsp;CmdTest_MSE_GET_MAC
<LI><a href="#[a7]">&gt;&gt;</a>&nbsp;&nbsp;&nbsp;UappsGetNodaFromOptionFROM
<LI><a href="#[cd]">&gt;&gt;</a>&nbsp;&nbsp;&nbsp;UappsFromBytes
<LI><a href="#[aa]">&gt;&gt;</a>&nbsp;&nbsp;&nbsp;Uapps2Bytes
<LI><a href="#[109]">&gt;&gt;</a>&nbsp;&nbsp;&nbsp;PLCP_eventReport
<LI><a href="#[108]">&gt;&gt;</a>&nbsp;&nbsp;&nbsp;PLCP_sendBindMsg
</UL>

<P><STRONG><a name="[a9]"></a>__aeabi_memclr8</STRONG> (Thumb, 0 bytes, Stack size 0 bytes, memseta.o(.text))
<BR><BR>[Called By]<UL><LI><a href="#[10e]">&gt;&gt;</a>&nbsp;&nbsp;&nbsp;cJSON_AddStringToObject
<LI><a href="#[10d]">&gt;&gt;</a>&nbsp;&nbsp;&nbsp;cJSON_CreateObject
<LI><a href="#[c5]">&gt;&gt;</a>&nbsp;&nbsp;&nbsp;APP_TOPIC_MSEProcessing
<LI><a href="#[b1]">&gt;&gt;</a>&nbsp;&nbsp;&nbsp;APP_STATE_SCENE_QUIT
<LI><a href="#[af]">&gt;&gt;</a>&nbsp;&nbsp;&nbsp;APP_STATE_SCENE_JOIN
<LI><a href="#[8f]">&gt;&gt;</a>&nbsp;&nbsp;&nbsp;APP_STATE_GROUP_QUIT
<LI><a href="#[8e]">&gt;&gt;</a>&nbsp;&nbsp;&nbsp;APP_STATE_GROUP_JOIN
<LI><a href="#[ac]">&gt;&gt;</a>&nbsp;&nbsp;&nbsp;APP_STATE_OFF_Processing
<LI><a href="#[ae]">&gt;&gt;</a>&nbsp;&nbsp;&nbsp;APP_STATE_ON_Processing
<LI><a href="#[78]">&gt;&gt;</a>&nbsp;&nbsp;&nbsp;APP_SendACK
<LI><a href="#[182]">&gt;&gt;</a>&nbsp;&nbsp;&nbsp;cJSON_ParseWithLengthOpts
<LI><a href="#[193]">&gt;&gt;</a>&nbsp;&nbsp;&nbsp;parse_object
<LI><a href="#[183]">&gt;&gt;</a>&nbsp;&nbsp;&nbsp;parse_value
</UL>

<P><STRONG><a name="[3c]"></a>_memset$wrapper</STRONG> (Thumb, 18 bytes, Stack size 8 bytes, memseta.o(.text), UNUSED)
<BR><BR>[Calls]<UL><LI><a href="#[3b]">&gt;&gt;</a>&nbsp;&nbsp;&nbsp;__aeabi_memset
</UL>

<P><STRONG><a name="[c1]"></a>strstr</STRONG> (Thumb, 40 bytes, Stack size 12 bytes, strstr.o(.text))
<BR><BR>[Stack]<UL><LI>Max Depth = 12<LI>Call Chain = strstr
</UL>
<BR>[Called By]<UL><LI><a href="#[bf]">&gt;&gt;</a>&nbsp;&nbsp;&nbsp;APP_SendRSL
<LI><a href="#[75]">&gt;&gt;</a>&nbsp;&nbsp;&nbsp;PLCP_GetBindData
<LI><a href="#[6f]">&gt;&gt;</a>&nbsp;&nbsp;&nbsp;PLCP_GetBindDataInAddBindParam
<LI><a href="#[ad]">&gt;&gt;</a>&nbsp;&nbsp;&nbsp;PlcSdkCallbackOnOff
<LI><a href="#[108]">&gt;&gt;</a>&nbsp;&nbsp;&nbsp;PLCP_sendBindMsg
</UL>

<P><STRONG><a name="[102]"></a>strncpy</STRONG> (Thumb, 26 bytes, Stack size 8 bytes, strncpy.o(.text))
<BR><BR>[Stack]<UL><LI>Max Depth = 8<LI>Call Chain = strncpy
</UL>
<BR>[Called By]<UL><LI><a href="#[75]">&gt;&gt;</a>&nbsp;&nbsp;&nbsp;PLCP_GetBindData
<LI><a href="#[6f]">&gt;&gt;</a>&nbsp;&nbsp;&nbsp;PLCP_GetBindDataInAddBindParam
<LI><a href="#[150]">&gt;&gt;</a>&nbsp;&nbsp;&nbsp;app_timer_start
<LI><a href="#[112]">&gt;&gt;</a>&nbsp;&nbsp;&nbsp;RslFromBytes
</UL>

<P><STRONG><a name="[101]"></a>strchr</STRONG> (Thumb, 20 bytes, Stack size 0 bytes, strchr.o(.text))
<BR><BR>[Called By]<UL><LI><a href="#[75]">&gt;&gt;</a>&nbsp;&nbsp;&nbsp;PLCP_GetBindData
<LI><a href="#[6f]">&gt;&gt;</a>&nbsp;&nbsp;&nbsp;PLCP_GetBindDataInAddBindParam
<LI><a href="#[ce]">&gt;&gt;</a>&nbsp;&nbsp;&nbsp;RslFromStr
<LI><a href="#[108]">&gt;&gt;</a>&nbsp;&nbsp;&nbsp;PLCP_sendBindMsg
<LI><a href="#[103]">&gt;&gt;</a>&nbsp;&nbsp;&nbsp;kjToEventSEAndAEI
</UL>

<P><STRONG><a name="[7a]"></a>strlen</STRONG> (Thumb, 14 bytes, Stack size 0 bytes, strlen.o(.text))
<BR><BR>[Called By]<UL><LI><a href="#[10e]">&gt;&gt;</a>&nbsp;&nbsp;&nbsp;cJSON_AddStringToObject
<LI><a href="#[80]">&gt;&gt;</a>&nbsp;&nbsp;&nbsp;APP_Device_SceneClose
<LI><a href="#[83]">&gt;&gt;</a>&nbsp;&nbsp;&nbsp;APP_Device_SceneStart
<LI><a href="#[79]">&gt;&gt;</a>&nbsp;&nbsp;&nbsp;APP_Device_GroupClose
<LI><a href="#[7e]">&gt;&gt;</a>&nbsp;&nbsp;&nbsp;APP_Device_GroupState
<LI><a href="#[75]">&gt;&gt;</a>&nbsp;&nbsp;&nbsp;PLCP_GetBindData
<LI><a href="#[6c]">&gt;&gt;</a>&nbsp;&nbsp;&nbsp;PLCP_CountBindDataInAddBindParam
<LI><a href="#[c0]">&gt;&gt;</a>&nbsp;&nbsp;&nbsp;Uapps_PackRSLWithFromMsg
<LI><a href="#[ee]">&gt;&gt;</a>&nbsp;&nbsp;&nbsp;PLCP_Load_Widgets
<LI><a href="#[e8]">&gt;&gt;</a>&nbsp;&nbsp;&nbsp;PLCP_Load_AEInfo
<LI><a href="#[eb]">&gt;&gt;</a>&nbsp;&nbsp;&nbsp;PLCP_Load_Product
<LI><a href="#[150]">&gt;&gt;</a>&nbsp;&nbsp;&nbsp;app_timer_start
<LI><a href="#[ce]">&gt;&gt;</a>&nbsp;&nbsp;&nbsp;RslFromStr
<LI><a href="#[112]">&gt;&gt;</a>&nbsp;&nbsp;&nbsp;RslFromBytes
<LI><a href="#[a7]">&gt;&gt;</a>&nbsp;&nbsp;&nbsp;UappsGetNodaFromOptionFROM
<LI><a href="#[a8]">&gt;&gt;</a>&nbsp;&nbsp;&nbsp;UappsAddFromOption
<LI><a href="#[114]">&gt;&gt;</a>&nbsp;&nbsp;&nbsp;hexTostr
<LI><a href="#[d2]">&gt;&gt;</a>&nbsp;&nbsp;&nbsp;UappsCreateMessage
<LI><a href="#[109]">&gt;&gt;</a>&nbsp;&nbsp;&nbsp;PLCP_eventReport
<LI><a href="#[108]">&gt;&gt;</a>&nbsp;&nbsp;&nbsp;PLCP_sendBindMsg
<LI><a href="#[103]">&gt;&gt;</a>&nbsp;&nbsp;&nbsp;kjToEventSEAndAEI
<LI><a href="#[f8]">&gt;&gt;</a>&nbsp;&nbsp;&nbsp;cJSON_Parse
<LI><a href="#[19e]">&gt;&gt;</a>&nbsp;&nbsp;&nbsp;print_value
<LI><a href="#[184]">&gt;&gt;</a>&nbsp;&nbsp;&nbsp;print
</UL>

<P><STRONG><a name="[8d]"></a>strcmp</STRONG> (Thumb, 28 bytes, Stack size 8 bytes, strcmp.o(.text))
<BR><BR>[Stack]<UL><LI>Max Depth = 8<LI>Call Chain = strcmp
</UL>
<BR>[Called By]<UL><LI><a href="#[bb]">&gt;&gt;</a>&nbsp;&nbsp;&nbsp;APP_Scene_TOPIC_MSEProcessing
<LI><a href="#[8a]">&gt;&gt;</a>&nbsp;&nbsp;&nbsp;APP_Group_TOPIC_MSEProcessing
<LI><a href="#[c5]">&gt;&gt;</a>&nbsp;&nbsp;&nbsp;APP_TOPIC_MSEProcessing
<LI><a href="#[77]">&gt;&gt;</a>&nbsp;&nbsp;&nbsp;PLCP_bindTableDelet
<LI><a href="#[75]">&gt;&gt;</a>&nbsp;&nbsp;&nbsp;PLCP_GetBindData
<LI><a href="#[74]">&gt;&gt;</a>&nbsp;&nbsp;&nbsp;PLCP_bindTableDeletByAEI
<LI><a href="#[70]">&gt;&gt;</a>&nbsp;&nbsp;&nbsp;PLCP_bindTableWrite
<LI><a href="#[109]">&gt;&gt;</a>&nbsp;&nbsp;&nbsp;PLCP_eventReport
<LI><a href="#[104]">&gt;&gt;</a>&nbsp;&nbsp;&nbsp;PLCP_bindTableRead
<LI><a href="#[155]">&gt;&gt;</a>&nbsp;&nbsp;&nbsp;find_timer_by_name
<LI><a href="#[181]">&gt;&gt;</a>&nbsp;&nbsp;&nbsp;get_object_item
</UL>

<P><STRONG><a name="[cf]"></a>memcmp</STRONG> (Thumb, 26 bytes, Stack size 12 bytes, memcmp.o(.text))
<BR><BR>[Stack]<UL><LI>Max Depth = 12<LI>Call Chain = memcmp
</UL>
<BR>[Called By]<UL><LI><a href="#[9c]">&gt;&gt;</a>&nbsp;&nbsp;&nbsp;APP_UappsMsgProcessing
</UL>

<P><STRONG><a name="[106]"></a>strcpy</STRONG> (Thumb, 18 bytes, Stack size 0 bytes, strcpy.o(.text))
<BR><BR>[Called By]<UL><LI><a href="#[76]">&gt;&gt;</a>&nbsp;&nbsp;&nbsp;PLCP_GetEventInDelBindParam
<LI><a href="#[70]">&gt;&gt;</a>&nbsp;&nbsp;&nbsp;PLCP_bindTableWrite
<LI><a href="#[c0]">&gt;&gt;</a>&nbsp;&nbsp;&nbsp;Uapps_PackRSLWithFromMsg
<LI><a href="#[ce]">&gt;&gt;</a>&nbsp;&nbsp;&nbsp;RslFromStr
<LI><a href="#[112]">&gt;&gt;</a>&nbsp;&nbsp;&nbsp;RslFromBytes
<LI><a href="#[a7]">&gt;&gt;</a>&nbsp;&nbsp;&nbsp;UappsGetNodaFromOptionFROM
<LI><a href="#[114]">&gt;&gt;</a>&nbsp;&nbsp;&nbsp;hexTostr
<LI><a href="#[109]">&gt;&gt;</a>&nbsp;&nbsp;&nbsp;PLCP_eventReport
<LI><a href="#[103]">&gt;&gt;</a>&nbsp;&nbsp;&nbsp;kjToEventSEAndAEI
</UL>

<P><STRONG><a name="[b8]"></a>strncmp</STRONG> (Thumb, 30 bytes, Stack size 12 bytes, strncmp.o(.text))
<BR><BR>[Stack]<UL><LI>Max Depth = 12<LI>Call Chain = strncmp
</UL>
<BR>[Called By]<UL><LI><a href="#[ba]">&gt;&gt;</a>&nbsp;&nbsp;&nbsp;APP_Scene_List
<LI><a href="#[b2]">&gt;&gt;</a>&nbsp;&nbsp;&nbsp;APP_Scene_Quit
<LI><a href="#[b0]">&gt;&gt;</a>&nbsp;&nbsp;&nbsp;APP_Scene_Join
<LI><a href="#[183]">&gt;&gt;</a>&nbsp;&nbsp;&nbsp;parse_value
</UL>

<P><STRONG><a name="[105]"></a>strpbrk</STRONG> (Thumb, 32 bytes, Stack size 8 bytes, strpbrk.o(.text))
<BR><BR>[Stack]<UL><LI>Max Depth = 8<LI>Call Chain = strpbrk
</UL>
<BR>[Called By]<UL><LI><a href="#[6f]">&gt;&gt;</a>&nbsp;&nbsp;&nbsp;PLCP_GetBindDataInAddBindParam
</UL>

<P><STRONG><a name="[3d]"></a>__0sscanf</STRONG> (Thumb, 50 bytes, Stack size 72 bytes, __0sscanf.o(.text))
<BR><BR>[Stack]<UL><LI>Max Depth = 264<LI>Call Chain = __0sscanf &rArr; __vfscanf_char &rArr; __vfscanf &rArr; _scanf_real
</UL>
<BR>[Calls]<UL><LI><a href="#[3e]">&gt;&gt;</a>&nbsp;&nbsp;&nbsp;__vfscanf_char
</UL>
<BR>[Called By]<UL><LI><a href="#[19e]">&gt;&gt;</a>&nbsp;&nbsp;&nbsp;print_value
</UL>

<P><STRONG><a name="[5d]"></a>_scanf_real</STRONG> (Thumb, 0 bytes, Stack size 104 bytes, scanf_fp.o(.text))
<BR><BR>[Stack]<UL><LI>Max Depth = 104<LI>Call Chain = _scanf_real
</UL>
<BR>[Called By]<UL><LI><a href="#[5b]">&gt;&gt;</a>&nbsp;&nbsp;&nbsp;__vfscanf
<LI><a href="#[5c]">&gt;&gt;</a>&nbsp;&nbsp;&nbsp;_local_sscanf
</UL>

<P><STRONG><a name="[44]"></a>_scanf_really_real</STRONG> (Thumb, 584 bytes, Stack size 104 bytes, scanf_fp.o(.text), UNUSED)
<BR><BR>[Calls]<UL><LI><a href="#[46]">&gt;&gt;</a>&nbsp;&nbsp;&nbsp;__aeabi_d2f
<LI><a href="#[45]">&gt;&gt;</a>&nbsp;&nbsp;&nbsp;_is_digit
<LI><a href="#[3f]">&gt;&gt;</a>&nbsp;&nbsp;&nbsp;_fp_value
</UL>

<P><STRONG><a name="[47]"></a>atol</STRONG> (Thumb, 26 bytes, Stack size 16 bytes, atol.o(.text))
<BR><BR>[Stack]<UL><LI>Max Depth = 88<LI>Call Chain = atol &rArr; strtol &rArr; _strtoul
</UL>
<BR>[Calls]<UL><LI><a href="#[49]">&gt;&gt;</a>&nbsp;&nbsp;&nbsp;strtol
<LI><a href="#[48]">&gt;&gt;</a>&nbsp;&nbsp;&nbsp;__aeabi_errno_addr
</UL>
<BR>[Called By]<UL><LI><a href="#[ce]">&gt;&gt;</a>&nbsp;&nbsp;&nbsp;RslFromStr
<LI><a href="#[103]">&gt;&gt;</a>&nbsp;&nbsp;&nbsp;kjToEventSEAndAEI
</UL>

<P><STRONG><a name="[4a]"></a>__aeabi_fadd</STRONG> (Thumb, 162 bytes, Stack size 24 bytes, fadd.o(.text))
<BR><BR>[Stack]<UL><LI>Max Depth = 36<LI>Call Chain = __aeabi_fadd &rArr; _float_epilogue
</UL>
<BR>[Calls]<UL><LI><a href="#[4c]">&gt;&gt;</a>&nbsp;&nbsp;&nbsp;_float_round
<LI><a href="#[4b]">&gt;&gt;</a>&nbsp;&nbsp;&nbsp;_float_epilogue
</UL>
<BR>[Called By]<UL><LI><a href="#[4d]">&gt;&gt;</a>&nbsp;&nbsp;&nbsp;__aeabi_fsub
<LI><a href="#[4e]">&gt;&gt;</a>&nbsp;&nbsp;&nbsp;__aeabi_frsub
</UL>

<P><STRONG><a name="[4d]"></a>__aeabi_fsub</STRONG> (Thumb, 8 bytes, Stack size 0 bytes, fadd.o(.text))
<BR><BR>[Stack]<UL><LI>Max Depth = 36<LI>Call Chain = __aeabi_fsub &rArr; __aeabi_fadd &rArr; _float_epilogue
</UL>
<BR>[Calls]<UL><LI><a href="#[4a]">&gt;&gt;</a>&nbsp;&nbsp;&nbsp;__aeabi_fadd
</UL>
<BR>[Called By]<UL><LI><a href="#[185]">&gt;&gt;</a>&nbsp;&nbsp;&nbsp;light_execute
</UL>

<P><STRONG><a name="[4e]"></a>__aeabi_frsub</STRONG> (Thumb, 8 bytes, Stack size 0 bytes, fadd.o(.text), UNUSED)
<BR><BR>[Calls]<UL><LI><a href="#[4a]">&gt;&gt;</a>&nbsp;&nbsp;&nbsp;__aeabi_fadd
</UL>

<P><STRONG><a name="[18c]"></a>__aeabi_fmul</STRONG> (Thumb, 122 bytes, Stack size 16 bytes, fmul.o(.text))
<BR><BR>[Stack]<UL><LI>Max Depth = 16<LI>Call Chain = __aeabi_fmul
</UL>
<BR>[Called By]<UL><LI><a href="#[185]">&gt;&gt;</a>&nbsp;&nbsp;&nbsp;light_execute
</UL>

<P><STRONG><a name="[4f]"></a>__aeabi_fdiv</STRONG> (Thumb, 124 bytes, Stack size 16 bytes, fdiv.o(.text))
<BR><BR>[Stack]<UL><LI>Max Depth = 16<LI>Call Chain = __aeabi_fdiv
</UL>
<BR>[Calls]<UL><LI><a href="#[4c]">&gt;&gt;</a>&nbsp;&nbsp;&nbsp;_float_round
</UL>
<BR>[Called By]<UL><LI><a href="#[185]">&gt;&gt;</a>&nbsp;&nbsp;&nbsp;light_execute
</UL>

<P><STRONG><a name="[50]"></a>__aeabi_dadd</STRONG> (Thumb, 328 bytes, Stack size 48 bytes, dadd.o(.text))
<BR><BR>[Stack]<UL><LI>Max Depth = 104<LI>Call Chain = __aeabi_dadd &rArr; _double_epilogue &rArr; __aeabi_llsr
</UL>
<BR>[Calls]<UL><LI><a href="#[52]">&gt;&gt;</a>&nbsp;&nbsp;&nbsp;__aeabi_lasr
<LI><a href="#[51]">&gt;&gt;</a>&nbsp;&nbsp;&nbsp;__aeabi_llsl
<LI><a href="#[54]">&gt;&gt;</a>&nbsp;&nbsp;&nbsp;_double_round
<LI><a href="#[53]">&gt;&gt;</a>&nbsp;&nbsp;&nbsp;_double_epilogue
</UL>
<BR>[Called By]<UL><LI><a href="#[55]">&gt;&gt;</a>&nbsp;&nbsp;&nbsp;__aeabi_dsub
<LI><a href="#[1b0]">&gt;&gt;</a>&nbsp;&nbsp;&nbsp;_fp_digits
<LI><a href="#[56]">&gt;&gt;</a>&nbsp;&nbsp;&nbsp;__aeabi_drsub
</UL>

<P><STRONG><a name="[55]"></a>__aeabi_dsub</STRONG> (Thumb, 12 bytes, Stack size 8 bytes, dadd.o(.text))
<BR><BR>[Stack]<UL><LI>Max Depth = 112<LI>Call Chain = __aeabi_dsub &rArr; __aeabi_dadd &rArr; _double_epilogue &rArr; __aeabi_llsr
</UL>
<BR>[Calls]<UL><LI><a href="#[50]">&gt;&gt;</a>&nbsp;&nbsp;&nbsp;__aeabi_dadd
</UL>
<BR>[Called By]<UL><LI><a href="#[19e]">&gt;&gt;</a>&nbsp;&nbsp;&nbsp;print_value
</UL>

<P><STRONG><a name="[56]"></a>__aeabi_drsub</STRONG> (Thumb, 12 bytes, Stack size 8 bytes, dadd.o(.text), UNUSED)
<BR><BR>[Calls]<UL><LI><a href="#[50]">&gt;&gt;</a>&nbsp;&nbsp;&nbsp;__aeabi_dadd
</UL>

<P><STRONG><a name="[42]"></a>__aeabi_dmul</STRONG> (Thumb, 202 bytes, Stack size 72 bytes, dmul.o(.text))
<BR><BR>[Stack]<UL><LI>Max Depth = 128<LI>Call Chain = __aeabi_dmul &rArr; _double_epilogue &rArr; __aeabi_llsr
</UL>
<BR>[Calls]<UL><LI><a href="#[53]">&gt;&gt;</a>&nbsp;&nbsp;&nbsp;_double_epilogue
</UL>
<BR>[Called By]<UL><LI><a href="#[19e]">&gt;&gt;</a>&nbsp;&nbsp;&nbsp;print_value
<LI><a href="#[1b0]">&gt;&gt;</a>&nbsp;&nbsp;&nbsp;_fp_digits
<LI><a href="#[3f]">&gt;&gt;</a>&nbsp;&nbsp;&nbsp;_fp_value
</UL>

<P><STRONG><a name="[199]"></a>__aeabi_dcmple</STRONG> (Thumb, 44 bytes, Stack size 8 bytes, dcmple.o(.text))
<BR><BR>[Stack]<UL><LI>Max Depth = 8<LI>Call Chain = __aeabi_dcmple
</UL>
<BR>[Called By]<UL><LI><a href="#[19e]">&gt;&gt;</a>&nbsp;&nbsp;&nbsp;print_value
<LI><a href="#[183]">&gt;&gt;</a>&nbsp;&nbsp;&nbsp;parse_value
</UL>

<P><STRONG><a name="[198]"></a>__aeabi_dcmpge</STRONG> (Thumb, 44 bytes, Stack size 8 bytes, dcmpge.o(.text))
<BR><BR>[Stack]<UL><LI>Max Depth = 8<LI>Call Chain = __aeabi_dcmpge
</UL>
<BR>[Called By]<UL><LI><a href="#[183]">&gt;&gt;</a>&nbsp;&nbsp;&nbsp;parse_value
</UL>

<P><STRONG><a name="[1a0]"></a>__aeabi_dcmpgt</STRONG> (Thumb, 44 bytes, Stack size 8 bytes, dcmpgt.o(.text))
<BR><BR>[Stack]<UL><LI>Max Depth = 8<LI>Call Chain = __aeabi_dcmpgt
</UL>
<BR>[Called By]<UL><LI><a href="#[19e]">&gt;&gt;</a>&nbsp;&nbsp;&nbsp;print_value
</UL>

<P><STRONG><a name="[57]"></a>__aeabi_ui2f</STRONG> (Thumb, 14 bytes, Stack size 8 bytes, ffltui.o(.text))
<BR><BR>[Stack]<UL><LI>Max Depth = 20<LI>Call Chain = __aeabi_ui2f &rArr; _float_epilogue
</UL>
<BR>[Calls]<UL><LI><a href="#[4b]">&gt;&gt;</a>&nbsp;&nbsp;&nbsp;_float_epilogue
</UL>
<BR>[Called By]<UL><LI><a href="#[185]">&gt;&gt;</a>&nbsp;&nbsp;&nbsp;light_execute
</UL>

<P><STRONG><a name="[18d]"></a>__aeabi_f2iz</STRONG> (Thumb, 50 bytes, Stack size 0 bytes, ffixi.o(.text))
<BR><BR>[Called By]<UL><LI><a href="#[185]">&gt;&gt;</a>&nbsp;&nbsp;&nbsp;light_execute
</UL>

<P><STRONG><a name="[58]"></a>__aeabi_d2iz</STRONG> (Thumb, 62 bytes, Stack size 16 bytes, dfixi.o(.text))
<BR><BR>[Stack]<UL><LI>Max Depth = 24<LI>Call Chain = __aeabi_d2iz &rArr; __aeabi_llsr
</UL>
<BR>[Calls]<UL><LI><a href="#[59]">&gt;&gt;</a>&nbsp;&nbsp;&nbsp;__aeabi_llsr
</UL>
<BR>[Called By]<UL><LI><a href="#[183]">&gt;&gt;</a>&nbsp;&nbsp;&nbsp;parse_value
</UL>

<P><STRONG><a name="[5a]"></a>__aeabi_uldivmod</STRONG> (Thumb, 96 bytes, Stack size 48 bytes, uldiv.o(.text), UNUSED)
<BR><BR>[Calls]<UL><LI><a href="#[59]">&gt;&gt;</a>&nbsp;&nbsp;&nbsp;__aeabi_llsr
<LI><a href="#[51]">&gt;&gt;</a>&nbsp;&nbsp;&nbsp;__aeabi_llsl
</UL>
<BR>[Called By]<UL><LI><a href="#[1ac]">&gt;&gt;</a>&nbsp;&nbsp;&nbsp;_printf_core
<LI><a href="#[1b0]">&gt;&gt;</a>&nbsp;&nbsp;&nbsp;_fp_digits
</UL>

<P><STRONG><a name="[40]"></a>__aeabi_lmul</STRONG> (Thumb, 48 bytes, Stack size 12 bytes, llmul.o(.text), UNUSED)
<BR><BR>[Called By]<UL><LI><a href="#[3f]">&gt;&gt;</a>&nbsp;&nbsp;&nbsp;_fp_value
</UL>

<P><STRONG><a name="[1be]"></a>_ll_mul</STRONG> (Thumb, 0 bytes, Stack size 12 bytes, llmul.o(.text), UNUSED)

<P><STRONG><a name="[51]"></a>__aeabi_llsl</STRONG> (Thumb, 32 bytes, Stack size 8 bytes, llshl.o(.text))
<BR><BR>[Stack]<UL><LI>Max Depth = 8<LI>Call Chain = __aeabi_llsl
</UL>
<BR>[Called By]<UL><LI><a href="#[5a]">&gt;&gt;</a>&nbsp;&nbsp;&nbsp;__aeabi_uldivmod
<LI><a href="#[53]">&gt;&gt;</a>&nbsp;&nbsp;&nbsp;_double_epilogue
<LI><a href="#[50]">&gt;&gt;</a>&nbsp;&nbsp;&nbsp;__aeabi_dadd
<LI><a href="#[62]">&gt;&gt;</a>&nbsp;&nbsp;&nbsp;__aeabi_d2ulz
</UL>

<P><STRONG><a name="[1bf]"></a>_ll_shift_l</STRONG> (Thumb, 0 bytes, Stack size 8 bytes, llshl.o(.text), UNUSED)

<P><STRONG><a name="[59]"></a>__aeabi_llsr</STRONG> (Thumb, 34 bytes, Stack size 8 bytes, llushr.o(.text))
<BR><BR>[Stack]<UL><LI>Max Depth = 8<LI>Call Chain = __aeabi_llsr
</UL>
<BR>[Called By]<UL><LI><a href="#[58]">&gt;&gt;</a>&nbsp;&nbsp;&nbsp;__aeabi_d2iz
<LI><a href="#[5a]">&gt;&gt;</a>&nbsp;&nbsp;&nbsp;__aeabi_uldivmod
<LI><a href="#[53]">&gt;&gt;</a>&nbsp;&nbsp;&nbsp;_double_epilogue
<LI><a href="#[62]">&gt;&gt;</a>&nbsp;&nbsp;&nbsp;__aeabi_d2ulz
</UL>

<P><STRONG><a name="[1c0]"></a>_ll_ushift_r</STRONG> (Thumb, 0 bytes, Stack size 8 bytes, llushr.o(.text), UNUSED)

<P><STRONG><a name="[52]"></a>__aeabi_lasr</STRONG> (Thumb, 38 bytes, Stack size 8 bytes, llsshr.o(.text))
<BR><BR>[Stack]<UL><LI>Max Depth = 8<LI>Call Chain = __aeabi_lasr
</UL>
<BR>[Called By]<UL><LI><a href="#[50]">&gt;&gt;</a>&nbsp;&nbsp;&nbsp;__aeabi_dadd
</UL>

<P><STRONG><a name="[1c1]"></a>_ll_sshift_r</STRONG> (Thumb, 0 bytes, Stack size 8 bytes, llsshr.o(.text), UNUSED)

<P><STRONG><a name="[3e]"></a>__vfscanf_char</STRONG> (Thumb, 24 bytes, Stack size 8 bytes, scanf_char.o(.text))
<BR><BR>[Stack]<UL><LI>Max Depth = 192<LI>Call Chain = __vfscanf_char &rArr; __vfscanf &rArr; _scanf_real
</UL>
<BR>[Calls]<UL><LI><a href="#[5b]">&gt;&gt;</a>&nbsp;&nbsp;&nbsp;__vfscanf
</UL>
<BR>[Called By]<UL><LI><a href="#[3d]">&gt;&gt;</a>&nbsp;&nbsp;&nbsp;__0sscanf
</UL>

<P><STRONG><a name="[28]"></a>_sgetc</STRONG> (Thumb, 32 bytes, Stack size 0 bytes, _sgetc.o(.text))
<BR>[Address Reference Count : 2]<UL><LI> __0sscanf.o(.text)
<LI> strtod.o(.text)
</UL>
<P><STRONG><a name="[29]"></a>_sbackspace</STRONG> (Thumb, 36 bytes, Stack size 0 bytes, _sgetc.o(.text))
<BR>[Address Reference Count : 2]<UL><LI> __0sscanf.o(.text)
<LI> strtod.o(.text)
</UL>
<P><STRONG><a name="[5e]"></a>__strtod_int</STRONG> (Thumb, 98 bytes, Stack size 40 bytes, strtod.o(.text))
<BR><BR>[Stack]<UL><LI>Max Depth = 200<LI>Call Chain = __strtod_int &rArr; _local_sscanf &rArr; _scanf_real
</UL>
<BR>[Calls]<UL><LI><a href="#[5c]">&gt;&gt;</a>&nbsp;&nbsp;&nbsp;_local_sscanf
</UL>
<BR>[Called By]<UL><LI><a href="#[197]">&gt;&gt;</a>&nbsp;&nbsp;&nbsp;strtod
</UL>

<P><STRONG><a name="[49]"></a>strtol</STRONG> (Thumb, 108 bytes, Stack size 32 bytes, strtol.o(.text))
<BR><BR>[Stack]<UL><LI>Max Depth = 72<LI>Call Chain = strtol &rArr; _strtoul
</UL>
<BR>[Calls]<UL><LI><a href="#[60]">&gt;&gt;</a>&nbsp;&nbsp;&nbsp;_strtoul
<LI><a href="#[5f]">&gt;&gt;</a>&nbsp;&nbsp;&nbsp;__rt_ctype_table
<LI><a href="#[48]">&gt;&gt;</a>&nbsp;&nbsp;&nbsp;__aeabi_errno_addr
</UL>
<BR>[Called By]<UL><LI><a href="#[47]">&gt;&gt;</a>&nbsp;&nbsp;&nbsp;atol
</UL>

<P><STRONG><a name="[1c2]"></a>__I$use$fp</STRONG> (Thumb, 0 bytes, Stack size 0 bytes, iusefp.o(.text), UNUSED)

<P><STRONG><a name="[4c]"></a>_float_round</STRONG> (Thumb, 16 bytes, Stack size 0 bytes, fepilogue.o(.text))
<BR><BR>[Called By]<UL><LI><a href="#[4f]">&gt;&gt;</a>&nbsp;&nbsp;&nbsp;__aeabi_fdiv
<LI><a href="#[4a]">&gt;&gt;</a>&nbsp;&nbsp;&nbsp;__aeabi_fadd
<LI><a href="#[46]">&gt;&gt;</a>&nbsp;&nbsp;&nbsp;__aeabi_d2f
</UL>

<P><STRONG><a name="[4b]"></a>_float_epilogue</STRONG> (Thumb, 114 bytes, Stack size 12 bytes, fepilogue.o(.text))
<BR><BR>[Stack]<UL><LI>Max Depth = 12<LI>Call Chain = _float_epilogue
</UL>
<BR>[Called By]<UL><LI><a href="#[57]">&gt;&gt;</a>&nbsp;&nbsp;&nbsp;__aeabi_ui2f
<LI><a href="#[4a]">&gt;&gt;</a>&nbsp;&nbsp;&nbsp;__aeabi_fadd
</UL>

<P><STRONG><a name="[54]"></a>_double_round</STRONG> (Thumb, 26 bytes, Stack size 8 bytes, depilogue.o(.text))
<BR><BR>[Stack]<UL><LI>Max Depth = 8<LI>Call Chain = _double_round
</UL>
<BR>[Called By]<UL><LI><a href="#[53]">&gt;&gt;</a>&nbsp;&nbsp;&nbsp;_double_epilogue
<LI><a href="#[43]">&gt;&gt;</a>&nbsp;&nbsp;&nbsp;__aeabi_ddiv
<LI><a href="#[50]">&gt;&gt;</a>&nbsp;&nbsp;&nbsp;__aeabi_dadd
</UL>

<P><STRONG><a name="[53]"></a>_double_epilogue</STRONG> (Thumb, 164 bytes, Stack size 48 bytes, depilogue.o(.text))
<BR><BR>[Stack]<UL><LI>Max Depth = 56<LI>Call Chain = _double_epilogue &rArr; __aeabi_llsr
</UL>
<BR>[Calls]<UL><LI><a href="#[61]">&gt;&gt;</a>&nbsp;&nbsp;&nbsp;__ARM_clz
<LI><a href="#[59]">&gt;&gt;</a>&nbsp;&nbsp;&nbsp;__aeabi_llsr
<LI><a href="#[51]">&gt;&gt;</a>&nbsp;&nbsp;&nbsp;__aeabi_llsl
<LI><a href="#[54]">&gt;&gt;</a>&nbsp;&nbsp;&nbsp;_double_round
</UL>
<BR>[Called By]<UL><LI><a href="#[42]">&gt;&gt;</a>&nbsp;&nbsp;&nbsp;__aeabi_dmul
<LI><a href="#[41]">&gt;&gt;</a>&nbsp;&nbsp;&nbsp;__aeabi_ul2d
<LI><a href="#[50]">&gt;&gt;</a>&nbsp;&nbsp;&nbsp;__aeabi_dadd
</UL>

<P><STRONG><a name="[43]"></a>__aeabi_ddiv</STRONG> (Thumb, 234 bytes, Stack size 40 bytes, ddiv.o(.text), UNUSED)
<BR><BR>[Calls]<UL><LI><a href="#[54]">&gt;&gt;</a>&nbsp;&nbsp;&nbsp;_double_round
</UL>
<BR>[Called By]<UL><LI><a href="#[1b0]">&gt;&gt;</a>&nbsp;&nbsp;&nbsp;_fp_digits
<LI><a href="#[3f]">&gt;&gt;</a>&nbsp;&nbsp;&nbsp;_fp_value
</UL>

<P><STRONG><a name="[41]"></a>__aeabi_ul2d</STRONG> (Thumb, 22 bytes, Stack size 16 bytes, dfltul.o(.text), UNUSED)
<BR><BR>[Calls]<UL><LI><a href="#[53]">&gt;&gt;</a>&nbsp;&nbsp;&nbsp;_double_epilogue
</UL>
<BR>[Called By]<UL><LI><a href="#[3f]">&gt;&gt;</a>&nbsp;&nbsp;&nbsp;_fp_value
</UL>

<P><STRONG><a name="[62]"></a>__aeabi_d2ulz</STRONG> (Thumb, 54 bytes, Stack size 8 bytes, dfixul.o(.text), UNUSED)
<BR><BR>[Calls]<UL><LI><a href="#[59]">&gt;&gt;</a>&nbsp;&nbsp;&nbsp;__aeabi_llsr
<LI><a href="#[51]">&gt;&gt;</a>&nbsp;&nbsp;&nbsp;__aeabi_llsl
</UL>
<BR>[Called By]<UL><LI><a href="#[1b0]">&gt;&gt;</a>&nbsp;&nbsp;&nbsp;_fp_digits
</UL>

<P><STRONG><a name="[1b1]"></a>__aeabi_cdrcmple</STRONG> (Thumb, 38 bytes, Stack size 0 bytes, cdrcmple.o(.text), UNUSED)
<BR><BR>[Called By]<UL><LI><a href="#[1b0]">&gt;&gt;</a>&nbsp;&nbsp;&nbsp;_fp_digits
</UL>

<P><STRONG><a name="[46]"></a>__aeabi_d2f</STRONG> (Thumb, 56 bytes, Stack size 8 bytes, d2f.o(.text), UNUSED)
<BR><BR>[Calls]<UL><LI><a href="#[4c]">&gt;&gt;</a>&nbsp;&nbsp;&nbsp;_float_round
</UL>
<BR>[Called By]<UL><LI><a href="#[44]">&gt;&gt;</a>&nbsp;&nbsp;&nbsp;_scanf_really_real
</UL>

<P><STRONG><a name="[39]"></a>__scatterload</STRONG> (Thumb, 38 bytes, Stack size 0 bytes, init.o(.text))
<BR><BR>[Calls]<UL><LI><a href="#[63]">&gt;&gt;</a>&nbsp;&nbsp;&nbsp;__main_after_scatterload
</UL>
<BR>[Called By]<UL><LI><a href="#[38]">&gt;&gt;</a>&nbsp;&nbsp;&nbsp;_main_scatterload
</UL>

<P><STRONG><a name="[1c3]"></a>__scatterload_rt2</STRONG> (Thumb, 0 bytes, Stack size 0 bytes, init.o(.text), UNUSED)

<P><STRONG><a name="[1c4]"></a>__aeabi_uidiv$div0</STRONG> (Thumb, 0 bytes, Stack size 16 bytes, uidiv_div0.o(.text), UNUSED)

<P><STRONG><a name="[1b4]"></a>__aeabi_uidivmod</STRONG> (Thumb, 62 bytes, Stack size 16 bytes, uidiv_div0.o(.text), UNUSED)
<BR><BR>[Called By]<UL><LI><a href="#[1ac]">&gt;&gt;</a>&nbsp;&nbsp;&nbsp;_printf_core
</UL>

<P><STRONG><a name="[5f]"></a>__rt_ctype_table</STRONG> (Thumb, 4 bytes, Stack size 0 bytes, ctype_o.o(.text))
<BR><BR>[Called By]<UL><LI><a href="#[2b]">&gt;&gt;</a>&nbsp;&nbsp;&nbsp;isspace
<LI><a href="#[49]">&gt;&gt;</a>&nbsp;&nbsp;&nbsp;strtol
</UL>

<P><STRONG><a name="[2b]"></a>isspace</STRONG> (Thumb, 18 bytes, Stack size 8 bytes, isspace_o.o(.text))
<BR><BR>[Stack]<UL><LI>Max Depth = 8<LI>Call Chain = isspace
</UL>
<BR>[Calls]<UL><LI><a href="#[5f]">&gt;&gt;</a>&nbsp;&nbsp;&nbsp;__rt_ctype_table
</UL>
<BR>[Address Reference Count : 2]<UL><LI> scanf_char.o(.text)
<LI> strtod.o(.text)
</UL>
<P><STRONG><a name="[5b]"></a>__vfscanf</STRONG> (Thumb, 812 bytes, Stack size 80 bytes, _scanf.o(.text))
<BR><BR>[Stack]<UL><LI>Max Depth = 184<LI>Call Chain = __vfscanf &rArr; _scanf_real
</UL>
<BR>[Calls]<UL><LI><a href="#[66]">&gt;&gt;</a>&nbsp;&nbsp;&nbsp;_scanf_string (Weak Reference)
<LI><a href="#[64]">&gt;&gt;</a>&nbsp;&nbsp;&nbsp;_scanf_longlong (Weak Reference)
<LI><a href="#[65]">&gt;&gt;</a>&nbsp;&nbsp;&nbsp;_scanf_int (Weak Reference)
<LI><a href="#[5d]">&gt;&gt;</a>&nbsp;&nbsp;&nbsp;_scanf_real
</UL>
<BR>[Called By]<UL><LI><a href="#[3e]">&gt;&gt;</a>&nbsp;&nbsp;&nbsp;__vfscanf_char
</UL>

<P><STRONG><a name="[60]"></a>_strtoul</STRONG> (Thumb, 166 bytes, Stack size 40 bytes, _strtoul.o(.text))
<BR><BR>[Stack]<UL><LI>Max Depth = 40<LI>Call Chain = _strtoul
</UL>
<BR>[Calls]<UL><LI><a href="#[67]">&gt;&gt;</a>&nbsp;&nbsp;&nbsp;_chval
<LI><a href="#[48]">&gt;&gt;</a>&nbsp;&nbsp;&nbsp;__aeabi_errno_addr
</UL>
<BR>[Called By]<UL><LI><a href="#[49]">&gt;&gt;</a>&nbsp;&nbsp;&nbsp;strtol
</UL>

<P><STRONG><a name="[67]"></a>_chval</STRONG> (Thumb, 30 bytes, Stack size 0 bytes, _chval.o(.text))
<BR><BR>[Called By]<UL><LI><a href="#[60]">&gt;&gt;</a>&nbsp;&nbsp;&nbsp;_strtoul
</UL>

<P><STRONG><a name="[1c5]"></a>__decompress</STRONG> (Thumb, 0 bytes, Stack size unknown bytes, __dczerorl2.o(.text), UNUSED)

<P><STRONG><a name="[1c6]"></a>__decompress1</STRONG> (Thumb, 86 bytes, Stack size unknown bytes, __dczerorl2.o(.text), UNUSED)

<P><STRONG><a name="[7c]"></a>APP_Attribute_GetPointer</STRONG> (Thumb, 4 bytes, Stack size 0 bytes, app_publicattribute.o(.text.APP_Attribute_GetPointer))
<BR><BR>[Called By]<UL><LI><a href="#[10c]">&gt;&gt;</a>&nbsp;&nbsp;&nbsp;plcp_sdk_api_get_did
<LI><a href="#[c2]">&gt;&gt;</a>&nbsp;&nbsp;&nbsp;plcp_sdk_api_get_self_mac
<LI><a href="#[80]">&gt;&gt;</a>&nbsp;&nbsp;&nbsp;APP_Device_SceneClose
<LI><a href="#[83]">&gt;&gt;</a>&nbsp;&nbsp;&nbsp;APP_Device_SceneStart
<LI><a href="#[79]">&gt;&gt;</a>&nbsp;&nbsp;&nbsp;APP_Device_GroupClose
<LI><a href="#[7e]">&gt;&gt;</a>&nbsp;&nbsp;&nbsp;APP_Device_GroupState
<LI><a href="#[c5]">&gt;&gt;</a>&nbsp;&nbsp;&nbsp;APP_TOPIC_MSEProcessing
<LI><a href="#[a3]">&gt;&gt;</a>&nbsp;&nbsp;&nbsp;APP_STATE_DEVICESTATE
<LI><a href="#[32]">&gt;&gt;</a>&nbsp;&nbsp;&nbsp;plcp_panel_tast
<LI><a href="#[10b]">&gt;&gt;</a>&nbsp;&nbsp;&nbsp;plcp_sdk_api_get_cco_mac
</UL>

<P><STRONG><a name="[68]"></a>APP_Attribute_Init</STRONG> (Thumb, 64 bytes, Stack size 16 bytes, app_publicattribute.o(.text.APP_Attribute_Init))
<BR><BR>[Stack]<UL><LI>Max Depth = 56<LI>Call Chain = APP_Attribute_Init &rArr; app_flash_program &rArr; fmc_word_program
</UL>
<BR>[Calls]<UL><LI><a href="#[6a]">&gt;&gt;</a>&nbsp;&nbsp;&nbsp;app_flash_program
<LI><a href="#[69]">&gt;&gt;</a>&nbsp;&nbsp;&nbsp;puts
</UL>
<BR>[Called By]<UL><LI><a href="#[c6]">&gt;&gt;</a>&nbsp;&nbsp;&nbsp;MCU_Device_Factory
</UL>

<P><STRONG><a name="[6b]"></a>APP_BIND_Processing</STRONG> (Thumb, 396 bytes, Stack size 144 bytes, mseprocess.o(.text.APP_BIND_Processing))
<BR><BR>[Stack]<UL><LI>Max Depth = 1152<LI>Call Chain = APP_BIND_Processing &rArr; APP_SendACK &rArr; UappsGetNodaFromOptionFROM &rArr; RslFromBytes &rArr; RslFromStr &rArr; atol &rArr; strtol &rArr; _strtoul
</UL>
<BR>[Calls]<UL><LI><a href="#[77]">&gt;&gt;</a>&nbsp;&nbsp;&nbsp;PLCP_bindTableDelet
<LI><a href="#[76]">&gt;&gt;</a>&nbsp;&nbsp;&nbsp;PLCP_GetEventInDelBindParam
<LI><a href="#[75]">&gt;&gt;</a>&nbsp;&nbsp;&nbsp;PLCP_GetBindData
<LI><a href="#[74]">&gt;&gt;</a>&nbsp;&nbsp;&nbsp;PLCP_bindTableDeletByAEI
<LI><a href="#[73]">&gt;&gt;</a>&nbsp;&nbsp;&nbsp;PLCP_GetKJInDelBindParam
<LI><a href="#[72]">&gt;&gt;</a>&nbsp;&nbsp;&nbsp;PLCP_CountKJInDelBindParam
<LI><a href="#[71]">&gt;&gt;</a>&nbsp;&nbsp;&nbsp;PLCP_CountEventInDelBindParam
<LI><a href="#[70]">&gt;&gt;</a>&nbsp;&nbsp;&nbsp;PLCP_bindTableWrite
<LI><a href="#[6f]">&gt;&gt;</a>&nbsp;&nbsp;&nbsp;PLCP_GetBindDataInAddBindParam
<LI><a href="#[6c]">&gt;&gt;</a>&nbsp;&nbsp;&nbsp;PLCP_CountBindDataInAddBindParam
<LI><a href="#[78]">&gt;&gt;</a>&nbsp;&nbsp;&nbsp;APP_SendACK
<LI><a href="#[6d]">&gt;&gt;</a>&nbsp;&nbsp;&nbsp;__2printf
<LI><a href="#[6e]">&gt;&gt;</a>&nbsp;&nbsp;&nbsp;__aeabi_memclr4
<LI><a href="#[69]">&gt;&gt;</a>&nbsp;&nbsp;&nbsp;puts
</UL>
<BR>[Called By]<UL><LI><a href="#[c5]">&gt;&gt;</a>&nbsp;&nbsp;&nbsp;APP_TOPIC_MSEProcessing
</UL>

<P><STRONG><a name="[79]"></a>APP_Device_GroupClose</STRONG> (Thumb, 600 bytes, Stack size 48 bytes, plcp_scene.o(.text.APP_Device_GroupClose))
<BR><BR>[Stack]<UL><LI>Max Depth = 1056<LI>Call Chain = APP_Device_GroupClose &rArr; APP_SendACK &rArr; UappsGetNodaFromOptionFROM &rArr; RslFromBytes &rArr; RslFromStr &rArr; atol &rArr; strtol &rArr; _strtoul
</UL>
<BR>[Calls]<UL><LI><a href="#[7c]">&gt;&gt;</a>&nbsp;&nbsp;&nbsp;APP_Attribute_GetPointer
<LI><a href="#[78]">&gt;&gt;</a>&nbsp;&nbsp;&nbsp;APP_SendACK
<LI><a href="#[7d]">&gt;&gt;</a>&nbsp;&nbsp;&nbsp;MCU_GroupKj_Off
<LI><a href="#[7b]">&gt;&gt;</a>&nbsp;&nbsp;&nbsp;APP_StrToHex
<LI><a href="#[6d]">&gt;&gt;</a>&nbsp;&nbsp;&nbsp;__2printf
<LI><a href="#[7a]">&gt;&gt;</a>&nbsp;&nbsp;&nbsp;strlen
<LI><a href="#[69]">&gt;&gt;</a>&nbsp;&nbsp;&nbsp;puts
</UL>
<BR>[Called By]<UL><LI><a href="#[8a]">&gt;&gt;</a>&nbsp;&nbsp;&nbsp;APP_Group_TOPIC_MSEProcessing
</UL>

<P><STRONG><a name="[7e]"></a>APP_Device_GroupState</STRONG> (Thumb, 600 bytes, Stack size 48 bytes, plcp_scene.o(.text.APP_Device_GroupState))
<BR><BR>[Stack]<UL><LI>Max Depth = 1056<LI>Call Chain = APP_Device_GroupState &rArr; APP_SendACK &rArr; UappsGetNodaFromOptionFROM &rArr; RslFromBytes &rArr; RslFromStr &rArr; atol &rArr; strtol &rArr; _strtoul
</UL>
<BR>[Calls]<UL><LI><a href="#[7c]">&gt;&gt;</a>&nbsp;&nbsp;&nbsp;APP_Attribute_GetPointer
<LI><a href="#[78]">&gt;&gt;</a>&nbsp;&nbsp;&nbsp;APP_SendACK
<LI><a href="#[7f]">&gt;&gt;</a>&nbsp;&nbsp;&nbsp;MCU_GroupKj_On
<LI><a href="#[7b]">&gt;&gt;</a>&nbsp;&nbsp;&nbsp;APP_StrToHex
<LI><a href="#[6d]">&gt;&gt;</a>&nbsp;&nbsp;&nbsp;__2printf
<LI><a href="#[7a]">&gt;&gt;</a>&nbsp;&nbsp;&nbsp;strlen
<LI><a href="#[69]">&gt;&gt;</a>&nbsp;&nbsp;&nbsp;puts
</UL>
<BR>[Called By]<UL><LI><a href="#[8a]">&gt;&gt;</a>&nbsp;&nbsp;&nbsp;APP_Group_TOPIC_MSEProcessing
</UL>

<P><STRONG><a name="[80]"></a>APP_Device_SceneClose</STRONG> (Thumb, 404 bytes, Stack size 56 bytes, plcp_scene.o(.text.APP_Device_SceneClose))
<BR><BR>[Stack]<UL><LI>Max Depth = 1064<LI>Call Chain = APP_Device_SceneClose &rArr; APP_SendACK &rArr; UappsGetNodaFromOptionFROM &rArr; RslFromBytes &rArr; RslFromStr &rArr; atol &rArr; strtol &rArr; _strtoul
</UL>
<BR>[Calls]<UL><LI><a href="#[7c]">&gt;&gt;</a>&nbsp;&nbsp;&nbsp;APP_Attribute_GetPointer
<LI><a href="#[78]">&gt;&gt;</a>&nbsp;&nbsp;&nbsp;APP_SendACK
<LI><a href="#[81]">&gt;&gt;</a>&nbsp;&nbsp;&nbsp;MCU_SceneKj_exe
<LI><a href="#[82]">&gt;&gt;</a>&nbsp;&nbsp;&nbsp;MCU_Scene_exe
<LI><a href="#[7b]">&gt;&gt;</a>&nbsp;&nbsp;&nbsp;APP_StrToHex
<LI><a href="#[7a]">&gt;&gt;</a>&nbsp;&nbsp;&nbsp;strlen
</UL>
<BR>[Called By]<UL><LI><a href="#[bb]">&gt;&gt;</a>&nbsp;&nbsp;&nbsp;APP_Scene_TOPIC_MSEProcessing
</UL>

<P><STRONG><a name="[83]"></a>APP_Device_SceneStart</STRONG> (Thumb, 436 bytes, Stack size 56 bytes, plcp_scene.o(.text.APP_Device_SceneStart))
<BR><BR>[Stack]<UL><LI>Max Depth = 1064<LI>Call Chain = APP_Device_SceneStart &rArr; APP_SendACK &rArr; UappsGetNodaFromOptionFROM &rArr; RslFromBytes &rArr; RslFromStr &rArr; atol &rArr; strtol &rArr; _strtoul
</UL>
<BR>[Calls]<UL><LI><a href="#[7c]">&gt;&gt;</a>&nbsp;&nbsp;&nbsp;APP_Attribute_GetPointer
<LI><a href="#[84]">&gt;&gt;</a>&nbsp;&nbsp;&nbsp;night_scene_info_get
<LI><a href="#[78]">&gt;&gt;</a>&nbsp;&nbsp;&nbsp;APP_SendACK
<LI><a href="#[81]">&gt;&gt;</a>&nbsp;&nbsp;&nbsp;MCU_SceneKj_exe
<LI><a href="#[82]">&gt;&gt;</a>&nbsp;&nbsp;&nbsp;MCU_Scene_exe
<LI><a href="#[7b]">&gt;&gt;</a>&nbsp;&nbsp;&nbsp;APP_StrToHex
<LI><a href="#[7a]">&gt;&gt;</a>&nbsp;&nbsp;&nbsp;strlen
<LI><a href="#[85]">&gt;&gt;</a>&nbsp;&nbsp;&nbsp;night_scene_open
</UL>
<BR>[Called By]<UL><LI><a href="#[bb]">&gt;&gt;</a>&nbsp;&nbsp;&nbsp;APP_Scene_TOPIC_MSEProcessing
</UL>

<P><STRONG><a name="[86]"></a>APP_Group_Join</STRONG> (Thumb, 196 bytes, Stack size 32 bytes, plcp_scene.o(.text.APP_Group_Join))
<BR><BR>[Stack]<UL><LI>Max Depth = 72<LI>Call Chain = APP_Group_Join &rArr; app_flash_program &rArr; fmc_word_program
</UL>
<BR>[Calls]<UL><LI><a href="#[6a]">&gt;&gt;</a>&nbsp;&nbsp;&nbsp;app_flash_program
<LI><a href="#[6d]">&gt;&gt;</a>&nbsp;&nbsp;&nbsp;__2printf
<LI><a href="#[87]">&gt;&gt;</a>&nbsp;&nbsp;&nbsp;__aeabi_memcpy
<LI><a href="#[69]">&gt;&gt;</a>&nbsp;&nbsp;&nbsp;puts
</UL>
<BR>[Called By]<UL><LI><a href="#[8e]">&gt;&gt;</a>&nbsp;&nbsp;&nbsp;APP_STATE_GROUP_JOIN
</UL>

<P><STRONG><a name="[88]"></a>APP_Group_List</STRONG> (Thumb, 188 bytes, Stack size 24 bytes, plcp_scene.o(.text.APP_Group_List))
<BR><BR>[Stack]<UL><LI>Max Depth = 48<LI>Call Chain = APP_Group_List &rArr; puts &rArr; fputc
</UL>
<BR>[Calls]<UL><LI><a href="#[69]">&gt;&gt;</a>&nbsp;&nbsp;&nbsp;puts
</UL>
<BR>[Called By]<UL><LI><a href="#[8a]">&gt;&gt;</a>&nbsp;&nbsp;&nbsp;APP_Group_TOPIC_MSEProcessing
</UL>

<P><STRONG><a name="[89]"></a>APP_Group_Quit</STRONG> (Thumb, 224 bytes, Stack size 40 bytes, plcp_scene.o(.text.APP_Group_Quit))
<BR><BR>[Stack]<UL><LI>Max Depth = 80<LI>Call Chain = APP_Group_Quit &rArr; app_flash_program &rArr; fmc_word_program
</UL>
<BR>[Calls]<UL><LI><a href="#[6a]">&gt;&gt;</a>&nbsp;&nbsp;&nbsp;app_flash_program
<LI><a href="#[87]">&gt;&gt;</a>&nbsp;&nbsp;&nbsp;__aeabi_memcpy
<LI><a href="#[69]">&gt;&gt;</a>&nbsp;&nbsp;&nbsp;puts
</UL>
<BR>[Called By]<UL><LI><a href="#[8f]">&gt;&gt;</a>&nbsp;&nbsp;&nbsp;APP_STATE_GROUP_QUIT
</UL>

<P><STRONG><a name="[8a]"></a>APP_Group_TOPIC_MSEProcessing</STRONG> (Thumb, 344 bytes, Stack size 104 bytes, mseprocess.o(.text.APP_Group_TOPIC_MSEProcessing))
<BR><BR>[Stack]<UL><LI>Max Depth = 1160<LI>Call Chain = APP_Group_TOPIC_MSEProcessing &rArr; APP_Device_GroupClose &rArr; APP_SendACK &rArr; UappsGetNodaFromOptionFROM &rArr; RslFromBytes &rArr; RslFromStr &rArr; atol &rArr; strtol &rArr; _strtoul
</UL>
<BR>[Calls]<UL><LI><a href="#[79]">&gt;&gt;</a>&nbsp;&nbsp;&nbsp;APP_Device_GroupClose
<LI><a href="#[7e]">&gt;&gt;</a>&nbsp;&nbsp;&nbsp;APP_Device_GroupState
<LI><a href="#[8c]">&gt;&gt;</a>&nbsp;&nbsp;&nbsp;delay_scene_stop
<LI><a href="#[8b]">&gt;&gt;</a>&nbsp;&nbsp;&nbsp;night_scene_state_get
<LI><a href="#[84]">&gt;&gt;</a>&nbsp;&nbsp;&nbsp;night_scene_info_get
<LI><a href="#[88]">&gt;&gt;</a>&nbsp;&nbsp;&nbsp;APP_Group_List
<LI><a href="#[8f]">&gt;&gt;</a>&nbsp;&nbsp;&nbsp;APP_STATE_GROUP_QUIT
<LI><a href="#[8e]">&gt;&gt;</a>&nbsp;&nbsp;&nbsp;APP_STATE_GROUP_JOIN
<LI><a href="#[78]">&gt;&gt;</a>&nbsp;&nbsp;&nbsp;APP_SendACK
<LI><a href="#[8d]">&gt;&gt;</a>&nbsp;&nbsp;&nbsp;strcmp
<LI><a href="#[69]">&gt;&gt;</a>&nbsp;&nbsp;&nbsp;puts
</UL>
<BR>[Called By]<UL><LI><a href="#[9c]">&gt;&gt;</a>&nbsp;&nbsp;&nbsp;APP_UappsMsgProcessing
</UL>

<P><STRONG><a name="[90]"></a>APP_PLCSDK_Init</STRONG> (Thumb, 40 bytes, Stack size 8 bytes, app_userprocess.o(.text.APP_PLCSDK_Init))
<BR><BR>[Stack]<UL><LI>Max Depth = 68<LI>Call Chain = APP_PLCSDK_Init &rArr; APP_ReadAllSceneInfo &rArr; app_flash_read
</UL>
<BR>[Calls]<UL><LI><a href="#[91]">&gt;&gt;</a>&nbsp;&nbsp;&nbsp;APP_TxBuffer_init
<LI><a href="#[92]">&gt;&gt;</a>&nbsp;&nbsp;&nbsp;APP_RxBuffer_init
<LI><a href="#[96]">&gt;&gt;</a>&nbsp;&nbsp;&nbsp;APP_ReadRecordFlag_Init
<LI><a href="#[98]">&gt;&gt;</a>&nbsp;&nbsp;&nbsp;APP_ReadAllGroupInfo
<LI><a href="#[97]">&gt;&gt;</a>&nbsp;&nbsp;&nbsp;APP_ReadAllSceneInfo
<LI><a href="#[95]">&gt;&gt;</a>&nbsp;&nbsp;&nbsp;APP_ReadNightSceneParameter
<LI><a href="#[94]">&gt;&gt;</a>&nbsp;&nbsp;&nbsp;APP_ReadDelaySceneParameter
<LI><a href="#[93]">&gt;&gt;</a>&nbsp;&nbsp;&nbsp;APP_ReadBindParameter
</UL>
<BR>[Called By]<UL><LI><a href="#[140]">&gt;&gt;</a>&nbsp;&nbsp;&nbsp;plcp_panel_init
</UL>

<P><STRONG><a name="[19c]"></a>APP_Postflag_GetPointer</STRONG> (Thumb, 4 bytes, Stack size 0 bytes, app_publicattribute.o(.text.APP_Postflag_GetPointer))
<BR><BR>[Called By]<UL><LI><a href="#[140]">&gt;&gt;</a>&nbsp;&nbsp;&nbsp;plcp_panel_init
</UL>

<P><STRONG><a name="[99]"></a>APP_Queue_ListenAndHandleMessage</STRONG> (Thumb, 56 bytes, Stack size 24 bytes, app_userprocess.o(.text.APP_Queue_ListenAndHandleMessage))
<BR><BR>[Stack]<UL><LI>Max Depth = 2456<LI>Call Chain = APP_Queue_ListenAndHandleMessage &rArr; APP_UappsMsgProcessing &rArr; APP_TOPIC_MSEProcessing &rArr; APP_BIND_Processing &rArr; APP_SendACK &rArr; UappsGetNodaFromOptionFROM &rArr; RslFromBytes &rArr; RslFromStr &rArr; atol &rArr; strtol &rArr; _strtoul
</UL>
<BR>[Calls]<UL><LI><a href="#[9e]">&gt;&gt;</a>&nbsp;&nbsp;&nbsp;APP_TxBuffer_GetFirstMsgDataParameters
<LI><a href="#[9a]">&gt;&gt;</a>&nbsp;&nbsp;&nbsp;APP_RxBuffer_getRxBufferMsgAmount
<LI><a href="#[9b]">&gt;&gt;</a>&nbsp;&nbsp;&nbsp;APP_RxBuffer_GetFirstMsgDataParameters
<LI><a href="#[9d]">&gt;&gt;</a>&nbsp;&nbsp;&nbsp;APP_RxBuffer_DeleteFirstMsg
<LI><a href="#[9f]">&gt;&gt;</a>&nbsp;&nbsp;&nbsp;app_usart_tx_buf
<LI><a href="#[9c]">&gt;&gt;</a>&nbsp;&nbsp;&nbsp;APP_UappsMsgProcessing
</UL>
<BR>[Called By]<UL><LI><a href="#[33]">&gt;&gt;</a>&nbsp;&nbsp;&nbsp;process_message_queue
</UL>

<P><STRONG><a name="[98]"></a>APP_ReadAllGroupInfo</STRONG> (Thumb, 244 bytes, Stack size 24 bytes, plcp_scene.o(.text.APP_ReadAllGroupInfo))
<BR><BR>[Stack]<UL><LI>Max Depth = 52<LI>Call Chain = APP_ReadAllGroupInfo &rArr; app_flash_read
</UL>
<BR>[Calls]<UL><LI><a href="#[a0]">&gt;&gt;</a>&nbsp;&nbsp;&nbsp;app_flash_read
<LI><a href="#[6d]">&gt;&gt;</a>&nbsp;&nbsp;&nbsp;__2printf
</UL>
<BR>[Called By]<UL><LI><a href="#[90]">&gt;&gt;</a>&nbsp;&nbsp;&nbsp;APP_PLCSDK_Init
</UL>

<P><STRONG><a name="[97]"></a>APP_ReadAllSceneInfo</STRONG> (Thumb, 1892 bytes, Stack size 32 bytes, plcp_scene.o(.text.APP_ReadAllSceneInfo))
<BR><BR>[Stack]<UL><LI>Max Depth = 60<LI>Call Chain = APP_ReadAllSceneInfo &rArr; app_flash_read
</UL>
<BR>[Calls]<UL><LI><a href="#[a0]">&gt;&gt;</a>&nbsp;&nbsp;&nbsp;app_flash_read
<LI><a href="#[6d]">&gt;&gt;</a>&nbsp;&nbsp;&nbsp;__2printf
<LI><a href="#[a1]">&gt;&gt;</a>&nbsp;&nbsp;&nbsp;putchar
<LI><a href="#[69]">&gt;&gt;</a>&nbsp;&nbsp;&nbsp;puts
</UL>
<BR>[Called By]<UL><LI><a href="#[90]">&gt;&gt;</a>&nbsp;&nbsp;&nbsp;APP_PLCSDK_Init
</UL>

<P><STRONG><a name="[93]"></a>APP_ReadBindParameter</STRONG> (Thumb, 396 bytes, Stack size 16 bytes, plcp_bind.o(.text.APP_ReadBindParameter))
<BR><BR>[Stack]<UL><LI>Max Depth = 44<LI>Call Chain = APP_ReadBindParameter &rArr; app_flash_read
</UL>
<BR>[Calls]<UL><LI><a href="#[a0]">&gt;&gt;</a>&nbsp;&nbsp;&nbsp;app_flash_read
<LI><a href="#[6d]">&gt;&gt;</a>&nbsp;&nbsp;&nbsp;__2printf
<LI><a href="#[a1]">&gt;&gt;</a>&nbsp;&nbsp;&nbsp;putchar
</UL>
<BR>[Called By]<UL><LI><a href="#[90]">&gt;&gt;</a>&nbsp;&nbsp;&nbsp;APP_PLCSDK_Init
</UL>

<P><STRONG><a name="[94]"></a>APP_ReadDelaySceneParameter</STRONG> (Thumb, 12 bytes, Stack size 0 bytes, plcp_special_scene.o(.text.APP_ReadDelaySceneParameter))
<BR><BR>[Stack]<UL><LI>Max Depth = 28<LI>Call Chain = APP_ReadDelaySceneParameter &rArr; app_flash_read
</UL>
<BR>[Calls]<UL><LI><a href="#[a0]">&gt;&gt;</a>&nbsp;&nbsp;&nbsp;app_flash_read
</UL>
<BR>[Called By]<UL><LI><a href="#[90]">&gt;&gt;</a>&nbsp;&nbsp;&nbsp;APP_PLCSDK_Init
</UL>

<P><STRONG><a name="[95]"></a>APP_ReadNightSceneParameter</STRONG> (Thumb, 32 bytes, Stack size 16 bytes, plcp_special_scene.o(.text.APP_ReadNightSceneParameter))
<BR><BR>[Stack]<UL><LI>Max Depth = 44<LI>Call Chain = APP_ReadNightSceneParameter &rArr; app_flash_read
</UL>
<BR>[Calls]<UL><LI><a href="#[a0]">&gt;&gt;</a>&nbsp;&nbsp;&nbsp;app_flash_read
<LI><a href="#[6d]">&gt;&gt;</a>&nbsp;&nbsp;&nbsp;__2printf
</UL>
<BR>[Called By]<UL><LI><a href="#[90]">&gt;&gt;</a>&nbsp;&nbsp;&nbsp;APP_PLCSDK_Init
</UL>

<P><STRONG><a name="[96]"></a>APP_ReadRecordFlag_Init</STRONG> (Thumb, 76 bytes, Stack size 16 bytes, app_publicattribute.o(.text.APP_ReadRecordFlag_Init))
<BR><BR>[Stack]<UL><LI>Max Depth = 56<LI>Call Chain = APP_ReadRecordFlag_Init &rArr; app_flash_program &rArr; fmc_word_program
</UL>
<BR>[Calls]<UL><LI><a href="#[a0]">&gt;&gt;</a>&nbsp;&nbsp;&nbsp;app_flash_read
<LI><a href="#[6a]">&gt;&gt;</a>&nbsp;&nbsp;&nbsp;app_flash_program
</UL>
<BR>[Called By]<UL><LI><a href="#[90]">&gt;&gt;</a>&nbsp;&nbsp;&nbsp;APP_PLCSDK_Init
</UL>

<P><STRONG><a name="[a2]"></a>APP_RxBuffer_Add</STRONG> (Thumb, 76 bytes, Stack size 24 bytes, app_rxbuffer.o(.text.APP_RxBuffer_Add))
<BR><BR>[Stack]<UL><LI>Max Depth = 24<LI>Call Chain = APP_RxBuffer_Add
</UL>
<BR>[Calls]<UL><LI><a href="#[87]">&gt;&gt;</a>&nbsp;&nbsp;&nbsp;__aeabi_memcpy
</UL>
<BR>[Called By]<UL><LI><a href="#[c4]">&gt;&gt;</a>&nbsp;&nbsp;&nbsp;MCU_UartReceive
</UL>

<P><STRONG><a name="[9d]"></a>APP_RxBuffer_DeleteFirstMsg</STRONG> (Thumb, 80 bytes, Stack size 24 bytes, app_rxbuffer.o(.text.APP_RxBuffer_DeleteFirstMsg))
<BR><BR>[Stack]<UL><LI>Max Depth = 24<LI>Call Chain = APP_RxBuffer_DeleteFirstMsg
</UL>
<BR>[Calls]<UL><LI><a href="#[87]">&gt;&gt;</a>&nbsp;&nbsp;&nbsp;__aeabi_memcpy
</UL>
<BR>[Called By]<UL><LI><a href="#[99]">&gt;&gt;</a>&nbsp;&nbsp;&nbsp;APP_Queue_ListenAndHandleMessage
</UL>

<P><STRONG><a name="[9b]"></a>APP_RxBuffer_GetFirstMsgDataParameters</STRONG> (Thumb, 36 bytes, Stack size 0 bytes, app_rxbuffer.o(.text.APP_RxBuffer_GetFirstMsgDataParameters))
<BR><BR>[Called By]<UL><LI><a href="#[99]">&gt;&gt;</a>&nbsp;&nbsp;&nbsp;APP_Queue_ListenAndHandleMessage
</UL>

<P><STRONG><a name="[9a]"></a>APP_RxBuffer_getRxBufferMsgAmount</STRONG> (Thumb, 8 bytes, Stack size 0 bytes, app_rxbuffer.o(.text.APP_RxBuffer_getRxBufferMsgAmount))
<BR><BR>[Called By]<UL><LI><a href="#[99]">&gt;&gt;</a>&nbsp;&nbsp;&nbsp;APP_Queue_ListenAndHandleMessage
</UL>

<P><STRONG><a name="[92]"></a>APP_RxBuffer_init</STRONG> (Thumb, 44 bytes, Stack size 8 bytes, app_rxbuffer.o(.text.APP_RxBuffer_init))
<BR><BR>[Stack]<UL><LI>Max Depth = 8<LI>Call Chain = APP_RxBuffer_init
</UL>
<BR>[Calls]<UL><LI><a href="#[6e]">&gt;&gt;</a>&nbsp;&nbsp;&nbsp;__aeabi_memclr4
</UL>
<BR>[Called By]<UL><LI><a href="#[90]">&gt;&gt;</a>&nbsp;&nbsp;&nbsp;APP_PLCSDK_Init
</UL>

<P><STRONG><a name="[a3]"></a>APP_STATE_DEVICESTATE</STRONG> (Thumb, 250 bytes, Stack size 20 bytes, mseprocess.o(.text.APP_STATE_DEVICESTATE))
<BR><BR>[Stack]<UL><LI>Max Depth = 1028<LI>Call Chain = APP_STATE_DEVICESTATE &rArr; APP_SendACK &rArr; UappsGetNodaFromOptionFROM &rArr; RslFromBytes &rArr; RslFromStr &rArr; atol &rArr; strtol &rArr; _strtoul
</UL>
<BR>[Calls]<UL><LI><a href="#[7c]">&gt;&gt;</a>&nbsp;&nbsp;&nbsp;APP_Attribute_GetPointer
<LI><a href="#[78]">&gt;&gt;</a>&nbsp;&nbsp;&nbsp;APP_SendACK
<LI><a href="#[a5]">&gt;&gt;</a>&nbsp;&nbsp;&nbsp;MCU_Put_Devicestatus
<LI><a href="#[a4]">&gt;&gt;</a>&nbsp;&nbsp;&nbsp;MCU_Get_Devicestatus
</UL>
<BR>[Called By]<UL><LI><a href="#[c5]">&gt;&gt;</a>&nbsp;&nbsp;&nbsp;APP_TOPIC_MSEProcessing
</UL>

<P><STRONG><a name="[8e]"></a>APP_STATE_GROUP_JOIN</STRONG> (Thumb, 144 bytes, Stack size 664 bytes, mseprocess.o(.text.APP_STATE_GROUP_JOIN))
<BR><BR>[Stack]<UL><LI>Max Depth = 992<LI>Call Chain = APP_STATE_GROUP_JOIN &rArr; UappsGetNodaFromOptionFROM &rArr; RslFromBytes &rArr; RslFromStr &rArr; atol &rArr; strtol &rArr; _strtoul
</UL>
<BR>[Calls]<UL><LI><a href="#[86]">&gt;&gt;</a>&nbsp;&nbsp;&nbsp;APP_Group_Join
<LI><a href="#[ab]">&gt;&gt;</a>&nbsp;&nbsp;&nbsp;MCU_Send_date
<LI><a href="#[a7]">&gt;&gt;</a>&nbsp;&nbsp;&nbsp;UappsGetNodaFromOptionFROM
<LI><a href="#[a8]">&gt;&gt;</a>&nbsp;&nbsp;&nbsp;UappsAddFromOption
<LI><a href="#[a6]">&gt;&gt;</a>&nbsp;&nbsp;&nbsp;UappsSimpleResponse
<LI><a href="#[aa]">&gt;&gt;</a>&nbsp;&nbsp;&nbsp;Uapps2Bytes
<LI><a href="#[a9]">&gt;&gt;</a>&nbsp;&nbsp;&nbsp;__aeabi_memclr8
<LI><a href="#[6e]">&gt;&gt;</a>&nbsp;&nbsp;&nbsp;__aeabi_memclr4
<LI><a href="#[69]">&gt;&gt;</a>&nbsp;&nbsp;&nbsp;puts
</UL>
<BR>[Called By]<UL><LI><a href="#[8a]">&gt;&gt;</a>&nbsp;&nbsp;&nbsp;APP_Group_TOPIC_MSEProcessing
</UL>

<P><STRONG><a name="[8f]"></a>APP_STATE_GROUP_QUIT</STRONG> (Thumb, 144 bytes, Stack size 664 bytes, mseprocess.o(.text.APP_STATE_GROUP_QUIT))
<BR><BR>[Stack]<UL><LI>Max Depth = 992<LI>Call Chain = APP_STATE_GROUP_QUIT &rArr; UappsGetNodaFromOptionFROM &rArr; RslFromBytes &rArr; RslFromStr &rArr; atol &rArr; strtol &rArr; _strtoul
</UL>
<BR>[Calls]<UL><LI><a href="#[89]">&gt;&gt;</a>&nbsp;&nbsp;&nbsp;APP_Group_Quit
<LI><a href="#[ab]">&gt;&gt;</a>&nbsp;&nbsp;&nbsp;MCU_Send_date
<LI><a href="#[a7]">&gt;&gt;</a>&nbsp;&nbsp;&nbsp;UappsGetNodaFromOptionFROM
<LI><a href="#[a8]">&gt;&gt;</a>&nbsp;&nbsp;&nbsp;UappsAddFromOption
<LI><a href="#[a6]">&gt;&gt;</a>&nbsp;&nbsp;&nbsp;UappsSimpleResponse
<LI><a href="#[aa]">&gt;&gt;</a>&nbsp;&nbsp;&nbsp;Uapps2Bytes
<LI><a href="#[a9]">&gt;&gt;</a>&nbsp;&nbsp;&nbsp;__aeabi_memclr8
<LI><a href="#[6e]">&gt;&gt;</a>&nbsp;&nbsp;&nbsp;__aeabi_memclr4
<LI><a href="#[69]">&gt;&gt;</a>&nbsp;&nbsp;&nbsp;puts
</UL>
<BR>[Called By]<UL><LI><a href="#[8a]">&gt;&gt;</a>&nbsp;&nbsp;&nbsp;APP_Group_TOPIC_MSEProcessing
</UL>

<P><STRONG><a name="[ac]"></a>APP_STATE_OFF_Processing</STRONG> (Thumb, 132 bytes, Stack size 664 bytes, mseprocess.o(.text.APP_STATE_OFF_Processing))
<BR><BR>[Stack]<UL><LI>Max Depth = 992<LI>Call Chain = APP_STATE_OFF_Processing &rArr; UappsGetNodaFromOptionFROM &rArr; RslFromBytes &rArr; RslFromStr &rArr; atol &rArr; strtol &rArr; _strtoul
</UL>
<BR>[Calls]<UL><LI><a href="#[ad]">&gt;&gt;</a>&nbsp;&nbsp;&nbsp;PlcSdkCallbackOnOff
<LI><a href="#[ab]">&gt;&gt;</a>&nbsp;&nbsp;&nbsp;MCU_Send_date
<LI><a href="#[a7]">&gt;&gt;</a>&nbsp;&nbsp;&nbsp;UappsGetNodaFromOptionFROM
<LI><a href="#[a8]">&gt;&gt;</a>&nbsp;&nbsp;&nbsp;UappsAddFromOption
<LI><a href="#[a6]">&gt;&gt;</a>&nbsp;&nbsp;&nbsp;UappsSimpleResponse
<LI><a href="#[aa]">&gt;&gt;</a>&nbsp;&nbsp;&nbsp;Uapps2Bytes
<LI><a href="#[a9]">&gt;&gt;</a>&nbsp;&nbsp;&nbsp;__aeabi_memclr8
<LI><a href="#[6e]">&gt;&gt;</a>&nbsp;&nbsp;&nbsp;__aeabi_memclr4
</UL>
<BR>[Called By]<UL><LI><a href="#[c5]">&gt;&gt;</a>&nbsp;&nbsp;&nbsp;APP_TOPIC_MSEProcessing
</UL>

<P><STRONG><a name="[ae]"></a>APP_STATE_ON_Processing</STRONG> (Thumb, 132 bytes, Stack size 664 bytes, mseprocess.o(.text.APP_STATE_ON_Processing))
<BR><BR>[Stack]<UL><LI>Max Depth = 992<LI>Call Chain = APP_STATE_ON_Processing &rArr; UappsGetNodaFromOptionFROM &rArr; RslFromBytes &rArr; RslFromStr &rArr; atol &rArr; strtol &rArr; _strtoul
</UL>
<BR>[Calls]<UL><LI><a href="#[ad]">&gt;&gt;</a>&nbsp;&nbsp;&nbsp;PlcSdkCallbackOnOff
<LI><a href="#[ab]">&gt;&gt;</a>&nbsp;&nbsp;&nbsp;MCU_Send_date
<LI><a href="#[a7]">&gt;&gt;</a>&nbsp;&nbsp;&nbsp;UappsGetNodaFromOptionFROM
<LI><a href="#[a8]">&gt;&gt;</a>&nbsp;&nbsp;&nbsp;UappsAddFromOption
<LI><a href="#[a6]">&gt;&gt;</a>&nbsp;&nbsp;&nbsp;UappsSimpleResponse
<LI><a href="#[aa]">&gt;&gt;</a>&nbsp;&nbsp;&nbsp;Uapps2Bytes
<LI><a href="#[a9]">&gt;&gt;</a>&nbsp;&nbsp;&nbsp;__aeabi_memclr8
<LI><a href="#[6e]">&gt;&gt;</a>&nbsp;&nbsp;&nbsp;__aeabi_memclr4
</UL>
<BR>[Called By]<UL><LI><a href="#[c5]">&gt;&gt;</a>&nbsp;&nbsp;&nbsp;APP_TOPIC_MSEProcessing
</UL>

<P><STRONG><a name="[af]"></a>APP_STATE_SCENE_JOIN</STRONG> (Thumb, 144 bytes, Stack size 664 bytes, mseprocess.o(.text.APP_STATE_SCENE_JOIN))
<BR><BR>[Stack]<UL><LI>Max Depth = 992<LI>Call Chain = APP_STATE_SCENE_JOIN &rArr; UappsGetNodaFromOptionFROM &rArr; RslFromBytes &rArr; RslFromStr &rArr; atol &rArr; strtol &rArr; _strtoul
</UL>
<BR>[Calls]<UL><LI><a href="#[b0]">&gt;&gt;</a>&nbsp;&nbsp;&nbsp;APP_Scene_Join
<LI><a href="#[ab]">&gt;&gt;</a>&nbsp;&nbsp;&nbsp;MCU_Send_date
<LI><a href="#[a7]">&gt;&gt;</a>&nbsp;&nbsp;&nbsp;UappsGetNodaFromOptionFROM
<LI><a href="#[a8]">&gt;&gt;</a>&nbsp;&nbsp;&nbsp;UappsAddFromOption
<LI><a href="#[a6]">&gt;&gt;</a>&nbsp;&nbsp;&nbsp;UappsSimpleResponse
<LI><a href="#[aa]">&gt;&gt;</a>&nbsp;&nbsp;&nbsp;Uapps2Bytes
<LI><a href="#[a9]">&gt;&gt;</a>&nbsp;&nbsp;&nbsp;__aeabi_memclr8
<LI><a href="#[6e]">&gt;&gt;</a>&nbsp;&nbsp;&nbsp;__aeabi_memclr4
<LI><a href="#[69]">&gt;&gt;</a>&nbsp;&nbsp;&nbsp;puts
</UL>
<BR>[Called By]<UL><LI><a href="#[bb]">&gt;&gt;</a>&nbsp;&nbsp;&nbsp;APP_Scene_TOPIC_MSEProcessing
</UL>

<P><STRONG><a name="[b1]"></a>APP_STATE_SCENE_QUIT</STRONG> (Thumb, 144 bytes, Stack size 664 bytes, mseprocess.o(.text.APP_STATE_SCENE_QUIT))
<BR><BR>[Stack]<UL><LI>Max Depth = 992<LI>Call Chain = APP_STATE_SCENE_QUIT &rArr; UappsGetNodaFromOptionFROM &rArr; RslFromBytes &rArr; RslFromStr &rArr; atol &rArr; strtol &rArr; _strtoul
</UL>
<BR>[Calls]<UL><LI><a href="#[b2]">&gt;&gt;</a>&nbsp;&nbsp;&nbsp;APP_Scene_Quit
<LI><a href="#[ab]">&gt;&gt;</a>&nbsp;&nbsp;&nbsp;MCU_Send_date
<LI><a href="#[a7]">&gt;&gt;</a>&nbsp;&nbsp;&nbsp;UappsGetNodaFromOptionFROM
<LI><a href="#[a8]">&gt;&gt;</a>&nbsp;&nbsp;&nbsp;UappsAddFromOption
<LI><a href="#[a6]">&gt;&gt;</a>&nbsp;&nbsp;&nbsp;UappsSimpleResponse
<LI><a href="#[aa]">&gt;&gt;</a>&nbsp;&nbsp;&nbsp;Uapps2Bytes
<LI><a href="#[a9]">&gt;&gt;</a>&nbsp;&nbsp;&nbsp;__aeabi_memclr8
<LI><a href="#[6e]">&gt;&gt;</a>&nbsp;&nbsp;&nbsp;__aeabi_memclr4
<LI><a href="#[69]">&gt;&gt;</a>&nbsp;&nbsp;&nbsp;puts
</UL>
<BR>[Called By]<UL><LI><a href="#[bb]">&gt;&gt;</a>&nbsp;&nbsp;&nbsp;APP_Scene_TOPIC_MSEProcessing
</UL>

<P><STRONG><a name="[b3]"></a>APP_STATE_SET_CONFIG</STRONG> (Thumb, 256 bytes, Stack size 20 bytes, mseprocess.o(.text.APP_STATE_SET_CONFIG))
<BR><BR>[Stack]<UL><LI>Max Depth = 1028<LI>Call Chain = APP_STATE_SET_CONFIG &rArr; APP_SendACK &rArr; UappsGetNodaFromOptionFROM &rArr; RslFromBytes &rArr; RslFromStr &rArr; atol &rArr; strtol &rArr; _strtoul
</UL>
<BR>[Calls]<UL><LI><a href="#[78]">&gt;&gt;</a>&nbsp;&nbsp;&nbsp;APP_SendACK
<LI><a href="#[b5]">&gt;&gt;</a>&nbsp;&nbsp;&nbsp;MCU_Get_Config
<LI><a href="#[b4]">&gt;&gt;</a>&nbsp;&nbsp;&nbsp;MCU_Set_Config
<LI><a href="#[69]">&gt;&gt;</a>&nbsp;&nbsp;&nbsp;puts
</UL>
<BR>[Called By]<UL><LI><a href="#[c5]">&gt;&gt;</a>&nbsp;&nbsp;&nbsp;APP_TOPIC_MSEProcessing
</UL>

<P><STRONG><a name="[b6]"></a>APP_Save_light_ct_info</STRONG> (Thumb, 48 bytes, Stack size 8 bytes, plcp_light_ct_info.o(.text.APP_Save_light_ct_info))
<BR><BR>[Stack]<UL><LI>Max Depth = 48<LI>Call Chain = APP_Save_light_ct_info &rArr; app_flash_program &rArr; fmc_word_program
</UL>
<BR>[Calls]<UL><LI><a href="#[6a]">&gt;&gt;</a>&nbsp;&nbsp;&nbsp;app_flash_program
<LI><a href="#[69]">&gt;&gt;</a>&nbsp;&nbsp;&nbsp;puts
</UL>
<BR>[Called By]<UL><LI><a href="#[17b]">&gt;&gt;</a>&nbsp;&nbsp;&nbsp;light_adapter_ctrl
</UL>

<P><STRONG><a name="[b7]"></a>APP_SceneGroupClr</STRONG> (Thumb, 172 bytes, Stack size 16 bytes, plcp_scene.o(.text.APP_SceneGroupClr))
<BR><BR>[Stack]<UL><LI>Max Depth = 56<LI>Call Chain = APP_SceneGroupClr &rArr; app_flash_program &rArr; fmc_word_program
</UL>
<BR>[Calls]<UL><LI><a href="#[6a]">&gt;&gt;</a>&nbsp;&nbsp;&nbsp;app_flash_program
<LI><a href="#[6e]">&gt;&gt;</a>&nbsp;&nbsp;&nbsp;__aeabi_memclr4
<LI><a href="#[69]">&gt;&gt;</a>&nbsp;&nbsp;&nbsp;puts
</UL>
<BR>[Called By]<UL><LI><a href="#[c6]">&gt;&gt;</a>&nbsp;&nbsp;&nbsp;MCU_Device_Factory
</UL>

<P><STRONG><a name="[bd]"></a>APP_Scene_Copy_Get</STRONG> (Thumb, 2072 bytes, Stack size 80 bytes, plcp_scene.o(.text.APP_Scene_Copy_Get))
<BR><BR>[Stack]<UL><LI>Max Depth = 80<LI>Call Chain = APP_Scene_Copy_Get
</UL>
<BR>[Called By]<UL><LI><a href="#[bb]">&gt;&gt;</a>&nbsp;&nbsp;&nbsp;APP_Scene_TOPIC_MSEProcessing
</UL>

<P><STRONG><a name="[b0]"></a>APP_Scene_Join</STRONG> (Thumb, 604 bytes, Stack size 32 bytes, plcp_scene.o(.text.APP_Scene_Join))
<BR><BR>[Stack]<UL><LI>Max Depth = 104<LI>Call Chain = APP_Scene_Join &rArr; APP_SetScene &rArr; app_flash_program &rArr; fmc_word_program
</UL>
<BR>[Calls]<UL><LI><a href="#[b8]">&gt;&gt;</a>&nbsp;&nbsp;&nbsp;strncmp
<LI><a href="#[b9]">&gt;&gt;</a>&nbsp;&nbsp;&nbsp;APP_SetScene
</UL>
<BR>[Called By]<UL><LI><a href="#[af]">&gt;&gt;</a>&nbsp;&nbsp;&nbsp;APP_STATE_SCENE_JOIN
</UL>

<P><STRONG><a name="[ba]"></a>APP_Scene_List</STRONG> (Thumb, 484 bytes, Stack size 24 bytes, plcp_scene.o(.text.APP_Scene_List))
<BR><BR>[Stack]<UL><LI>Max Depth = 36<LI>Call Chain = APP_Scene_List &rArr; strncmp
</UL>
<BR>[Calls]<UL><LI><a href="#[b8]">&gt;&gt;</a>&nbsp;&nbsp;&nbsp;strncmp
</UL>
<BR>[Called By]<UL><LI><a href="#[bb]">&gt;&gt;</a>&nbsp;&nbsp;&nbsp;APP_Scene_TOPIC_MSEProcessing
</UL>

<P><STRONG><a name="[b2]"></a>APP_Scene_Quit</STRONG> (Thumb, 448 bytes, Stack size 32 bytes, plcp_scene.o(.text.APP_Scene_Quit))
<BR><BR>[Stack]<UL><LI>Max Depth = 72<LI>Call Chain = APP_Scene_Quit &rArr; app_flash_program &rArr; fmc_word_program
</UL>
<BR>[Calls]<UL><LI><a href="#[6a]">&gt;&gt;</a>&nbsp;&nbsp;&nbsp;app_flash_program
<LI><a href="#[b8]">&gt;&gt;</a>&nbsp;&nbsp;&nbsp;strncmp
<LI><a href="#[87]">&gt;&gt;</a>&nbsp;&nbsp;&nbsp;__aeabi_memcpy
<LI><a href="#[69]">&gt;&gt;</a>&nbsp;&nbsp;&nbsp;puts
</UL>
<BR>[Called By]<UL><LI><a href="#[b1]">&gt;&gt;</a>&nbsp;&nbsp;&nbsp;APP_STATE_SCENE_QUIT
</UL>

<P><STRONG><a name="[bb]"></a>APP_Scene_TOPIC_MSEProcessing</STRONG> (Thumb, 412 bytes, Stack size 288 bytes, mseprocess.o(.text.APP_Scene_TOPIC_MSEProcessing))
<BR><BR>[Stack]<UL><LI>Max Depth = 1352<LI>Call Chain = APP_Scene_TOPIC_MSEProcessing &rArr; APP_Device_SceneClose &rArr; APP_SendACK &rArr; UappsGetNodaFromOptionFROM &rArr; RslFromBytes &rArr; RslFromStr &rArr; atol &rArr; strtol &rArr; _strtoul
</UL>
<BR>[Calls]<UL><LI><a href="#[80]">&gt;&gt;</a>&nbsp;&nbsp;&nbsp;APP_Device_SceneClose
<LI><a href="#[83]">&gt;&gt;</a>&nbsp;&nbsp;&nbsp;APP_Device_SceneStart
<LI><a href="#[bc]">&gt;&gt;</a>&nbsp;&nbsp;&nbsp;night_scene_close
<LI><a href="#[8c]">&gt;&gt;</a>&nbsp;&nbsp;&nbsp;delay_scene_stop
<LI><a href="#[8b]">&gt;&gt;</a>&nbsp;&nbsp;&nbsp;night_scene_state_get
<LI><a href="#[84]">&gt;&gt;</a>&nbsp;&nbsp;&nbsp;night_scene_info_get
<LI><a href="#[bd]">&gt;&gt;</a>&nbsp;&nbsp;&nbsp;APP_Scene_Copy_Get
<LI><a href="#[ba]">&gt;&gt;</a>&nbsp;&nbsp;&nbsp;APP_Scene_List
<LI><a href="#[b1]">&gt;&gt;</a>&nbsp;&nbsp;&nbsp;APP_STATE_SCENE_QUIT
<LI><a href="#[af]">&gt;&gt;</a>&nbsp;&nbsp;&nbsp;APP_STATE_SCENE_JOIN
<LI><a href="#[78]">&gt;&gt;</a>&nbsp;&nbsp;&nbsp;APP_SendACK
<LI><a href="#[8d]">&gt;&gt;</a>&nbsp;&nbsp;&nbsp;strcmp
<LI><a href="#[69]">&gt;&gt;</a>&nbsp;&nbsp;&nbsp;puts
</UL>
<BR>[Called By]<UL><LI><a href="#[9c]">&gt;&gt;</a>&nbsp;&nbsp;&nbsp;APP_UappsMsgProcessing
</UL>

<P><STRONG><a name="[78]"></a>APP_SendACK</STRONG> (Thumb, 132 bytes, Stack size 680 bytes, mseprocess.o(.text.APP_SendACK))
<BR><BR>[Stack]<UL><LI>Max Depth = 1008<LI>Call Chain = APP_SendACK &rArr; UappsGetNodaFromOptionFROM &rArr; RslFromBytes &rArr; RslFromStr &rArr; atol &rArr; strtol &rArr; _strtoul
</UL>
<BR>[Calls]<UL><LI><a href="#[ab]">&gt;&gt;</a>&nbsp;&nbsp;&nbsp;MCU_Send_date
<LI><a href="#[a7]">&gt;&gt;</a>&nbsp;&nbsp;&nbsp;UappsGetNodaFromOptionFROM
<LI><a href="#[a8]">&gt;&gt;</a>&nbsp;&nbsp;&nbsp;UappsAddFromOption
<LI><a href="#[be]">&gt;&gt;</a>&nbsp;&nbsp;&nbsp;UappsDataResponse
<LI><a href="#[a6]">&gt;&gt;</a>&nbsp;&nbsp;&nbsp;UappsSimpleResponse
<LI><a href="#[aa]">&gt;&gt;</a>&nbsp;&nbsp;&nbsp;Uapps2Bytes
<LI><a href="#[a9]">&gt;&gt;</a>&nbsp;&nbsp;&nbsp;__aeabi_memclr8
<LI><a href="#[6e]">&gt;&gt;</a>&nbsp;&nbsp;&nbsp;__aeabi_memclr4
</UL>
<BR>[Called By]<UL><LI><a href="#[80]">&gt;&gt;</a>&nbsp;&nbsp;&nbsp;APP_Device_SceneClose
<LI><a href="#[83]">&gt;&gt;</a>&nbsp;&nbsp;&nbsp;APP_Device_SceneStart
<LI><a href="#[bb]">&gt;&gt;</a>&nbsp;&nbsp;&nbsp;APP_Scene_TOPIC_MSEProcessing
<LI><a href="#[79]">&gt;&gt;</a>&nbsp;&nbsp;&nbsp;APP_Device_GroupClose
<LI><a href="#[7e]">&gt;&gt;</a>&nbsp;&nbsp;&nbsp;APP_Device_GroupState
<LI><a href="#[8a]">&gt;&gt;</a>&nbsp;&nbsp;&nbsp;APP_Group_TOPIC_MSEProcessing
<LI><a href="#[c5]">&gt;&gt;</a>&nbsp;&nbsp;&nbsp;APP_TOPIC_MSEProcessing
<LI><a href="#[6b]">&gt;&gt;</a>&nbsp;&nbsp;&nbsp;APP_BIND_Processing
<LI><a href="#[a3]">&gt;&gt;</a>&nbsp;&nbsp;&nbsp;APP_STATE_DEVICESTATE
<LI><a href="#[b3]">&gt;&gt;</a>&nbsp;&nbsp;&nbsp;APP_STATE_SET_CONFIG
</UL>

<P><STRONG><a name="[bf]"></a>APP_SendRSL</STRONG> (Thumb, 192 bytes, Stack size 320 bytes, mseprocess.o(.text.APP_SendRSL))
<BR><BR>[Stack]<UL><LI>Max Depth = 1104<LI>Call Chain = APP_SendRSL &rArr; Uapps_PackRSLWithFromMsg &rArr; Uapps2Bytes &rArr; uapps_build
</UL>
<BR>[Calls]<UL><LI><a href="#[c2]">&gt;&gt;</a>&nbsp;&nbsp;&nbsp;plcp_sdk_api_get_self_mac
<LI><a href="#[c0]">&gt;&gt;</a>&nbsp;&nbsp;&nbsp;Uapps_PackRSLWithFromMsg
<LI><a href="#[ab]">&gt;&gt;</a>&nbsp;&nbsp;&nbsp;MCU_Send_date
<LI><a href="#[c4]">&gt;&gt;</a>&nbsp;&nbsp;&nbsp;MCU_UartReceive
<LI><a href="#[c3]">&gt;&gt;</a>&nbsp;&nbsp;&nbsp;__2snprintf
<LI><a href="#[c1]">&gt;&gt;</a>&nbsp;&nbsp;&nbsp;strstr
</UL>
<BR>[Called By]<UL><LI><a href="#[192]">&gt;&gt;</a>&nbsp;&nbsp;&nbsp;night_scene_off_send
<LI><a href="#[109]">&gt;&gt;</a>&nbsp;&nbsp;&nbsp;PLCP_eventReport
<LI><a href="#[108]">&gt;&gt;</a>&nbsp;&nbsp;&nbsp;PLCP_sendBindMsg
</UL>

<P><STRONG><a name="[b9]"></a>APP_SetScene</STRONG> (Thumb, 372 bytes, Stack size 32 bytes, plcp_scene.o(.text.APP_SetScene))
<BR><BR>[Stack]<UL><LI>Max Depth = 72<LI>Call Chain = APP_SetScene &rArr; app_flash_program &rArr; fmc_word_program
</UL>
<BR>[Calls]<UL><LI><a href="#[6a]">&gt;&gt;</a>&nbsp;&nbsp;&nbsp;app_flash_program
<LI><a href="#[6d]">&gt;&gt;</a>&nbsp;&nbsp;&nbsp;__2printf
<LI><a href="#[3a]">&gt;&gt;</a>&nbsp;&nbsp;&nbsp;__aeabi_memclr
<LI><a href="#[87]">&gt;&gt;</a>&nbsp;&nbsp;&nbsp;__aeabi_memcpy
<LI><a href="#[a1]">&gt;&gt;</a>&nbsp;&nbsp;&nbsp;putchar
<LI><a href="#[69]">&gt;&gt;</a>&nbsp;&nbsp;&nbsp;puts
</UL>
<BR>[Called By]<UL><LI><a href="#[b0]">&gt;&gt;</a>&nbsp;&nbsp;&nbsp;APP_Scene_Join
</UL>

<P><STRONG><a name="[7b]"></a>APP_StrToHex</STRONG> (Thumb, 820 bytes, Stack size 52 bytes, uapps.o(.text.APP_StrToHex))
<BR><BR>[Stack]<UL><LI>Max Depth = 52<LI>Call Chain = APP_StrToHex
</UL>
<BR>[Called By]<UL><LI><a href="#[80]">&gt;&gt;</a>&nbsp;&nbsp;&nbsp;APP_Device_SceneClose
<LI><a href="#[83]">&gt;&gt;</a>&nbsp;&nbsp;&nbsp;APP_Device_SceneStart
<LI><a href="#[79]">&gt;&gt;</a>&nbsp;&nbsp;&nbsp;APP_Device_GroupClose
<LI><a href="#[7e]">&gt;&gt;</a>&nbsp;&nbsp;&nbsp;APP_Device_GroupState
<LI><a href="#[108]">&gt;&gt;</a>&nbsp;&nbsp;&nbsp;PLCP_sendBindMsg
</UL>

<P><STRONG><a name="[c5]"></a>APP_TOPIC_MSEProcessing</STRONG> (Thumb, 652 bytes, Stack size 688 bytes, mseprocess.o(.text.APP_TOPIC_MSEProcessing))
<BR><BR>[Stack]<UL><LI>Max Depth = 1840<LI>Call Chain = APP_TOPIC_MSEProcessing &rArr; APP_BIND_Processing &rArr; APP_SendACK &rArr; UappsGetNodaFromOptionFROM &rArr; RslFromBytes &rArr; RslFromStr &rArr; atol &rArr; strtol &rArr; _strtoul
</UL>
<BR>[Calls]<UL><LI><a href="#[7c]">&gt;&gt;</a>&nbsp;&nbsp;&nbsp;APP_Attribute_GetPointer
<LI><a href="#[6b]">&gt;&gt;</a>&nbsp;&nbsp;&nbsp;APP_BIND_Processing
<LI><a href="#[a3]">&gt;&gt;</a>&nbsp;&nbsp;&nbsp;APP_STATE_DEVICESTATE
<LI><a href="#[b3]">&gt;&gt;</a>&nbsp;&nbsp;&nbsp;APP_STATE_SET_CONFIG
<LI><a href="#[ac]">&gt;&gt;</a>&nbsp;&nbsp;&nbsp;APP_STATE_OFF_Processing
<LI><a href="#[ae]">&gt;&gt;</a>&nbsp;&nbsp;&nbsp;APP_STATE_ON_Processing
<LI><a href="#[78]">&gt;&gt;</a>&nbsp;&nbsp;&nbsp;APP_SendACK
<LI><a href="#[ab]">&gt;&gt;</a>&nbsp;&nbsp;&nbsp;MCU_Send_date
<LI><a href="#[c8]">&gt;&gt;</a>&nbsp;&nbsp;&nbsp;MCU_Get_Ver
<LI><a href="#[c7]">&gt;&gt;</a>&nbsp;&nbsp;&nbsp;MCU_Device_ResetService
<LI><a href="#[c6]">&gt;&gt;</a>&nbsp;&nbsp;&nbsp;MCU_Device_Factory
<LI><a href="#[a7]">&gt;&gt;</a>&nbsp;&nbsp;&nbsp;UappsGetNodaFromOptionFROM
<LI><a href="#[a8]">&gt;&gt;</a>&nbsp;&nbsp;&nbsp;UappsAddFromOption
<LI><a href="#[a6]">&gt;&gt;</a>&nbsp;&nbsp;&nbsp;UappsSimpleResponse
<LI><a href="#[aa]">&gt;&gt;</a>&nbsp;&nbsp;&nbsp;Uapps2Bytes
<LI><a href="#[8d]">&gt;&gt;</a>&nbsp;&nbsp;&nbsp;strcmp
<LI><a href="#[a9]">&gt;&gt;</a>&nbsp;&nbsp;&nbsp;__aeabi_memclr8
<LI><a href="#[6e]">&gt;&gt;</a>&nbsp;&nbsp;&nbsp;__aeabi_memclr4
<LI><a href="#[69]">&gt;&gt;</a>&nbsp;&nbsp;&nbsp;puts
</UL>
<BR>[Called By]<UL><LI><a href="#[9c]">&gt;&gt;</a>&nbsp;&nbsp;&nbsp;APP_UappsMsgProcessing
</UL>

<P><STRONG><a name="[c9]"></a>APP_TxBuffer_Add</STRONG> (Thumb, 100 bytes, Stack size 24 bytes, app_txbuffer.o(.text.APP_TxBuffer_Add))
<BR><BR>[Stack]<UL><LI>Max Depth = 48<LI>Call Chain = APP_TxBuffer_Add &rArr; puts &rArr; fputc
</UL>
<BR>[Calls]<UL><LI><a href="#[87]">&gt;&gt;</a>&nbsp;&nbsp;&nbsp;__aeabi_memcpy
<LI><a href="#[69]">&gt;&gt;</a>&nbsp;&nbsp;&nbsp;puts
</UL>
<BR>[Called By]<UL><LI><a href="#[ab]">&gt;&gt;</a>&nbsp;&nbsp;&nbsp;MCU_Send_date
[...]
<LI><a href="#[171]">&gt;&gt;</a>&nbsp;&nbsp;&nbsp;switch_adapter_kj_mode_table_save
<LI><a href="#[175]">&gt;&gt;</a>&nbsp;&nbsp;&nbsp;attr_led_state_table_recover
<LI><a href="#[bc]">&gt;&gt;</a>&nbsp;&nbsp;&nbsp;night_scene_close
<LI><a href="#[bb]">&gt;&gt;</a>&nbsp;&nbsp;&nbsp;APP_Scene_TOPIC_MSEProcessing
<LI><a href="#[79]">&gt;&gt;</a>&nbsp;&nbsp;&nbsp;APP_Device_GroupClose
<LI><a href="#[7e]">&gt;&gt;</a>&nbsp;&nbsp;&nbsp;APP_Device_GroupState
<LI><a href="#[8a]">&gt;&gt;</a>&nbsp;&nbsp;&nbsp;APP_Group_TOPIC_MSEProcessing
<LI><a href="#[c5]">&gt;&gt;</a>&nbsp;&nbsp;&nbsp;APP_TOPIC_MSEProcessing
<LI><a href="#[75]">&gt;&gt;</a>&nbsp;&nbsp;&nbsp;PLCP_GetBindData
<LI><a href="#[72]">&gt;&gt;</a>&nbsp;&nbsp;&nbsp;PLCP_CountKJInDelBindParam
<LI><a href="#[70]">&gt;&gt;</a>&nbsp;&nbsp;&nbsp;PLCP_bindTableWrite
<LI><a href="#[6c]">&gt;&gt;</a>&nbsp;&nbsp;&nbsp;PLCP_CountBindDataInAddBindParam
<LI><a href="#[6b]">&gt;&gt;</a>&nbsp;&nbsp;&nbsp;APP_BIND_Processing
<LI><a href="#[b2]">&gt;&gt;</a>&nbsp;&nbsp;&nbsp;APP_Scene_Quit
<LI><a href="#[b1]">&gt;&gt;</a>&nbsp;&nbsp;&nbsp;APP_STATE_SCENE_QUIT
<LI><a href="#[af]">&gt;&gt;</a>&nbsp;&nbsp;&nbsp;APP_STATE_SCENE_JOIN
<LI><a href="#[88]">&gt;&gt;</a>&nbsp;&nbsp;&nbsp;APP_Group_List
<LI><a href="#[89]">&gt;&gt;</a>&nbsp;&nbsp;&nbsp;APP_Group_Quit
<LI><a href="#[8f]">&gt;&gt;</a>&nbsp;&nbsp;&nbsp;APP_STATE_GROUP_QUIT
<LI><a href="#[86]">&gt;&gt;</a>&nbsp;&nbsp;&nbsp;APP_Group_Join
<LI><a href="#[8e]">&gt;&gt;</a>&nbsp;&nbsp;&nbsp;APP_STATE_GROUP_JOIN
<LI><a href="#[b3]">&gt;&gt;</a>&nbsp;&nbsp;&nbsp;APP_STATE_SET_CONFIG
<LI><a href="#[c0]">&gt;&gt;</a>&nbsp;&nbsp;&nbsp;Uapps_PackRSLWithFromMsg
<LI><a href="#[9c]">&gt;&gt;</a>&nbsp;&nbsp;&nbsp;APP_UappsMsgProcessing
<LI><a href="#[c8]">&gt;&gt;</a>&nbsp;&nbsp;&nbsp;MCU_Get_Ver
<LI><a href="#[b5]">&gt;&gt;</a>&nbsp;&nbsp;&nbsp;MCU_Get_Config
<LI><a href="#[b7]">&gt;&gt;</a>&nbsp;&nbsp;&nbsp;APP_SceneGroupClr
<LI><a href="#[c6]">&gt;&gt;</a>&nbsp;&nbsp;&nbsp;MCU_Device_Factory
<LI><a href="#[e5]">&gt;&gt;</a>&nbsp;&nbsp;&nbsp;attr_light_ct_table_set
<LI><a href="#[f6]">&gt;&gt;</a>&nbsp;&nbsp;&nbsp;special_scene_set
<LI><a href="#[97]">&gt;&gt;</a>&nbsp;&nbsp;&nbsp;APP_ReadAllSceneInfo
<LI><a href="#[d5]">&gt;&gt;</a>&nbsp;&nbsp;&nbsp;CmdTest_MSE_SET_Transfer
<LI><a href="#[ee]">&gt;&gt;</a>&nbsp;&nbsp;&nbsp;PLCP_Load_Widgets
<LI><a href="#[e8]">&gt;&gt;</a>&nbsp;&nbsp;&nbsp;PLCP_Load_AEInfo
<LI><a href="#[eb]">&gt;&gt;</a>&nbsp;&nbsp;&nbsp;PLCP_Load_Product
<LI><a href="#[d4]">&gt;&gt;</a>&nbsp;&nbsp;&nbsp;CmdTest_MSE_GET_MAC
<LI><a href="#[1a4]">&gt;&gt;</a>&nbsp;&nbsp;&nbsp;switch_api_button_event_handler
<LI><a href="#[140]">&gt;&gt;</a>&nbsp;&nbsp;&nbsp;plcp_panel_init
<LI><a href="#[31]">&gt;&gt;</a>&nbsp;&nbsp;&nbsp;read_adc_value
<LI><a href="#[108]">&gt;&gt;</a>&nbsp;&nbsp;&nbsp;PLCP_sendBindMsg
<LI><a href="#[b9]">&gt;&gt;</a>&nbsp;&nbsp;&nbsp;APP_SetScene
</UL>

<P><STRONG><a name="[2]"></a>realloc</STRONG> (Thumb, 110 bytes, Stack size 40 bytes, mallocr.o(i.realloc))
<BR><BR>[Stack]<UL><LI>Max Depth = 88<LI>Call Chain = realloc &rArr; malloc &rArr; internal_alloc
</UL>
<BR>[Calls]<UL><LI><a href="#[0]">&gt;&gt;</a>&nbsp;&nbsp;&nbsp;malloc
<LI><a href="#[1]">&gt;&gt;</a>&nbsp;&nbsp;&nbsp;free
<LI><a href="#[1af]">&gt;&gt;</a>&nbsp;&nbsp;&nbsp;internal_alloc
</UL>
<BR>[Address Reference Count : 1]<UL><LI> cjson.o(.data.global_hooks)
</UL>
<P><STRONG><a name="[197]"></a>strtod</STRONG> (Thumb, 30 bytes, Stack size 16 bytes, strtod.o(i.strtod))
<BR><BR>[Stack]<UL><LI>Max Depth = 216<LI>Call Chain = strtod &rArr; __strtod_int &rArr; _local_sscanf &rArr; _scanf_real
</UL>
<BR>[Calls]<UL><LI><a href="#[5e]">&gt;&gt;</a>&nbsp;&nbsp;&nbsp;__strtod_int
</UL>
<BR>[Called By]<UL><LI><a href="#[183]">&gt;&gt;</a>&nbsp;&nbsp;&nbsp;parse_value
</UL>
<P>
<H3>
Local Symbols
</H3>
<P><STRONG><a name="[30]"></a>plcp_panel_event_handler</STRONG> (Thumb, 2 bytes, Stack size 0 bytes, plcp_panel.o(.text.plcp_panel_event_handler))
<BR>[Address Reference Count : 1]<UL><LI> plcp_panel.o(.text.plcp_panel_init)
</UL>
<P><STRONG><a name="[31]"></a>read_adc_value</STRONG> (Thumb, 248 bytes, Stack size 32 bytes, plcp_panel.o(.text.read_adc_value))
<BR><BR>[Stack]<UL><LI>Max Depth = 1280<LI>Call Chain = read_adc_value &rArr; switch_api_button_event_handler &rArr; PLCP_WigetEventWithType &rArr; PLCP_sendBindMsg &rArr; APP_SendRSL &rArr; Uapps_PackRSLWithFromMsg &rArr; Uapps2Bytes &rArr; uapps_build
</UL>
<BR>[Calls]<UL><LI><a href="#[de]">&gt;&gt;</a>&nbsp;&nbsp;&nbsp;delay_1ms
<LI><a href="#[1a5]">&gt;&gt;</a>&nbsp;&nbsp;&nbsp;app_calculate_average
<LI><a href="#[1a4]">&gt;&gt;</a>&nbsp;&nbsp;&nbsp;switch_api_button_event_handler
<LI><a href="#[1a3]">&gt;&gt;</a>&nbsp;&nbsp;&nbsp;get_panel_pins
<LI><a href="#[1a2]">&gt;&gt;</a>&nbsp;&nbsp;&nbsp;app_get_adc_value
<LI><a href="#[69]">&gt;&gt;</a>&nbsp;&nbsp;&nbsp;puts
</UL>
<BR>[Address Reference Count : 1]<UL><LI> plcp_panel.o(.text.plcp_panel_init)
</UL>
<P><STRONG><a name="[32]"></a>plcp_panel_tast</STRONG> (Thumb, 348 bytes, Stack size 16 bytes, plcp_panel.o(.text.plcp_panel_tast))
<BR><BR>[Stack]<UL><LI>Max Depth = 904<LI>Call Chain = plcp_panel_tast &rArr; MCU_Enable_Transmission &rArr; CmdTest_MSE_SET_Transfer &rArr; Aps_UartMessage &rArr; Uapps2Bytes &rArr; uapps_build
</UL>
<BR>[Calls]<UL><LI><a href="#[7c]">&gt;&gt;</a>&nbsp;&nbsp;&nbsp;APP_Attribute_GetPointer
<LI><a href="#[19d]">&gt;&gt;</a>&nbsp;&nbsp;&nbsp;switch_api_init
<LI><a href="#[179]">&gt;&gt;</a>&nbsp;&nbsp;&nbsp;switch_adapter_led_ctrl
<LI><a href="#[d1]">&gt;&gt;</a>&nbsp;&nbsp;&nbsp;CmdTest_MSE_GET_CC0MAC
<LI><a href="#[d3]">&gt;&gt;</a>&nbsp;&nbsp;&nbsp;CmdTest_MSE_GET_DID
<LI><a href="#[d4]">&gt;&gt;</a>&nbsp;&nbsp;&nbsp;CmdTest_MSE_GET_MAC
<LI><a href="#[df]">&gt;&gt;</a>&nbsp;&nbsp;&nbsp;MCU_Enable_Transmission
<LI><a href="#[ec]">&gt;&gt;</a>&nbsp;&nbsp;&nbsp;MCU_Load_Widgets
<LI><a href="#[e6]">&gt;&gt;</a>&nbsp;&nbsp;&nbsp;MCU_Load_AEInfo
<LI><a href="#[e9]">&gt;&gt;</a>&nbsp;&nbsp;&nbsp;MCU_Load_Product
</UL>
<BR>[Address Reference Count : 1]<UL><LI> plcp_panel.o(.text.plcp_panel_init)
</UL>
<P><STRONG><a name="[185]"></a>light_execute</STRONG> (Thumb, 208 bytes, Stack size 24 bytes, light_ct_adapter.o(.text.light_execute))
<BR><BR>[Stack]<UL><LI>Max Depth = 60<LI>Call Chain = light_execute &rArr; __aeabi_fsub &rArr; __aeabi_fadd &rArr; _float_epilogue
</UL>
<BR>[Calls]<UL><LI><a href="#[18d]">&gt;&gt;</a>&nbsp;&nbsp;&nbsp;__aeabi_f2iz
<LI><a href="#[18c]">&gt;&gt;</a>&nbsp;&nbsp;&nbsp;__aeabi_fmul
<LI><a href="#[4d]">&gt;&gt;</a>&nbsp;&nbsp;&nbsp;__aeabi_fsub
<LI><a href="#[4f]">&gt;&gt;</a>&nbsp;&nbsp;&nbsp;__aeabi_fdiv
<LI><a href="#[57]">&gt;&gt;</a>&nbsp;&nbsp;&nbsp;__aeabi_ui2f
<LI><a href="#[17a]">&gt;&gt;</a>&nbsp;&nbsp;&nbsp;get_light_info
<LI><a href="#[18b]">&gt;&gt;</a>&nbsp;&nbsp;&nbsp;app_set_pwm_hw_fade
</UL>
<BR>[Called By]<UL><LI><a href="#[17b]">&gt;&gt;</a>&nbsp;&nbsp;&nbsp;light_adapter_ctrl
<LI><a href="#[2e]">&gt;&gt;</a>&nbsp;&nbsp;&nbsp;delay_exe_light
</UL>

<P><STRONG><a name="[2e]"></a>delay_exe_light</STRONG> (Thumb, 8 bytes, Stack size 0 bytes, light_ct_adapter.o(.text.delay_exe_light))
<BR><BR>[Stack]<UL><LI>Max Depth = 60<LI>Call Chain = delay_exe_light &rArr; light_execute &rArr; __aeabi_fsub &rArr; __aeabi_fadd &rArr; _float_epilogue
</UL>
<BR>[Calls]<UL><LI><a href="#[185]">&gt;&gt;</a>&nbsp;&nbsp;&nbsp;light_execute
</UL>
<BR>[Address Reference Count : 1]<UL><LI> light_ct_adapter.o(.text.light_adapter_ctrl)
</UL>
<P><STRONG><a name="[183]"></a>parse_value</STRONG> (Thumb, 584 bytes, Stack size 112 bytes, cjson.o(.text.parse_value))
<BR><BR>[Stack]<UL><LI>Max Depth = 328 + In Cycle
<LI>Call Chain = parse_value &rArr;  parse_value (Cycle)
</UL>
<BR>[Calls]<UL><LI><a href="#[fe]">&gt;&gt;</a>&nbsp;&nbsp;&nbsp;cJSON_Delete
<LI><a href="#[58]">&gt;&gt;</a>&nbsp;&nbsp;&nbsp;__aeabi_d2iz
<LI><a href="#[199]">&gt;&gt;</a>&nbsp;&nbsp;&nbsp;__aeabi_dcmple
<LI><a href="#[198]">&gt;&gt;</a>&nbsp;&nbsp;&nbsp;__aeabi_dcmpge
<LI><a href="#[193]">&gt;&gt;</a>&nbsp;&nbsp;&nbsp;parse_object
<LI><a href="#[196]">&gt;&gt;</a>&nbsp;&nbsp;&nbsp;buffer_skip_whitespace
<LI><a href="#[194]">&gt;&gt;</a>&nbsp;&nbsp;&nbsp;parse_string
<LI><a href="#[183]">&gt;&gt;</a>&nbsp;&nbsp;&nbsp;parse_value
<LI><a href="#[b8]">&gt;&gt;</a>&nbsp;&nbsp;&nbsp;strncmp
<LI><a href="#[a9]">&gt;&gt;</a>&nbsp;&nbsp;&nbsp;__aeabi_memclr8
<LI><a href="#[197]">&gt;&gt;</a>&nbsp;&nbsp;&nbsp;strtod
</UL>
<BR>[Called By]<UL><LI><a href="#[182]">&gt;&gt;</a>&nbsp;&nbsp;&nbsp;cJSON_ParseWithLengthOpts
<LI><a href="#[193]">&gt;&gt;</a>&nbsp;&nbsp;&nbsp;parse_object
<LI><a href="#[183]">&gt;&gt;</a>&nbsp;&nbsp;&nbsp;parse_value
</UL>

<P><STRONG><a name="[194]"></a>parse_string</STRONG> (Thumb, 1088 bytes, Stack size 72 bytes, cjson.o(.text.parse_string))
<BR><BR>[Stack]<UL><LI>Max Depth = 100<LI>Call Chain = parse_string &rArr; parse_hex4
</UL>
<BR>[Calls]<UL><LI><a href="#[195]">&gt;&gt;</a>&nbsp;&nbsp;&nbsp;parse_hex4
</UL>
<BR>[Called By]<UL><LI><a href="#[193]">&gt;&gt;</a>&nbsp;&nbsp;&nbsp;parse_object
<LI><a href="#[183]">&gt;&gt;</a>&nbsp;&nbsp;&nbsp;parse_value
</UL>

<P><STRONG><a name="[196]"></a>buffer_skip_whitespace</STRONG> (Thumb, 126 bytes, Stack size 28 bytes, cjson.o(.text.buffer_skip_whitespace))
<BR><BR>[Stack]<UL><LI>Max Depth = 28<LI>Call Chain = buffer_skip_whitespace
</UL>
<BR>[Called By]<UL><LI><a href="#[183]">&gt;&gt;</a>&nbsp;&nbsp;&nbsp;parse_value
</UL>

<P><STRONG><a name="[193]"></a>parse_object</STRONG> (Thumb, 838 bytes, Stack size 48 bytes, cjson.o(.text.parse_object))
<BR><BR>[Stack]<UL><LI>Max Depth = 148 + In Cycle
<LI>Call Chain = parse_object &rArr;  parse_value (Cycle)
</UL>
<BR>[Calls]<UL><LI><a href="#[fe]">&gt;&gt;</a>&nbsp;&nbsp;&nbsp;cJSON_Delete
<LI><a href="#[194]">&gt;&gt;</a>&nbsp;&nbsp;&nbsp;parse_string
<LI><a href="#[183]">&gt;&gt;</a>&nbsp;&nbsp;&nbsp;parse_value
<LI><a href="#[a9]">&gt;&gt;</a>&nbsp;&nbsp;&nbsp;__aeabi_memclr8
</UL>
<BR>[Called By]<UL><LI><a href="#[183]">&gt;&gt;</a>&nbsp;&nbsp;&nbsp;parse_value
</UL>

<P><STRONG><a name="[184]"></a>print</STRONG> (Thumb, 156 bytes, Stack size 64 bytes, cjson.o(.text.print))
<BR><BR>[Stack]<UL><LI>Max Depth = 424<LI>Call Chain = print &rArr; print_value &rArr;  print_value (Cycle)
</UL>
<BR>[Calls]<UL><LI><a href="#[19e]">&gt;&gt;</a>&nbsp;&nbsp;&nbsp;print_value
<LI><a href="#[7a]">&gt;&gt;</a>&nbsp;&nbsp;&nbsp;strlen
<LI><a href="#[87]">&gt;&gt;</a>&nbsp;&nbsp;&nbsp;__aeabi_memcpy
</UL>
<BR>[Called By]<UL><LI><a href="#[110]">&gt;&gt;</a>&nbsp;&nbsp;&nbsp;cJSON_PrintUnformatted
</UL>

<P><STRONG><a name="[19e]"></a>print_value</STRONG> (Thumb, 1308 bytes, Stack size 96 bytes, cjson.o(.text.print_value))
<BR><BR>[Stack]<UL><LI>Max Depth = 360 + In Cycle
<LI>Call Chain = print_value &rArr;  print_value (Cycle)
</UL>
<BR>[Calls]<UL><LI><a href="#[42]">&gt;&gt;</a>&nbsp;&nbsp;&nbsp;__aeabi_dmul
<LI><a href="#[55]">&gt;&gt;</a>&nbsp;&nbsp;&nbsp;__aeabi_dsub
<LI><a href="#[1a0]">&gt;&gt;</a>&nbsp;&nbsp;&nbsp;__aeabi_dcmpgt
<LI><a href="#[199]">&gt;&gt;</a>&nbsp;&nbsp;&nbsp;__aeabi_dcmple
<LI><a href="#[19f]">&gt;&gt;</a>&nbsp;&nbsp;&nbsp;print_string_ptr
<LI><a href="#[187]">&gt;&gt;</a>&nbsp;&nbsp;&nbsp;ensure
<LI><a href="#[19e]">&gt;&gt;</a>&nbsp;&nbsp;&nbsp;print_value
<LI><a href="#[10f]">&gt;&gt;</a>&nbsp;&nbsp;&nbsp;__2sprintf
<LI><a href="#[7a]">&gt;&gt;</a>&nbsp;&nbsp;&nbsp;strlen
<LI><a href="#[87]">&gt;&gt;</a>&nbsp;&nbsp;&nbsp;__aeabi_memcpy
<LI><a href="#[3d]">&gt;&gt;</a>&nbsp;&nbsp;&nbsp;__0sscanf
</UL>
<BR>[Called By]<UL><LI><a href="#[19e]">&gt;&gt;</a>&nbsp;&nbsp;&nbsp;print_value
<LI><a href="#[184]">&gt;&gt;</a>&nbsp;&nbsp;&nbsp;print
</UL>

<P><STRONG><a name="[187]"></a>ensure</STRONG> (Thumb, 132 bytes, Stack size 16 bytes, cjson.o(.text.ensure))
<BR><BR>[Stack]<UL><LI>Max Depth = 16<LI>Call Chain = ensure
</UL>
<BR>[Calls]<UL><LI><a href="#[87]">&gt;&gt;</a>&nbsp;&nbsp;&nbsp;__aeabi_memcpy
</UL>
<BR>[Called By]<UL><LI><a href="#[19f]">&gt;&gt;</a>&nbsp;&nbsp;&nbsp;print_string_ptr
<LI><a href="#[19e]">&gt;&gt;</a>&nbsp;&nbsp;&nbsp;print_value
</UL>

<P><STRONG><a name="[19f]"></a>print_string_ptr</STRONG> (Thumb, 684 bytes, Stack size 32 bytes, cjson.o(.text.print_string_ptr))
<BR><BR>[Stack]<UL><LI>Max Depth = 56<LI>Call Chain = print_string_ptr &rArr; __2sprintf
</UL>
<BR>[Calls]<UL><LI><a href="#[187]">&gt;&gt;</a>&nbsp;&nbsp;&nbsp;ensure
<LI><a href="#[10f]">&gt;&gt;</a>&nbsp;&nbsp;&nbsp;__2sprintf
<LI><a href="#[87]">&gt;&gt;</a>&nbsp;&nbsp;&nbsp;__aeabi_memcpy
</UL>
<BR>[Called By]<UL><LI><a href="#[19e]">&gt;&gt;</a>&nbsp;&nbsp;&nbsp;print_value
</UL>

<P><STRONG><a name="[181]"></a>get_object_item</STRONG> (Thumb, 152 bytes, Stack size 40 bytes, cjson.o(.text.get_object_item))
<BR><BR>[Stack]<UL><LI>Max Depth = 48<LI>Call Chain = get_object_item &rArr; strcmp
</UL>
<BR>[Calls]<UL><LI><a href="#[8d]">&gt;&gt;</a>&nbsp;&nbsp;&nbsp;strcmp
<LI><a href="#[18a]">&gt;&gt;</a>&nbsp;&nbsp;&nbsp;tolower
</UL>
<BR>[Called By]<UL><LI><a href="#[f9]">&gt;&gt;</a>&nbsp;&nbsp;&nbsp;cJSON_GetObjectItem
</UL>

<P><STRONG><a name="[195]"></a>parse_hex4</STRONG> (Thumb, 192 bytes, Stack size 28 bytes, cjson.o(.text.parse_hex4))
<BR><BR>[Stack]<UL><LI>Max Depth = 28<LI>Call Chain = parse_hex4
</UL>
<BR>[Called By]<UL><LI><a href="#[194]">&gt;&gt;</a>&nbsp;&nbsp;&nbsp;parse_string
</UL>

<P><STRONG><a name="[2c]"></a>app_proto_check</STRONG> (Thumb, 10 bytes, Stack size 0 bytes, protocol.o(.text.app_proto_check))
<BR><BR>[Stack]<UL><LI>Max Depth = 40<LI>Call Chain = app_proto_check &rArr; MCU_UartReceive &rArr; APP_RxBuffer_Add
</UL>
<BR>[Calls]<UL><LI><a href="#[c4]">&gt;&gt;</a>&nbsp;&nbsp;&nbsp;MCU_UartReceive
</UL>
<BR>[Address Reference Count : 1]<UL><LI> protocol.o(.text.app_proto_init)
</UL>
<P><STRONG><a name="[155]"></a>find_timer_by_name</STRONG> (Thumb, 292 bytes, Stack size 24 bytes, timer.o(.text.find_timer_by_name))
<BR><BR>[Stack]<UL><LI>Max Depth = 32<LI>Call Chain = find_timer_by_name &rArr; strcmp
</UL>
<BR>[Calls]<UL><LI><a href="#[8d]">&gt;&gt;</a>&nbsp;&nbsp;&nbsp;strcmp
</UL>
<BR>[Called By]<UL><LI><a href="#[154]">&gt;&gt;</a>&nbsp;&nbsp;&nbsp;app_timer_stop
</UL>

<P><STRONG><a name="[103]"></a>kjToEventSEAndAEI</STRONG> (Thumb, 104 bytes, Stack size 56 bytes, plcp_bind.o(.text.kjToEventSEAndAEI))
<BR><BR>[Stack]<UL><LI>Max Depth = 144<LI>Call Chain = kjToEventSEAndAEI &rArr; atol &rArr; strtol &rArr; _strtoul
</UL>
<BR>[Calls]<UL><LI><a href="#[115]">&gt;&gt;</a>&nbsp;&nbsp;&nbsp;isNumber
<LI><a href="#[106]">&gt;&gt;</a>&nbsp;&nbsp;&nbsp;strcpy
<LI><a href="#[7a]">&gt;&gt;</a>&nbsp;&nbsp;&nbsp;strlen
<LI><a href="#[101]">&gt;&gt;</a>&nbsp;&nbsp;&nbsp;strchr
<LI><a href="#[47]">&gt;&gt;</a>&nbsp;&nbsp;&nbsp;atol
</UL>
<BR>[Called By]<UL><LI><a href="#[76]">&gt;&gt;</a>&nbsp;&nbsp;&nbsp;PLCP_GetEventInDelBindParam
<LI><a href="#[75]">&gt;&gt;</a>&nbsp;&nbsp;&nbsp;PLCP_GetBindData
<LI><a href="#[73]">&gt;&gt;</a>&nbsp;&nbsp;&nbsp;PLCP_GetKJInDelBindParam
<LI><a href="#[6f]">&gt;&gt;</a>&nbsp;&nbsp;&nbsp;PLCP_GetBindDataInAddBindParam
</UL>

<P><STRONG><a name="[2f]"></a>night_delay</STRONG> (Thumb, 56 bytes, Stack size 16 bytes, plcp_special_scene.o(.text.night_delay))
<BR><BR>[Stack]<UL><LI>Max Depth = 80<LI>Call Chain = night_delay &rArr; attr_ad_led_b_table_set &rArr; switch_adapter_ad_led_b_table_save &rArr; app_flash_program &rArr; fmc_word_program
</UL>
<BR>[Calls]<UL><LI><a href="#[16f]">&gt;&gt;</a>&nbsp;&nbsp;&nbsp;attr_ad_led_b_table_set
<LI><a href="#[6d]">&gt;&gt;</a>&nbsp;&nbsp;&nbsp;__2printf
</UL>
<BR>[Address Reference Count : 1]<UL><LI> plcp_special_scene.o(.text.night_scene_open)
</UL>
<P><STRONG><a name="[1b0]"></a>_fp_digits</STRONG> (Thumb, 344 bytes, Stack size 64 bytes, printfa.o(i._fp_digits), UNUSED)
<BR><BR>[Calls]<UL><LI><a href="#[42]">&gt;&gt;</a>&nbsp;&nbsp;&nbsp;__aeabi_dmul
<LI><a href="#[5a]">&gt;&gt;</a>&nbsp;&nbsp;&nbsp;__aeabi_uldivmod
<LI><a href="#[43]">&gt;&gt;</a>&nbsp;&nbsp;&nbsp;__aeabi_ddiv
<LI><a href="#[50]">&gt;&gt;</a>&nbsp;&nbsp;&nbsp;__aeabi_dadd
<LI><a href="#[62]">&gt;&gt;</a>&nbsp;&nbsp;&nbsp;__aeabi_d2ulz
<LI><a href="#[1b1]">&gt;&gt;</a>&nbsp;&nbsp;&nbsp;__aeabi_cdrcmple
</UL>
<BR>[Called By]<UL><LI><a href="#[1ac]">&gt;&gt;</a>&nbsp;&nbsp;&nbsp;_printf_core
</UL>

<P><STRONG><a name="[1ac]"></a>_printf_core</STRONG> (Thumb, 1754 bytes, Stack size 128 bytes, printfa.o(i._printf_core), UNUSED)
<BR><BR>[Calls]<UL><LI><a href="#[1b2]">&gt;&gt;</a>&nbsp;&nbsp;&nbsp;_printf_pre_padding
<LI><a href="#[1b3]">&gt;&gt;</a>&nbsp;&nbsp;&nbsp;_printf_post_padding
<LI><a href="#[1b0]">&gt;&gt;</a>&nbsp;&nbsp;&nbsp;_fp_digits
<LI><a href="#[1b4]">&gt;&gt;</a>&nbsp;&nbsp;&nbsp;__aeabi_uidivmod
<LI><a href="#[5a]">&gt;&gt;</a>&nbsp;&nbsp;&nbsp;__aeabi_uldivmod
</UL>
<BR>[Called By]<UL><LI><a href="#[1ae]">&gt;&gt;</a>&nbsp;&nbsp;&nbsp;__0sprintf
<LI><a href="#[1ad]">&gt;&gt;</a>&nbsp;&nbsp;&nbsp;__0snprintf
<LI><a href="#[1ab]">&gt;&gt;</a>&nbsp;&nbsp;&nbsp;__0printf
</UL>

<P><STRONG><a name="[1b3]"></a>_printf_post_padding</STRONG> (Thumb, 32 bytes, Stack size 24 bytes, printfa.o(i._printf_post_padding), UNUSED)
<BR><BR>[Called By]<UL><LI><a href="#[1ac]">&gt;&gt;</a>&nbsp;&nbsp;&nbsp;_printf_core
</UL>

<P><STRONG><a name="[1b2]"></a>_printf_pre_padding</STRONG> (Thumb, 44 bytes, Stack size 40 bytes, printfa.o(i._printf_pre_padding), UNUSED)
<BR><BR>[Called By]<UL><LI><a href="#[1ac]">&gt;&gt;</a>&nbsp;&nbsp;&nbsp;_printf_core
</UL>

<P><STRONG><a name="[36]"></a>_snputc</STRONG> (Thumb, 22 bytes, Stack size 0 bytes, printfa.o(i._snputc))
<BR>[Address Reference Count : 1]<UL><LI> printfa.o(i.__0snprintf)
</UL>
<P><STRONG><a name="[37]"></a>_sputc</STRONG> (Thumb, 10 bytes, Stack size 0 bytes, printfa.o(i._sputc))
<BR><BR>[Called By]<UL><LI><a href="#[1ae]">&gt;&gt;</a>&nbsp;&nbsp;&nbsp;__0sprintf
</UL>
<BR>[Address Reference Count : 1]<UL><LI> printfa.o(i.__0sprintf)
</UL>
<P><STRONG><a name="[1af]"></a>internal_alloc</STRONG> (Thumb, 74 bytes, Stack size 24 bytes, mallocr.o(i.internal_alloc))
<BR><BR>[Stack]<UL><LI>Max Depth = 24<LI>Call Chain = internal_alloc
</UL>
<BR>[Calls]<UL><LI><a href="#[87]">&gt;&gt;</a>&nbsp;&nbsp;&nbsp;__aeabi_memcpy
</UL>
<BR>[Called By]<UL><LI><a href="#[2]">&gt;&gt;</a>&nbsp;&nbsp;&nbsp;realloc
<LI><a href="#[0]">&gt;&gt;</a>&nbsp;&nbsp;&nbsp;malloc
</UL>

<P><STRONG><a name="[3f]"></a>_fp_value</STRONG> (Thumb, 286 bytes, Stack size 72 bytes, scanf_fp.o(.text), UNUSED)
<BR><BR>[Calls]<UL><LI><a href="#[42]">&gt;&gt;</a>&nbsp;&nbsp;&nbsp;__aeabi_dmul
<LI><a href="#[40]">&gt;&gt;</a>&nbsp;&nbsp;&nbsp;__aeabi_lmul
<LI><a href="#[41]">&gt;&gt;</a>&nbsp;&nbsp;&nbsp;__aeabi_ul2d
<LI><a href="#[43]">&gt;&gt;</a>&nbsp;&nbsp;&nbsp;__aeabi_ddiv
</UL>
<BR>[Called By]<UL><LI><a href="#[44]">&gt;&gt;</a>&nbsp;&nbsp;&nbsp;_scanf_really_real
</UL>

<P><STRONG><a name="[2a]"></a>_scanf_char_input</STRONG> (Thumb, 12 bytes, Stack size 0 bytes, scanf_char.o(.text))
<BR>[Address Reference Count : 1]<UL><LI> scanf_char.o(.text)
</UL>
<P><STRONG><a name="[5c]"></a>_local_sscanf</STRONG> (Thumb, 64 bytes, Stack size 56 bytes, strtod.o(.text))
<BR><BR>[Stack]<UL><LI>Max Depth = 160<LI>Call Chain = _local_sscanf &rArr; _scanf_real
</UL>
<BR>[Calls]<UL><LI><a href="#[5d]">&gt;&gt;</a>&nbsp;&nbsp;&nbsp;_scanf_real
</UL>
<BR>[Called By]<UL><LI><a href="#[5e]">&gt;&gt;</a>&nbsp;&nbsp;&nbsp;__strtod_int
</UL>
<P>
<H3>
Undefined Global Symbols
</H3>
<P><STRONG><a name="[65]"></a>_scanf_int</STRONG> (ARM, 0 bytes, Stack size 0 bytes, UNDEFINED)
<BR><BR>[Called By]<UL><LI><a href="#[5b]">&gt;&gt;</a>&nbsp;&nbsp;&nbsp;__vfscanf
</UL>

<P><STRONG><a name="[64]"></a>_scanf_longlong</STRONG> (ARM, 0 bytes, Stack size 0 bytes, UNDEFINED)
<BR><BR>[Called By]<UL><LI><a href="#[5b]">&gt;&gt;</a>&nbsp;&nbsp;&nbsp;__vfscanf
</UL>

<P><STRONG><a name="[66]"></a>_scanf_string</STRONG> (ARM, 0 bytes, Stack size 0 bytes, UNDEFINED)
<BR><BR>[Called By]<UL><LI><a href="#[5b]">&gt;&gt;</a>&nbsp;&nbsp;&nbsp;__vfscanf
</UL>
<HR></body></html>
