Component: Arm Compiler for Embedded 6.23 Tool: armlink [5f102400]

==============================================================================

Section Cross References

    gd32e23x_it.o(.text.NMI_Handler) refers to gd32e23x_syscfg.o(.text.syscfg_flag_get) for syscfg_flag_get
    gd32e23x_it.o(.ARM.exidx.text.NMI_Handler) refers to gd32e23x_it.o(.text.NMI_Handler) for [Anonymous Symbol]
    gd32e23x_it.o(.ARM.exidx.text.HardFault_Handler) refers to gd32e23x_it.o(.text.HardFault_Handler) for [Anonymous Symbol]
    gd32e23x_it.o(.ARM.exidx.text.SVC_Handler) refers to gd32e23x_it.o(.text.SVC_Handler) for [Anonymous Symbol]
    gd32e23x_it.o(.ARM.exidx.text.PendSV_Handler) refers to gd32e23x_it.o(.text.PendSV_Handler) for [Anonymous Symbol]
    gd32e23x_it.o(.text.SysTick_Handler) refers to systick.o(.text.delay_decrement) for delay_decrement
    gd32e23x_it.o(.ARM.exidx.text.SysTick_Handler) refers to gd32e23x_it.o(.text.SysTick_Handler) for [Anonymous Symbol]
    main.o(.text.main) refers to printfa.o(i.__0printf) for __2printf
    main.o(.text.main) refers to systick.o(.text.systick_config) for systick_config
    main.o(.text.main) refers to systick.o(.text.delay_1ms) for delay_1ms
    main.o(.text.main) refers to usart.o(.text.app_usart_init) for app_usart_init
    main.o(.text.main) refers to eventbus.o(.text.app_eventbus_init) for app_eventbus_init
    main.o(.text.main) refers to timer.o(.text.app_timer_init) for app_timer_init
    main.o(.text.main) refers to watchdog.o(.text.app_watchdog_init) for app_watchdog_init
    main.o(.text.main) refers to protocol.o(.text.app_proto_init) for app_proto_init
    main.o(.text.main) refers to jump_device.o(.text.app_jump_device_init) for app_jump_device_init
    main.o(.text.main) refers to eventbus.o(.text.app_eventbus_poll) for app_eventbus_poll
    main.o(.text.main) refers to timer.o(.text.app_timer_poll) for app_timer_poll
    main.o(.ARM.exidx.text.main) refers to main.o(.text.main) for [Anonymous Symbol]
    systick.o(.text.systick_config) refers to system_gd32e23x.o(.data.SystemCoreClock) for SystemCoreClock
    systick.o(.ARM.exidx.text.systick_config) refers to systick.o(.text.systick_config) for [Anonymous Symbol]
    systick.o(.text.delay_1ms) refers to systick.o(.bss.delay) for [Anonymous Symbol]
    systick.o(.ARM.exidx.text.delay_1ms) refers to systick.o(.text.delay_1ms) for [Anonymous Symbol]
    systick.o(.text.delay_decrement) refers to systick.o(.bss.delay) for [Anonymous Symbol]
    systick.o(.ARM.exidx.text.delay_decrement) refers to systick.o(.text.delay_decrement) for [Anonymous Symbol]
    system_gd32e23x.o(.text.SystemInit) refers to gd32e23x_misc.o(.text.nvic_vector_table_set) for nvic_vector_table_set
    system_gd32e23x.o(.ARM.exidx.text.SystemInit) refers to system_gd32e23x.o(.text.SystemInit) for [Anonymous Symbol]
    system_gd32e23x.o(.text.SystemCoreClockUpdate) refers to system_gd32e23x.o(.data.SystemCoreClock) for SystemCoreClock
    system_gd32e23x.o(.ARM.exidx.text.SystemCoreClockUpdate) refers to system_gd32e23x.o(.text.SystemCoreClockUpdate) for [Anonymous Symbol]
    gd32e23x_adc.o(.text.adc_deinit) refers to gd32e23x_rcu.o(.text.rcu_periph_reset_enable) for rcu_periph_reset_enable
    gd32e23x_adc.o(.text.adc_deinit) refers to gd32e23x_rcu.o(.text.rcu_periph_reset_disable) for rcu_periph_reset_disable
    gd32e23x_adc.o(.ARM.exidx.text.adc_deinit) refers to gd32e23x_adc.o(.text.adc_deinit) for [Anonymous Symbol]
    gd32e23x_adc.o(.ARM.exidx.text.adc_enable) refers to gd32e23x_adc.o(.text.adc_enable) for [Anonymous Symbol]
    gd32e23x_adc.o(.ARM.exidx.text.adc_disable) refers to gd32e23x_adc.o(.text.adc_disable) for [Anonymous Symbol]
    gd32e23x_adc.o(.ARM.exidx.text.adc_calibration_enable) refers to gd32e23x_adc.o(.text.adc_calibration_enable) for [Anonymous Symbol]
    gd32e23x_adc.o(.ARM.exidx.text.adc_dma_mode_enable) refers to gd32e23x_adc.o(.text.adc_dma_mode_enable) for [Anonymous Symbol]
    gd32e23x_adc.o(.ARM.exidx.text.adc_dma_mode_disable) refers to gd32e23x_adc.o(.text.adc_dma_mode_disable) for [Anonymous Symbol]
    gd32e23x_adc.o(.ARM.exidx.text.adc_tempsensor_vrefint_enable) refers to gd32e23x_adc.o(.text.adc_tempsensor_vrefint_enable) for [Anonymous Symbol]
    gd32e23x_adc.o(.ARM.exidx.text.adc_tempsensor_vrefint_disable) refers to gd32e23x_adc.o(.text.adc_tempsensor_vrefint_disable) for [Anonymous Symbol]
    gd32e23x_adc.o(.ARM.exidx.text.adc_discontinuous_mode_config) refers to gd32e23x_adc.o(.text.adc_discontinuous_mode_config) for [Anonymous Symbol]
    gd32e23x_adc.o(.ARM.exidx.text.adc_special_function_config) refers to gd32e23x_adc.o(.text.adc_special_function_config) for [Anonymous Symbol]
    gd32e23x_adc.o(.ARM.exidx.text.adc_data_alignment_config) refers to gd32e23x_adc.o(.text.adc_data_alignment_config) for [Anonymous Symbol]
    gd32e23x_adc.o(.ARM.exidx.text.adc_channel_length_config) refers to gd32e23x_adc.o(.text.adc_channel_length_config) for [Anonymous Symbol]
[...]
    app_pwm_hw_init                          0x08008e99   Thumb Code    24  pwm_hw.o(.text.app_pwm_hw_init)
    app_set_pwm_hw_fade                      0x08008ec5   Thumb Code   296  pwm_hw.o(.text.app_set_pwm_hw_fade)
    app_timer_init                           0x08009011   Thumb Code   168  timer.o(.text.app_timer_init)
    app_timer_poll                           0x080090c1   Thumb Code    60  timer.o(.text.app_timer_poll)
    app_timer_start                          0x080090fd   Thumb Code   304  timer.o(.text.app_timer_start)
    app_timer_stop                           0x08009231   Thumb Code    40  timer.o(.text.app_timer_stop)
    app_usart0_rx_callback                   0x0800925d   Thumb Code     8  usart.o(.text.app_usart0_rx_callback)
    app_usart_init                           0x08009269   Thumb Code   404  usart.o(.text.app_usart_init)
    app_usart_tx_buf                         0x08009415   Thumb Code     4  usart.o(.text.app_usart_tx_buf)
    app_watchdog_init                        0x08009419   Thumb Code   108  watchdog.o(.text.app_watchdog_init)
    attr_ad_led_b_table_set                  0x08009495   Thumb Code    44  attr_table.o(.text.attr_ad_led_b_table_set)
    attr_button_mode_table_set               0x080094c5   Thumb Code    36  attr_table.o(.text.attr_button_mode_table_set)
    attr_key_state_table_get                 0x08009509   Thumb Code     8  attr_table.o(.text.attr_key_state_table_get)
    attr_key_state_table_set                 0x08009511   Thumb Code    16  attr_table.o(.text.attr_key_state_table_set)
    attr_kj_mode_table_get                   0x08009525   Thumb Code    16  attr_table.o(.text.attr_kj_mode_table_get)
    attr_kj_mode_table_recover               0x08009535   Thumb Code    80  attr_table.o(.text.attr_kj_mode_table_recover)
    attr_kj_mode_table_reset                 0x080095a1   Thumb Code    12  attr_table.o(.text.attr_kj_mode_table_reset)
    attr_led_relay_table_get                 0x080095b1   Thumb Code    16  attr_table.o(.text.attr_led_relay_table_get)
    attr_led_relay_table_set                 0x080095c1   Thumb Code    28  attr_table.o(.text.attr_led_relay_table_set)
    attr_led_state_table_recover             0x080095dd   Thumb Code    88  attr_table.o(.text.attr_led_state_table_recover)
    attr_led_table_set                       0x08009675   Thumb Code    44  attr_table.o(.text.attr_led_table_set)
    attr_light_ct_table_set                  0x080096a5   Thumb Code    36  light_ct_attr_table.o(.text.attr_light_ct_table_set)
    attr_relay_power_up_table_get            0x080096e1   Thumb Code    16  attr_table.o(.text.attr_relay_power_up_table_get)
    attr_relay_power_up_table_set            0x080096f1   Thumb Code    28  attr_table.o(.text.attr_relay_power_up_table_set)
    attr_relay_table_get                     0x08009711   Thumb Code    16  attr_table.o(.text.attr_relay_table_get)
    attr_relay_table_set                     0x08009721   Thumb Code    68  attr_table.o(.text.attr_relay_table_set)
    bcd2str                                  0x08009771   Thumb Code    70  lmeutils.o(.text.bcd2str)
    cJSON_AddStringToObject                  0x08009835   Thumb Code   200  cjson.o(.text.cJSON_AddStringToObject)
    cJSON_CreateObject                       0x080098fd   Thumb Code    28  cjson.o(.text.cJSON_CreateObject)
    cJSON_Delete                             0x08009919   Thumb Code    80  cjson.o(.text.cJSON_Delete)
    cJSON_GetArrayItem                       0x08009969   Thumb Code    56  cjson.o(.text.cJSON_GetArrayItem)
    cJSON_GetArraySize                       0x080099a1   Thumb Code    44  cjson.o(.text.cJSON_GetArraySize)
    cJSON_GetErrorPtr                        0x080099cd   Thumb Code    12  cjson.o(.text.cJSON_GetErrorPtr)
    cJSON_GetObjectItem                      0x080099d9   Thumb Code     6  cjson.o(.text.cJSON_GetObjectItem)
    cJSON_GetStringValue                     0x080099df   Thumb Code    16  cjson.o(.text.cJSON_GetStringValue)
    cJSON_IsArray                            0x080099ef   Thumb Code    16  cjson.o(.text.cJSON_IsArray)
    cJSON_IsString                           0x080099ff   Thumb Code    16  cjson.o(.text.cJSON_IsString)
    cJSON_Parse                              0x08009a0f   Thumb Code    34  cjson.o(.text.cJSON_Parse)
    cJSON_ParseWithLengthOpts                0x08009a31   Thumb Code   452  cjson.o(.text.cJSON_ParseWithLengthOpts)
    cJSON_PrintUnformatted                   0x08009bfd   Thumb Code     6  cjson.o(.text.cJSON_PrintUnformatted)
    cJSON_free                               0x08009c05   Thumb Code     8  cjson.o(.text.cJSON_free)
    delay_1ms                                0x08009c11   Thumb Code    24  systick.o(.text.delay_1ms)
    delay_decrement                          0x08009c29   Thumb Code    16  systick.o(.text.delay_decrement)
    delay_scene_stop                         0x08009c45   Thumb Code    28  plcp_special_scene.o(.text.delay_scene_stop)
    delay_timer_active                       0x08009c81   Thumb Code   100  attr_table.o(.text.delay_timer_active)
    dma_channel_disable                      0x08009cfd   Thumb Code    16  gd32e23x_dma.o(.text.dma_channel_disable)
    dma_channel_enable                       0x08009d0d   Thumb Code    16  gd32e23x_dma.o(.text.dma_channel_enable)
    dma_circulation_disable                  0x08009d1d   Thumb Code    16  gd32e23x_dma.o(.text.dma_circulation_disable)
    dma_circulation_enable                   0x08009d2d   Thumb Code    16  gd32e23x_dma.o(.text.dma_circulation_enable)
    dma_deinit                               0x08009d3d   Thumb Code    44  gd32e23x_dma.o(.text.dma_deinit)
    dma_init                                 0x08009d69   Thumb Code   112  gd32e23x_dma.o(.text.dma_init)
    dma_interrupt_enable                     0x08009dd9   Thumb Code    16  gd32e23x_dma.o(.text.dma_interrupt_enable)
    dma_interrupt_flag_clear                 0x08009de9   Thumb Code    16  gd32e23x_dma.o(.text.dma_interrupt_flag_clear)
    dma_interrupt_flag_get                   0x08009dfd   Thumb Code    56  gd32e23x_dma.o(.text.dma_interrupt_flag_get)
    dma_memory_address_config                0x08009e39   Thumb Code    12  gd32e23x_dma.o(.text.dma_memory_address_config)
    dma_memory_to_memory_disable             0x08009e49   Thumb Code    20  gd32e23x_dma.o(.text.dma_memory_to_memory_disable)
    dma_periph_address_config                0x08009e61   Thumb Code    12  gd32e23x_dma.o(.text.dma_periph_address_config)
    dma_struct_para_init                     0x08009e71   Thumb Code    20  gd32e23x_dma.o(.text.dma_struct_para_init)
    dma_transfer_number_config               0x08009e85   Thumb Code    12  gd32e23x_dma.o(.text.dma_transfer_number_config)
    dma_transfer_number_get                  0x08009e91   Thumb Code    12  gd32e23x_dma.o(.text.dma_transfer_number_get)
    fmc_flag_clear                           0x0800a051   Thumb Code     8  gd32e23x_fmc.o(.text.fmc_flag_clear)
    fmc_lock                                 0x0800a059   Thumb Code    12  gd32e23x_fmc.o(.text.fmc_lock)
    fmc_page_erase                           0x0800a069   Thumb Code   376  gd32e23x_fmc.o(.text.fmc_page_erase)
    fmc_unlock                               0x0800a1e1   Thumb Code    20  gd32e23x_fmc.o(.text.fmc_unlock)
    fmc_word_program                         0x0800a201   Thumb Code   368  gd32e23x_fmc.o(.text.fmc_word_program)
    fputc                                    0x0800a379   Thumb Code    32  usart.o(.text.fputc)
    fwdgt_config                             0x0800a3a1   Thumb Code   144  gd32e23x_fwdgt.o(.text.fwdgt_config)
    fwdgt_counter_reload                     0x0800a441   Thumb Code     8  gd32e23x_fwdgt.o(.text.fwdgt_counter_reload)
    fwdgt_enable                             0x0800a44d   Thumb Code     8  gd32e23x_fwdgt.o(.text.fwdgt_enable)
    get_light_info                           0x0800a45d   Thumb Code     4  plcp_light_ct_info.o(.text.get_light_info)
    get_panel_pins                           0x0800a4fd   Thumb Code     4  plcp_panel_info.o(.text.get_panel_pins)
    gpio_af_set                              0x0800a505   Thumb Code   228  gd32e23x_gpio.o(.text.gpio_af_set)
    gpio_mode_set                            0x0800a601   Thumb Code   268  gd32e23x_gpio.o(.text.gpio_mode_set)
    gpio_output_options_set                  0x0800a70d   Thumb Code   210  gd32e23x_gpio.o(.text.gpio_output_options_set)
    hexTostr                                 0x0800a7df   Thumb Code   410  uapps.o(.text.hexTostr)
    isNumber                                 0x0800a979   Thumb Code    62  lmeutils.o(.text.isNumber)
    isUappsData                              0x0800a9b7   Thumb Code   102  uapps.o(.text.isUappsData)
    led_ctrl_with_state                      0x0800aa85   Thumb Code   136  attr_table.o(.text.led_ctrl_with_state)
    light_adapter_close                      0x0800ab31   Thumb Code    34  light_ct_adapter.o(.text.light_adapter_close)
    light_adapter_ctrl                       0x0800ab55   Thumb Code    84  light_ct_adapter.o(.text.light_adapter_ctrl)
    main                                     0x0800ac95   Thumb Code    76  main.o(.text.main)
    night_scene_close                        0x0800ad79   Thumb Code    52  plcp_special_scene.o(.text.night_scene_close)
    night_scene_info_get                     0x0800adc1   Thumb Code     4  plcp_special_scene.o(.text.night_scene_info_get)
    night_scene_off_send                     0x0800adc5   Thumb Code    60  plcp_special_scene.o(.text.night_scene_off_send)
    night_scene_open                         0x0800ae29   Thumb Code   208  plcp_special_scene.o(.text.night_scene_open)
    night_scene_state_get                    0x0800af05   Thumb Code     8  plcp_special_scene.o(.text.night_scene_state_get)
    nvic_irq_enable                          0x0800af11   Thumb Code    72  gd32e23x_misc.o(.text.nvic_irq_enable)
    nvic_vector_table_set                    0x0800af65   Thumb Code    16  gd32e23x_misc.o(.text.nvic_vector_table_set)
    parse_control_commands                   0x0800af7d   Thumb Code   382  attr_table.o(.text.parse_control_commands)
    plcp_panel_init                          0x0800bbb5   Thumb Code   132  plcp_panel.o(.text.plcp_panel_init)
    plcp_panel_pins_init                     0x0800bc7d   Thumb Code   364  plcp_panel_info.o(.text.plcp_panel_pins_init)
    plcp_sdk_api_get_cco_mac                 0x0800bfb5   Thumb Code    28  plcp_sdk_api.o(.text.plcp_sdk_api_get_cco_mac)
    plcp_sdk_api_get_did                     0x0800bfd1   Thumb Code    10  plcp_sdk_api.o(.text.plcp_sdk_api_get_did)
    plcp_sdk_api_get_self_mac                0x0800bfdb   Thumb Code    28  plcp_sdk_api.o(.text.plcp_sdk_api_get_self_mac)
    process_message_queue                    0x0800c895   Thumb Code     4  plcp_panel.o(.text.process_message_queue)
    pwm_hw_fade_update                       0x0800c899   Thumb Code   176  pwm_hw.o(.text.pwm_hw_fade_update)
    pwm_hw_set_duty                          0x0800c96d   Thumb Code    92  pwm_hw.o(.text.pwm_hw_set_duty)
    rcu_adc_clock_config                     0x0800c9dd   Thumb Code   200  gd32e23x_rcu.o(.text.rcu_adc_clock_config)
    rcu_clock_freq_get                       0x0800caad   Thumb Code   324  gd32e23x_rcu.o(.text.rcu_clock_freq_get)
    rcu_osci_on                              0x0800cc19   Thumb Code    20  gd32e23x_rcu.o(.text.rcu_osci_on)
    rcu_osci_stab_wait                       0x0800cc2d   Thumb Code   284  gd32e23x_rcu.o(.text.rcu_osci_stab_wait)
    rcu_periph_clock_enable                  0x0800cd5d   Thumb Code    20  gd32e23x_rcu.o(.text.rcu_periph_clock_enable)
    rcu_periph_reset_disable                 0x0800cd71   Thumb Code    20  gd32e23x_rcu.o(.text.rcu_periph_reset_disable)
    rcu_periph_reset_enable                  0x0800cd85   Thumb Code    20  gd32e23x_rcu.o(.text.rcu_periph_reset_enable)
    special_scene_set                        0x0800ceb5   Thumb Code   264  plcp_special_scene.o(.text.special_scene_set)
    switch_adapter_ad_led_b_ctrl             0x0800d021   Thumb Code    36  panel_adapter.o(.text.switch_adapter_ad_led_b_ctrl)
    switch_adapter_ad_led_b_table_save       0x0800d045   Thumb Code    20  panel_adapter.o(.text.switch_adapter_ad_led_b_table_save)
    switch_adapter_kj_mode_table_read        0x0800d05d   Thumb Code   212  panel_adapter.o(.text.switch_adapter_kj_mode_table_read)
    switch_adapter_kj_mode_table_save        0x0800d15d   Thumb Code    32  panel_adapter.o(.text.switch_adapter_kj_mode_table_save)
    switch_adapter_led_ctrl                  0x0800d1a5   Thumb Code    32  panel_adapter.o(.text.switch_adapter_led_ctrl)
    switch_adapter_led_relay_table_save      0x0800d1c5   Thumb Code    20  panel_adapter.o(.text.switch_adapter_led_relay_table_save)
    switch_adapter_led_state_table_read      0x0800d1dd   Thumb Code   136  panel_adapter.o(.text.switch_adapter_led_state_table_read)
    switch_adapter_led_state_table_save      0x0800d265   Thumb Code    20  panel_adapter.o(.text.switch_adapter_led_state_table_save)
    switch_adapter_led_table_save            0x0800d27d   Thumb Code    20  panel_adapter.o(.text.switch_adapter_led_table_save)
    switch_adapter_relay_ctrl                0x0800d295   Thumb Code    32  panel_adapter.o(.text.switch_adapter_relay_ctrl)
    switch_adapter_relay_powe_up_table_save  0x0800d2b5   Thumb Code    20  panel_adapter.o(.text.switch_adapter_relay_powe_up_table_save)
    switch_adapter_relay_table_save          0x0800d2cd   Thumb Code    20  panel_adapter.o(.text.switch_adapter_relay_table_save)
    switch_api_button_event_handler          0x0800d2e5   Thumb Code   356  plcp_panel_api.o(.text.switch_api_button_event_handler)
    switch_api_init                          0x0800d4e5   Thumb Code    20  plcp_panel_api.o(.text.switch_api_init)
    switch_status_by_bits                    0x0800d4f9   Thumb Code   248  attr_table.o(.text.switch_status_by_bits)
    syscfg_flag_get                          0x0800d605   Thumb Code    12  gd32e23x_syscfg.o(.text.syscfg_flag_get)
    systick_config                           0x0800d615   Thumb Code    60  systick.o(.text.systick_config)
    timer_auto_reload_shadow_enable          0x0800d661   Thumb Code    10  gd32e23x_timer.o(.text.timer_auto_reload_shadow_enable)
    timer_channel_output_config              0x0800d66d   Thumb Code   536  gd32e23x_timer.o(.text.timer_channel_output_config)
    timer_channel_output_mode_config         0x0800d891   Thumb Code    90  gd32e23x_timer.o(.text.timer_channel_output_mode_config)
    timer_channel_output_pulse_value_config  0x0800d8eb   Thumb Code    14  gd32e23x_timer.o(.text.timer_channel_output_pulse_value_config)
    timer_channel_output_shadow_config       0x0800d8f9   Thumb Code    90  gd32e23x_timer.o(.text.timer_channel_output_shadow_config)
    timer_channel_output_struct_para_init    0x0800d953   Thumb Code    16  gd32e23x_timer.o(.text.timer_channel_output_struct_para_init)
    timer_curtain_exe                        0x0800d965   Thumb Code   196  plcp_panel_api.o(.text.timer_curtain_exe)
    timer_deinit                             0x0800da2d   Thumb Code   100  gd32e23x_timer.o(.text.timer_deinit)
    timer_enable                             0x0800daa1   Thumb Code    10  gd32e23x_timer.o(.text.timer_enable)
    timer_init                               0x0800daad   Thumb Code   148  gd32e23x_timer.o(.text.timer_init)
    timer_interrupt_enable                   0x0800db61   Thumb Code     8  gd32e23x_timer.o(.text.timer_interrupt_enable)
    timer_interrupt_flag_clear               0x0800db69   Thumb Code     6  gd32e23x_timer.o(.text.timer_interrupt_flag_clear)
    timer_interrupt_flag_get                 0x0800db6f   Thumb Code    20  gd32e23x_timer.o(.text.timer_interrupt_flag_get)
    timer_primary_output_config              0x0800db83   Thumb Code    22  gd32e23x_timer.o(.text.timer_primary_output_config)
    timer_struct_para_init                   0x0800db99   Thumb Code    16  gd32e23x_timer.o(.text.timer_struct_para_init)
    uapps_build                              0x0800dbad   Thumb Code   492  uapps.o(.text.uapps_build)
    uapps_parse                              0x0800dda5   Thumb Code   220  uapps.o(.text.uapps_parse)
    uapps_parseOption                        0x0800de81   Thumb Code   200  uapps.o(.text.uapps_parseOption)
    usart_baudrate_set                       0x0800df49   Thumb Code    76  gd32e23x_usart.o(.text.usart_baudrate_set)
    usart_data_transmit                      0x0800df99   Thumb Code     8  gd32e23x_usart.o(.text.usart_data_transmit)
    usart_deinit                             0x0800dfa5   Thumb Code    40  gd32e23x_usart.o(.text.usart_deinit)
    usart_dma_receive_config                 0x0800dfdd   Thumb Code    16  gd32e23x_usart.o(.text.usart_dma_receive_config)
    usart_dma_transmit_config                0x0800dfed   Thumb Code    16  gd32e23x_usart.o(.text.usart_dma_transmit_config)
    usart_enable                             0x0800dffd   Thumb Code    10  gd32e23x_usart.o(.text.usart_enable)
    usart_flag_get                           0x0800e007   Thumb Code    16  gd32e23x_usart.o(.text.usart_flag_get)
    usart_hardware_flow_cts_config           0x0800e017   Thumb Code    26  gd32e23x_usart.o(.text.usart_hardware_flow_cts_config)
    usart_hardware_flow_rts_config           0x0800e031   Thumb Code    26  gd32e23x_usart.o(.text.usart_hardware_flow_rts_config)
    usart_interrupt_enable                   0x0800e04b   Thumb Code    18  gd32e23x_usart.o(.text.usart_interrupt_enable)
    usart_interrupt_flag_clear               0x0800e05d   Thumb Code    36  gd32e23x_usart.o(.text.usart_interrupt_flag_clear)
    usart_interrupt_flag_get                 0x0800e085   Thumb Code    34  gd32e23x_usart.o(.text.usart_interrupt_flag_get)
    usart_parity_config                      0x0800e0a7   Thumb Code    26  gd32e23x_usart.o(.text.usart_parity_config)
    usart_receive_config                     0x0800e0c1   Thumb Code    16  gd32e23x_usart.o(.text.usart_receive_config)
    usart_stop_bit_set                       0x0800e0d1   Thumb Code    26  gd32e23x_usart.o(.text.usart_stop_bit_set)
    usart_transmit_config                    0x0800e0eb   Thumb Code    16  gd32e23x_usart.o(.text.usart_transmit_config)
    usart_word_length_set                    0x0800e0fb   Thumb Code    26  gd32e23x_usart.o(.text.usart_word_length_set)
    __0printf                                0x0800e115   Thumb Code    24  printfa.o(i.__0printf)
    __1printf                                0x0800e115   Thumb Code     0  printfa.o(i.__0printf)
    __2printf                                0x0800e115   Thumb Code     0  printfa.o(i.__0printf)
    __c89printf                              0x0800e115   Thumb Code     0  printfa.o(i.__0printf)
    printf                                   0x0800e115   Thumb Code     0  printfa.o(i.__0printf)
    __0snprintf                              0x0800e135   Thumb Code    50  printfa.o(i.__0snprintf)
    __1snprintf                              0x0800e135   Thumb Code     0  printfa.o(i.__0snprintf)
    __2snprintf                              0x0800e135   Thumb Code     0  printfa.o(i.__0snprintf)
    __c89snprintf                            0x0800e135   Thumb Code     0  printfa.o(i.__0snprintf)
    snprintf                                 0x0800e135   Thumb Code     0  printfa.o(i.__0snprintf)
    __0sprintf                               0x0800e16d   Thumb Code    36  printfa.o(i.__0sprintf)
    __1sprintf                               0x0800e16d   Thumb Code     0  printfa.o(i.__0sprintf)
    __2sprintf                               0x0800e16d   Thumb Code     0  printfa.o(i.__0sprintf)
    __c89sprintf                             0x0800e16d   Thumb Code     0  printfa.o(i.__0sprintf)
    sprintf                                  0x0800e16d   Thumb Code     0  printfa.o(i.__0sprintf)
    __ARM_clz                                0x0800e195   Thumb Code    46  depilogue.o(i.__ARM_clz)
    __aeabi_errno_addr                       0x0800e1c5   Thumb Code     4  errno.o(i.__aeabi_errno_addr)
    __rt_errno_addr                          0x0800e1c5   Thumb Code     0  errno.o(i.__aeabi_errno_addr)
    free                                     0x0800e1cd   Thumb Code    94  mallocr.o(i.__free$realloc)
    malloc                                   0x0800e231   Thumb Code    54  mallocr.o(i.__malloc$realloc)
    __scatterload_copy                       0x0800e279   Thumb Code    14  handlers.o(i.__scatterload_copy)
    __scatterload_null                       0x0800e287   Thumb Code     2  handlers.o(i.__scatterload_null)
    __scatterload_zeroinit                   0x0800e289   Thumb Code    14  handlers.o(i.__scatterload_zeroinit)
    _is_digit                                0x0800e40d   Thumb Code    14  scanf_fp.o(i._is_digit)
    putchar                                  0x0800ebc5   Thumb Code    10  putchar.o(i.putchar)
    puts                                     0x0800ebd5   Thumb Code    28  puts.o(i.puts)
    realloc                                  0x0800ebf5   Thumb Code   110  mallocr.o(i.realloc)
    strtod                                   0x0800ec69   Thumb Code    30  strtod.o(i.strtod)
    __ctype_table                            0x0800ec86   Data         129  ctype_o.o(.constdata)
    crc32tab                                 0x0800ed0c   Data        1024  uappsproduct_init.o(.rodata.crc32tab)
    product_str                              0x0800f8e6   Data         130  plcp_callback.o(.rodata.product_str)
    Region$$Table$$Base                      0x0800fc18   Number         0  anon$$obj.o(Region$$Table)
    Region$$Table$$Limit                     0x0800fc38   Number         0  anon$$obj.o(Region$$Table)
    __stdout                                 0x20000004   Data           4  stdout.o(.data)
    __microlib_freelist                      0x20000008   Data           4  mvars.o(.data)
    __microlib_freelist_initialised          0x2000000c   Data           4  mvars.o(.data)
    SystemCoreClock                          0x20000014   Data           4  system_gd32e23x.o(.data.SystemCoreClock)
    ae_str                                   0x20000018   Data         338  plcp_callback.o(.data.ae_str)
    widgets_str                              0x2000037a   Data         173  plcp_callback.o(.data.widgets_str)
    sPost_flag                               0x200026d4   Data           4  plcp_panel.o(.bss.sPost_flag)
    __heap_base                              0x20002988   Data           0  startup_gd32e23x.o(HEAP)
    __heap_limit                             0x20002d88   Data           0  startup_gd32e23x.o(HEAP)
    __initial_sp                             0x20003188   Data           0  startup_gd32e23x.o(STACK)



==============================================================================

Memory Map of the image

  Image Entry point : 0x080000cd

  Load Region LR_IROM1 (Base: 0x08000000, Size: 0x00010060, Max: 0x00020000, ABSOLUTE, COMPRESSED[0x0000fe18])

    Execution Region ER_IROM1 (Exec base: 0x08000000, Load base: 0x08000000, Size: 0x0000fc38, Max: 0x00020000, ABSOLUTE)

    Exec Addr    Load Addr    Size         Type   Attr      Idx    E Section Name        Object

    0x08000000   0x08000000   0x000000cc   Data   RO         1184    RESET               startup_gd32e23x.o
    0x080000cc   0x080000cc   0x00000000   Code   RO         2782  * .ARM.Collect$$$$00000000  mc_p.l(entry.o)
    0x080000cc   0x080000cc   0x00000004   Code   RO         3153    .ARM.Collect$$$$00000001  mc_p.l(entry2.o)
    0x080000d0   0x080000d0   0x00000004   Code   RO         3156    .ARM.Collect$$$$00000004  mc_p.l(entry5.o)
    0x080000d4   0x080000d4   0x00000000   Code   RO         3158    .ARM.Collect$$$$00000008  mc_p.l(entry7b.o)
    0x080000d4   0x080000d4   0x00000000   Code   RO         3160    .ARM.Collect$$$$0000000A  mc_p.l(entry8b.o)
    0x080000d4   0x080000d4   0x00000008   Code   RO         3161    .ARM.Collect$$$$0000000B  mc_p.l(entry9a.o)
    0x080000dc   0x080000dc   0x00000000   Code   RO         3163    .ARM.Collect$$$$0000000D  mc_p.l(entry10a.o)
    0x080000dc   0x080000dc   0x00000000   Code   RO         3165    .ARM.Collect$$$$0000000F  mc_p.l(entry11a.o)
    0x080000dc   0x080000dc   0x00000004   Code   RO         3154    .ARM.Collect$$$$00002712  mc_p.l(entry2.o)
    0x080000e0   0x080000e0   0x00000044   Code   RO         1185    .text               startup_gd32e23x.o
    0x08000124   0x08000124   0x0000000c   Code   RO         2791    .text               mc_p.l(tolower.o)
    0x08000130   0x08000130   0x00000024   Code   RO         2793    .text               mc_p.l(rand.o)
    0x08000154   0x08000154   0x00000024   Code   RO         2796    .text               mc_p.l(memcpya.o)
    0x08000178   0x08000178   0x00000024   Code   RO         2798    .text               mc_p.l(memseta.o)
    0x0800019c   0x0800019c   0x00000028   Code   RO         2802    .text               mc_p.l(strstr.o)
    0x080001c4   0x080001c4   0x0000001a   Code   RO         2804    .text               mc_p.l(strncpy.o)
    0x080001de   0x080001de   0x00000014   Code   RO         2806    .text               mc_p.l(strchr.o)
    0x080001f2   0x080001f2   0x0000000e   Code   RO         2808    .text               mc_p.l(strlen.o)
    0x08000200   0x08000200   0x0000001c   Code   RO         2810    .text               mc_p.l(strcmp.o)
    0x0800021c   0x0800021c   0x0000001a   Code   RO         2814    .text               mc_p.l(memcmp.o)
    0x08000236   0x08000236   0x00000012   Code   RO         2816    .text               mc_p.l(strcpy.o)
    0x08000248   0x08000248   0x0000001e   Code   RO         2818    .text               mc_p.l(strncmp.o)
    0x08000266   0x08000266   0x00000020   Code   RO         2822    .text               mc_p.l(strpbrk.o)
    0x08000286   0x08000286   0x00000002   PAD
    0x08000288   0x08000288   0x0000003c   Code   RO         3117    .text               mc_p.l(__0sscanf.o)
    0x080002c4   0x080002c4   0x00000374   Code   RO         3119    .text               mc_p.l(scanf_fp.o)
    0x08000638   0x08000638   0x0000001a   Code   RO         3123    .text               mc_p.l(atol.o)
    0x08000652   0x08000652   0x000000b2   Code   RO         3125    .text               mf_p.l(fadd.o)
    0x08000704   0x08000704   0x0000007a   Code   RO         3127    .text               mf_p.l(fmul.o)
    0x0800077e   0x0800077e   0x0000007c   Code   RO         3129    .text               mf_p.l(fdiv.o)
    0x080007fa   0x080007fa   0x00000002   PAD
    0x080007fc   0x080007fc   0x00000164   Code   RO         3131    .text               mf_p.l(dadd.o)
    0x08000960   0x08000960   0x000000d0   Code   RO         3133    .text               mf_p.l(dmul.o)
    0x08000a30   0x08000a30   0x0000002c   Code   RO         3137    .text               mf_p.l(dcmple.o)
    0x08000a5c   0x08000a5c   0x0000002c   Code   RO         3139    .text               mf_p.l(dcmpge.o)
    0x08000a88   0x08000a88   0x0000002c   Code   RO         3141    .text               mf_p.l(dcmpgt.o)
    0x08000ab4   0x08000ab4   0x0000000e   Code   RO         3143    .text               mf_p.l(ffltui.o)
    0x08000ac2   0x08000ac2   0x00000032   Code   RO         3147    .text               mf_p.l(ffixi.o)
    0x08000af4   0x08000af4   0x00000048   Code   RO         3149    .text               mf_p.l(dfixi.o)
    0x08000b3c   0x08000b3c   0x00000060   Code   RO         3174    .text               mc_p.l(uldiv.o)
    0x08000b9c   0x08000b9c   0x00000030   Code   RO         3176    .text               mc_p.l(llmul.o)
    0x08000bcc   0x08000bcc   0x00000020   Code   RO         3178    .text               mc_p.l(llshl.o)
    0x08000bec   0x08000bec   0x00000022   Code   RO         3180    .text               mc_p.l(llushr.o)
    0x08000c0e   0x08000c0e   0x00000026   Code   RO         3182    .text               mc_p.l(llsshr.o)
    0x08000c34   0x08000c34   0x0000002c   Code   RO         3193    .text               mc_p.l(scanf_char.o)
    0x08000c60   0x08000c60   0x00000044   Code   RO         3195    .text               mc_p.l(_sgetc.o)
    0x08000ca4   0x08000ca4   0x000000b4   Code   RO         3197    .text               mc_p.l(strtod.o)
    0x08000d58   0x08000d58   0x00000070   Code   RO         3199    .text               mc_p.l(strtol.o)
    0x08000dc8   0x08000dc8   0x00000000   Code   RO         3201    .text               mc_p.l(iusefp.o)
    0x08000dc8   0x08000dc8   0x00000082   Code   RO         3202    .text               mf_p.l(fepilogue.o)
    0x08000e4a   0x08000e4a   0x000000be   Code   RO         3204    .text               mf_p.l(depilogue.o)
    0x08000f08   0x08000f08   0x000000f0   Code   RO         3208    .text               mf_p.l(ddiv.o)
    0x08000ff8   0x08000ff8   0x0000001c   Code   RO         3210    .text               mf_p.l(dfltul.o)
    0x08001014   0x08001014   0x00000040   Code   RO         3212    .text               mf_p.l(dfixul.o)
    0x08001054   0x08001054   0x00000028   Code   RO         3214    .text               mf_p.l(cdrcmple.o)
    0x0800107c   0x0800107c   0x00000038   Code   RO         3216    .text               mf_p.l(d2f.o)
    0x080010b4   0x080010b4   0x00000030   Code   RO         3218    .text               mc_p.l(init.o)
    0x080010e4   0x080010e4   0x0000003e   Code   RO         3224    .text               mc_p.l(uidiv_div0.o)
    0x08001122   0x08001122   0x00000002   PAD
    0x08001124   0x08001124   0x00000008   Code   RO         3232    .text               mc_p.l(ctype_o.o)
    0x0800112c   0x0800112c   0x00000012   Code   RO         3254    .text               mc_p.l(isspace_o.o)
    0x0800113e   0x0800113e   0x00000002   PAD
    0x08001140   0x08001140   0x00000338   Code   RO         3260    .text               mc_p.l(_scanf.o)
    0x08001478   0x08001478   0x000000a6   Code   RO         3262    .text               mc_p.l(_strtoul.o)
    0x0800151e   0x0800151e   0x0000001e   Code   RO         3267    .text               mc_p.l(_chval.o)
    0x0800153c   0x0800153c   0x00000056   Code   RO         3277    .text               mc_p.l(__dczerorl2.o)
    0x08001592   0x08001592   0x00000002   PAD
    0x08001594   0x08001594   0x00000004   Code   RO         1220    .text.APP_Attribute_GetPointer  app_publicattribute.o
    0x08001598   0x08001598   0x00000050   Code   RO         1216    .text.APP_Attribute_Init  app_publicattribute.o
    0x080015e8   0x080015e8   0x000001e8   Code   RO         1636    .text.APP_BIND_Processing  mseprocess.o
    0x080017d0   0x080017d0   0x00000280   Code   RO         2603    .text.APP_Device_GroupClose  plcp_scene.o
    0x08001a50   0x08001a50   0x00000280   Code   RO         2601    .text.APP_Device_GroupState  plcp_scene.o
    0x08001cd0   0x08001cd0   0x00000194   Code   RO         2591    .text.APP_Device_SceneClose  plcp_scene.o
    0x08001e64   0x08001e64   0x000001cc   Code   RO         2589    .text.APP_Device_SceneStart  plcp_scene.o
    0x08002030   0x08002030   0x000000ec   Code   RO         2593    .text.APP_Group_Join  plcp_scene.o
    0x0800211c   0x0800211c   0x000000cc   Code   RO         2597    .text.APP_Group_List  plcp_scene.o
    0x080021e8   0x080021e8   0x000000fc   Code   RO         2595    .text.APP_Group_Quit  plcp_scene.o
    0x080022e4   0x080022e4   0x00000160   Code   RO         1640    .text.APP_Group_TOPIC_MSEProcessing  mseprocess.o
    0x08002444   0x08002444   0x00000028   Code   RO         1511    .text.APP_PLCSDK_Init  app_userprocess.o
    0x0800246c   0x0800246c   0x00000008   Code   RO         1222    .text.APP_Postflag_GetPointer  app_publicattribute.o
    0x08002474   0x08002474   0x0000003c   Code   RO         1557    .text.APP_Queue_ListenAndHandleMessage  app_userprocess.o
    0x080024b0   0x080024b0   0x0000010c   Code   RO         2575    .text.APP_ReadAllGroupInfo  plcp_scene.o
    0x080025bc   0x080025bc   0x000007e8   Code   RO         2573    .text.APP_ReadAllSceneInfo  plcp_scene.o
    0x08002da4   0x08002da4   0x000001b4   Code   RO         2494    .text.APP_ReadBindParameter  plcp_bind.o
    0x08002f58   0x08002f58   0x00000014   Code   RO         2648    .text.APP_ReadDelaySceneParameter  plcp_special_scene.o
    0x08002f6c   0x08002f6c   0x00000064   Code   RO         2670    .text.APP_ReadNightSceneParameter  plcp_special_scene.o
    0x08002fd0   0x08002fd0   0x00000058   Code   RO         1242    .text.APP_ReadRecordFlag_Init  app_publicattribute.o
    0x08003028   0x08003028   0x0000004c   Code   RO         1257    .text.APP_RxBuffer_Add  app_rxbuffer.o
    0x08003074   0x08003074   0x00000050   Code   RO         1259    .text.APP_RxBuffer_DeleteFirstMsg  app_rxbuffer.o
    0x080030c4   0x080030c4   0x00000024   Code   RO         1261    .text.APP_RxBuffer_GetFirstMsgDataParameters  app_rxbuffer.o
    0x080030e8   0x080030e8   0x00000008   Code   RO         1263    .text.APP_RxBuffer_getRxBufferMsgAmount  app_rxbuffer.o
    0x080030f0   0x080030f0   0x0000003c   Code   RO         1255    .text.APP_RxBuffer_init  app_rxbuffer.o
    0x0800312c   0x0800312c   0x000000fa   Code   RO         1612    .text.APP_STATE_DEVICESTATE  mseprocess.o
    0x08003226   0x08003226   0x00000002   PAD
    0x08003228   0x08003228   0x000000a4   Code   RO         1622    .text.APP_STATE_GROUP_JOIN  mseprocess.o
    0x080032cc   0x080032cc   0x000000a4   Code   RO         1624    .text.APP_STATE_GROUP_QUIT  mseprocess.o
    0x08003370   0x08003370   0x00000084   Code   RO         1608    .text.APP_STATE_OFF_Processing  mseprocess.o
    0x080033f4   0x080033f4   0x00000084   Code   RO         1606    .text.APP_STATE_ON_Processing  mseprocess.o
    0x08003478   0x08003478   0x000000a4   Code   RO         1628    .text.APP_STATE_SCENE_JOIN  mseprocess.o
    0x0800351c   0x0800351c   0x000000ac   Code   RO         1630    .text.APP_STATE_SCENE_QUIT  mseprocess.o
    0x080035c8   0x080035c8   0x00000118   Code   RO         1610    .text.APP_STATE_SET_CONFIG  mseprocess.o
    0x080036e0   0x080036e0   0x00000050   Code   RO         1995    .text.APP_Save_light_ct_info  plcp_light_ct_info.o
    0x08003730   0x08003730   0x000000dc   Code   RO         2571    .text.APP_SceneGroupClr  plcp_scene.o
    0x0800380c   0x0800380c   0x00000820   Code   RO         2587    .text.APP_Scene_Copy_Get  plcp_scene.o
    0x0800402c   0x0800402c   0x00000264   Code   RO         2581    .text.APP_Scene_Join  plcp_scene.o
    0x08004290   0x08004290   0x00000200   Code   RO         2585    .text.APP_Scene_List  plcp_scene.o
    0x08004490   0x08004490   0x000001f4   Code   RO         2583    .text.APP_Scene_Quit  plcp_scene.o
    0x08004684   0x08004684   0x000001a4   Code   RO         1642    .text.APP_Scene_TOPIC_MSEProcessing  mseprocess.o
    0x08004828   0x08004828   0x0000008c   Code   RO         1604    .text.APP_SendACK   mseprocess.o
    0x080048b4   0x080048b4   0x00000118   Code   RO         1646    .text.APP_SendRSL   mseprocess.o
    0x080049cc   0x080049cc   0x00000208   Code   RO         2579    .text.APP_SetScene  plcp_scene.o
    0x08004bd4   0x08004bd4   0x00000334   Code   RO         1388    .text.APP_StrToHex  uapps.o
    0x08004f08   0x08004f08   0x000002a4   Code   RO         1638    .text.APP_TOPIC_MSEProcessing  mseprocess.o
    0x080051ac   0x080051ac   0x0000006c   Code   RO         1281    .text.APP_TxBuffer_Add  app_txbuffer.o
    0x08005218   0x08005218   0x0000002c   Code   RO         1283    .text.APP_TxBuffer_DeleteFirstMsg  app_txbuffer.o
    0x08005244   0x08005244   0x00000028   Code   RO         1285    .text.APP_TxBuffer_GetFirstMsgDataParameters  app_txbuffer.o
    0x0800526c   0x0800526c   0x00000034   Code   RO         1277    .text.APP_TxBuffer_init  app_txbuffer.o
    0x080052a0   0x080052a0   0x00000160   Code   RO         1240    .text.APP_Tx_ProcessOfACKReceived  app_publicattribute.o
    0x08005400   0x08005400   0x0000010c   Code   RO         1644    .text.APP_UappsMsgProcessing  mseprocess.o
    0x0800550c   0x0800550c   0x00000032   Code   RO         1602    .text.Aps_UartMessage  mseprocess.o
    0x0800553e   0x0800553e   0x00000002   PAD
    0x08005540   0x08005540   0x00000080   Code   RO         1583    .text.CmdTest_MSE_GET_CC0MAC  cmddemo.o
    0x080055c0   0x080055c0   0x00000050   Code   RO         1577    .text.CmdTest_MSE_GET_DID  cmddemo.o
    0x08005610   0x08005610   0x000000a0   Code   RO         1575    .text.CmdTest_MSE_GET_MAC  cmddemo.o
    0x080056b0   0x080056b0   0x000000b0   Code   RO         1589    .text.CmdTest_MSE_SET_Transfer  cmddemo.o
    0x08005760   0x08005760   0x00000038   Code   RO         2415    .text.DMA_Channel1_2_IRQHandler  usart.o
    0x08005798   0x08005798   0x00000002   Code   RO         2388    .text.EXTI4_15_IRQHandler  zero.o
    0x0800579a   0x0800579a   0x00000002   Code   RO            4    .text.HardFault_Handler  gd32e23x_it.o
    0x0800579c   0x0800579c   0x00000038   Code   RO         1537    .text.MCU_Device_Factory  app_userprocess.o
    0x080057d4   0x080057d4   0x00000002   Code   RO         1539    .text.MCU_Device_ResetService  app_userprocess.o
    0x080057d6   0x080057d6   0x00000004   Code   RO         1509    .text.MCU_Enable_Transmission  app_userprocess.o
    0x080057da   0x080057da   0x00000002   PAD
    0x080057dc   0x080057dc   0x00000108   Code   RO         1549    .text.MCU_Get_Config  app_userprocess.o
    0x080058e4   0x080058e4   0x0000003c   Code   RO         1545    .text.MCU_Get_Devicestatus  app_userprocess.o
    0x08005920   0x08005920   0x00000034   Code   RO         1551    .text.MCU_Get_Ver   app_userprocess.o
    0x08005954   0x08005954   0x00000016   Code   RO         1535    .text.MCU_GroupKj_Off  app_userprocess.o
    0x0800596a   0x0800596a   0x00000018   Code   RO         1533    .text.MCU_GroupKj_On  app_userprocess.o
    0x08005982   0x08005982   0x00000010   Code   RO         1505    .text.MCU_Load_AEInfo  app_userprocess.o
    0x08005992   0x08005992   0x00000010   Code   RO         1503    .text.MCU_Load_Product  app_userprocess.o
    0x080059a2   0x080059a2   0x00000010   Code   RO         1507    .text.MCU_Load_Widgets  app_userprocess.o
    0x080059b2   0x080059b2   0x00000002   PAD
    0x080059b4   0x080059b4   0x00000058   Code   RO         1547    .text.MCU_Put_Devicestatus  app_userprocess.o
    0x08005a0c   0x08005a0c   0x0000003c   Code   RO         1527    .text.MCU_SceneKj_exe  app_userprocess.o
    0x08005a48   0x08005a48   0x00000004   Code   RO         1525    .text.MCU_Scene_exe  app_userprocess.o
    0x08005a4c   0x08005a4c   0x00000014   Code   RO         1555    .text.MCU_Send_date  app_userprocess.o
    0x08005a60   0x08005a60   0x00000168   Code   RO         1523    .text.MCU_Set_Config  app_userprocess.o
    0x08005bc8   0x08005bc8   0x00000014   Code   RO         1553    .text.MCU_UartReceive  app_userprocess.o
    0x08005bdc   0x08005bdc   0x00000002   Code   RO         1541    .text.MCU_deviceOnorOutline  app_userprocess.o
    0x08005bde   0x08005bde   0x00000010   Code   RO            2    .text.NMI_Handler   gd32e23x_it.o
    0x08005bee   0x08005bee   0x00000002   PAD
    0x08005bf0   0x08005bf0   0x00000008   Code   RO         2552    .text.PLCP_Callback_Ae  plcp_callback.o
    0x08005bf8   0x08005bf8   0x00000008   Code   RO         2550    .text.PLCP_Callback_Product  plcp_callback.o
    0x08005c00   0x08005c00   0x00000008   Code   RO         2554    .text.PLCP_Callback_Widgets  plcp_callback.o
    0x08005c08   0x08005c08   0x000001c0   Code   RO         2510    .text.PLCP_CountBindDataInAddBindParam  plcp_bind.o
    0x08005dc8   0x08005dc8   0x000000c0   Code   RO         2518    .text.PLCP_CountEventInDelBindParam  plcp_bind.o
    0x08005e88   0x08005e88   0x000000c0   Code   RO         2522    .text.PLCP_CountKJInDelBindParam  plcp_bind.o
    0x08005f48   0x08005f48   0x000002d8   Code   RO         2516    .text.PLCP_GetBindData  plcp_bind.o
    0x08006220   0x08006220   0x0000037c   Code   RO         2512    .text.PLCP_GetBindDataInAddBindParam  plcp_bind.o
    0x0800659c   0x0800659c   0x00000050   Code   RO         2520    .text.PLCP_GetEventInDelBindParam  plcp_bind.o
    0x080065ec   0x080065ec   0x00000050   Code   RO         2524    .text.PLCP_GetKJInDelBindParam  plcp_bind.o
    0x0800663c   0x0800663c   0x00000228   Code   RO         1669    .text.PLCP_Load_AEInfo  uappsproduct_init.o
    0x08006864   0x08006864   0x00000178   Code   RO         1665    .text.PLCP_Load_Product  uappsproduct_init.o
    0x080069dc   0x080069dc   0x00000194   Code   RO         1671    .text.PLCP_Load_Widgets  uappsproduct_init.o
    0x08006b70   0x08006b70   0x0000003c   Code   RO         2532    .text.PLCP_WigetEventWithType  plcp_bind.o
    0x08006bac   0x08006bac   0x00000008   Code   RO         2508    .text.PLCP_bindTableClr  plcp_bind.o
    0x08006bb4   0x08006bb4   0x00000164   Code   RO         2506    .text.PLCP_bindTableDelet  plcp_bind.o
    0x08006d18   0x08006d18   0x00000100   Code   RO         2526    .text.PLCP_bindTableDeletByAEI  plcp_bind.o
    0x08006e18   0x08006e18   0x0000017c   Code   RO         2498    .text.PLCP_bindTableRead  plcp_bind.o
    0x08006f94   0x08006f94   0x000002dc   Code   RO         2496    .text.PLCP_bindTableWrite  plcp_bind.o
    0x08007270   0x08007270   0x000001e8   Code   RO         2530    .text.PLCP_eventReport  plcp_bind.o
    0x08007458   0x08007458   0x00000130   Code   RO         2528    .text.PLCP_sendBindMsg  plcp_bind.o
    0x08007588   0x08007588   0x00000002   Code   RO            8    .text.PendSV_Handler  gd32e23x_it.o
    0x0800758a   0x0800758a   0x00000002   PAD
    0x0800758c   0x0800758c   0x00000054   Code   RO         2556    .text.PlcSdkCallbackOnOff  plcp_callback.o
    0x080075e0   0x080075e0   0x00000184   Code   RO         1458    .text.RslFromBytes  uappsrsl.o
    0x08007764   0x08007764   0x000000c6   Code   RO         1448    .text.RslFromStr    uappsrsl.o
    0x0800782a   0x0800782a   0x00000002   Code   RO            6    .text.SVC_Handler   gd32e23x_it.o
    0x0800782c   0x0800782c   0x00000004   Code   RO           10    .text.SysTick_Handler  gd32e23x_it.o
    0x08007830   0x08007830   0x000001cc   Code   RO           43    .text.SystemInit    system_gd32e23x.o
    0x080079fc   0x080079fc   0x00000194   Code   RO         2434    .text.TIMER14_IRQHandler  timer.o
    0x08007b90   0x08007b90   0x00000064   Code   RO         2390    .text.TIMER15_IRQHandler  zero.o
    0x08007bf4   0x08007bf4   0x00000028   Code   RO         2377    .text.TIMER5_IRQHandler  watchdog.o
    0x08007c1c   0x08007c1c   0x0000006c   Code   RO         2413    .text.USART0_IRQHandler  usart.o
    0x08007c88   0x08007c88   0x00000070   Code   RO         2409    .text.USART_DMA_send_data  usart.o
    0x08007cf8   0x08007cf8   0x00000148   Code   RO         1390    .text.Uapps2Bytes   uapps.o
    0x08007e40   0x08007e40   0x00000254   Code   RO         1430    .text.UappsAddFromOption  uapps.o
    0x08008094   0x08008094   0x00000064   Code   RO         1364    .text.UappsCreateMessage  uapps.o
    0x080080f8   0x080080f8   0x0000007e   Code   RO         1394    .text.UappsDataResponse  uapps.o
    0x08008176   0x08008176   0x0000018a   Code   RO         1398    .text.UappsFromBytes  uapps.o
    0x08008300   0x08008300   0x00000066   Code   RO         1432    .text.UappsGetNodaFromOptionFROM  uapps.o
    0x08008366   0x08008366   0x00000054   Code   RO         1374    .text.UappsPutData  uapps.o
    0x080083ba   0x080083ba   0x00000230   Code   RO         1368    .text.UappsPutOption  uapps.o
    0x080085ea   0x080085ea   0x00000042   Code   RO         1392    .text.UappsSimpleResponse  uapps.o
    0x0800862c   0x0800862c   0x000000a8   Code   RO         1569    .text.Uapps_PackRSLWithFromMsg  cmddemo.o
    0x080086d4   0x080086d4   0x00000034   Code   RO         1826    .text.ad_led_b_table_init  attr_table.o
    0x08008708   0x08008708   0x00000038   Code   RO           78    .text.adc_channel_length_config  gd32e23x_adc.o
    0x08008740   0x08008740   0x00000018   Code   RO           76    .text.adc_data_alignment_config  gd32e23x_adc.o
    0x08008758   0x08008758   0x00000010   Code   RO           64    .text.adc_dma_mode_enable  gd32e23x_adc.o
    0x08008768   0x08008768   0x00000014   Code   RO           58    .text.adc_enable    gd32e23x_adc.o
    0x0800877c   0x0800877c   0x00000040   Code   RO           86    .text.adc_external_trigger_config  gd32e23x_adc.o
    0x080087bc   0x080087bc   0x00000028   Code   RO           88    .text.adc_external_trigger_source_config  gd32e23x_adc.o
    0x080087e4   0x080087e4   0x00000080   Code   RO           80    .text.adc_regular_channel_config  gd32e23x_adc.o
    0x08008864   0x08008864   0x0000002c   Code   RO           90    .text.adc_software_trigger_enable  gd32e23x_adc.o
    0x08008890   0x08008890   0x0000006c   Code   RO           74    .text.adc_special_function_config  gd32e23x_adc.o
    0x080088fc   0x080088fc   0x00000118   Code   RO         2285    .text.app_adc_init  adc.o
    0x08008a14   0x08008a14   0x0000005e   Code   RO         2270    .text.app_calculate_average  base.o
    0x08008a72   0x08008a72   0x00000002   PAD
    0x08008a74   0x08008a74   0x00000018   Code   RO         2352    .text.app_eventbus_init  eventbus.o
    0x08008a8c   0x08008a8c   0x00000078   Code   RO         2358    .text.app_eventbus_poll  eventbus.o
    0x08008b04   0x08008b04   0x00000020   Code   RO         2354    .text.app_eventbus_subscribe  eventbus.o
    0x08008b24   0x08008b24   0x0000001e   Code   RO         2336    .text.app_flash_erase_page  flash.o
    0x08008b42   0x08008b42   0x00000002   PAD
    0x08008b44   0x08008b44   0x00000074   Code   RO         2342    .text.app_flash_program  flash.o
    0x08008bb8   0x08008bb8   0x0000007c   Code   RO         2330    .text.app_flash_read  flash.o
    0x08008c34   0x08008c34   0x00000008   Code   RO         2287    .text.app_get_adc_value  adc.o
    0x08008c3c   0x08008c3c   0x00000004   Code   RO         2486    .text.app_jump_device_init  jump_device.o
    0x08008c40   0x08008c40   0x0000000a   Code   RO         2314    .text.app_proto_check  protocol.o
    0x08008c4a   0x08008c4a   0x00000002   PAD
    0x08008c4c   0x08008c4c   0x0000000c   Code   RO         2312    .text.app_proto_init  protocol.o
    0x08008c58   0x08008c58   0x00000240   Code   RO         2466    .text.app_pwm_hw_add_pin  pwm_hw.o
    0x08008e98   0x08008e98   0x0000002c   Code   RO         2458    .text.app_pwm_hw_init  pwm_hw.o
    0x08008ec4   0x08008ec4   0x0000014c   Code   RO         2464    .text.app_set_pwm_hw_fade  pwm_hw.o
    0x08009010   0x08009010   0x000000b0   Code   RO         2432    .text.app_timer_init  timer.o
    0x080090c0   0x080090c0   0x0000003c   Code   RO         2444    .text.app_timer_poll  timer.o
    0x080090fc   0x080090fc   0x00000134   Code   RO         2436    .text.app_timer_start  timer.o
    0x08009230   0x08009230   0x0000002c   Code   RO         2438    .text.app_timer_stop  timer.o
    0x0800925c   0x0800925c   0x0000000c   Code   RO         2405    .text.app_usart0_rx_callback  usart.o
    0x08009268   0x08009268   0x000001ac   Code   RO         2407    .text.app_usart_init  usart.o
    0x08009414   0x08009414   0x00000004   Code   RO         2411    .text.app_usart_tx_buf  usart.o
    0x08009418   0x08009418   0x0000007c   Code   RO         2375    .text.app_watchdog_init  watchdog.o
    0x08009494   0x08009494   0x00000030   Code   RO         1800    .text.attr_ad_led_b_table_set  attr_table.o
    0x080094c4   0x080094c4   0x00000044   Code   RO         1846    .text.attr_button_mode_table_set  attr_table.o
    0x08009508   0x08009508   0x00000008   Code   RO         1848    .text.attr_key_state_table_get  attr_table.o
    0x08009510   0x08009510   0x00000014   Code   RO         1850    .text.attr_key_state_table_set  attr_table.o
    0x08009524   0x08009524   0x00000010   Code   RO         1732    .text.attr_kj_mode_table_get  attr_table.o
    0x08009534   0x08009534   0x0000006c   Code   RO         1844    .text.attr_kj_mode_table_recover  attr_table.o
    0x080095a0   0x080095a0   0x00000010   Code   RO         1842    .text.attr_kj_mode_table_reset  attr_table.o
    0x080095b0   0x080095b0   0x00000010   Code   RO         1792    .text.attr_led_relay_table_get  attr_table.o
    0x080095c0   0x080095c0   0x0000001c   Code   RO         1790    .text.attr_led_relay_table_set  attr_table.o
    0x080095dc   0x080095dc   0x00000098   Code   RO         1798    .text.attr_led_state_table_recover  attr_table.o
    0x08009674   0x08009674   0x00000030   Code   RO         1778    .text.attr_led_table_set  attr_table.o
    0x080096a4   0x080096a4   0x0000003c   Code   RO         1972    .text.attr_light_ct_table_set  light_ct_attr_table.o
    0x080096e0   0x080096e0   0x00000010   Code   RO         1836    .text.attr_relay_power_up_table_get  attr_table.o
    0x080096f0   0x080096f0   0x00000020   Code   RO         1834    .text.attr_relay_power_up_table_set  attr_table.o
    0x08009710   0x08009710   0x00000010   Code   RO         1736    .text.attr_relay_table_get  attr_table.o
    0x08009720   0x08009720   0x00000050   Code   RO         1730    .text.attr_relay_table_set  attr_table.o
    0x08009770   0x08009770   0x00000046   Code   RO         1312    .text.bcd2str       lmeutils.o
    0x080097b6   0x080097b6   0x0000007e   Code   RO         2040    .text.buffer_skip_whitespace  cjson.o
    0x08009834   0x08009834   0x000000c8   Code   RO         2100    .text.cJSON_AddStringToObject  cjson.o
    0x080098fc   0x080098fc   0x0000001c   Code   RO         2110    .text.cJSON_CreateObject  cjson.o
    0x08009918   0x08009918   0x00000050   Code   RO         2026    .text.cJSON_Delete  cjson.o
    0x08009968   0x08009968   0x00000038   Code   RO         2060    .text.cJSON_GetArrayItem  cjson.o
    0x080099a0   0x080099a0   0x0000002c   Code   RO         2058    .text.cJSON_GetArraySize  cjson.o
    0x080099cc   0x080099cc   0x0000000c   Code   RO         2012    .text.cJSON_GetErrorPtr  cjson.o
    0x080099d8   0x080099d8   0x00000006   Code   RO         2062    .text.cJSON_GetObjectItem  cjson.o
    0x080099de   0x080099de   0x00000010   Code   RO         2014    .text.cJSON_GetStringValue  cjson.o
    0x080099ee   0x080099ee   0x00000010   Code   RO         2170    .text.cJSON_IsArray  cjson.o
    0x080099fe   0x080099fe   0x00000010   Code   RO         2016    .text.cJSON_IsString  cjson.o
    0x08009a0e   0x08009a0e   0x00000022   Code   RO         2042    .text.cJSON_Parse   cjson.o
    0x08009a30   0x08009a30   0x000001cc   Code   RO         2036    .text.cJSON_ParseWithLengthOpts  cjson.o
    0x08009bfc   0x08009bfc   0x00000006   Code   RO         2050    .text.cJSON_PrintUnformatted  cjson.o
    0x08009c02   0x08009c02   0x00000002   PAD
    0x08009c04   0x08009c04   0x0000000c   Code   RO         2032    .text.cJSON_free    cjson.o
    0x08009c10   0x08009c10   0x00000018   Code   RO           30    .text.delay_1ms     systick.o
    0x08009c28   0x08009c28   0x00000014   Code   RO           32    .text.delay_decrement  systick.o
    0x08009c3c   0x08009c3c   0x00000008   Code   RO         1957    .text.delay_exe_light  light_ct_adapter.o
    0x08009c44   0x08009c44   0x0000003c   Code   RO         2656    .text.delay_scene_stop  plcp_special_scene.o
    0x08009c80   0x08009c80   0x0000007c   Code   RO         1754    .text.delay_timer_active  attr_table.o
    0x08009cfc   0x08009cfc   0x00000010   Code   RO          218    .text.dma_channel_disable  gd32e23x_dma.o
    0x08009d0c   0x08009d0c   0x00000010   Code   RO          228    .text.dma_channel_enable  gd32e23x_dma.o
    0x08009d1c   0x08009d1c   0x00000010   Code   RO          222    .text.dma_circulation_disable  gd32e23x_dma.o
    0x08009d2c   0x08009d2c   0x00000010   Code   RO          220    .text.dma_circulation_enable  gd32e23x_dma.o
    0x08009d3c   0x08009d3c   0x0000002c   Code   RO          212    .text.dma_deinit    gd32e23x_dma.o
    0x08009d68   0x08009d68   0x00000070   Code   RO          216    .text.dma_init      gd32e23x_dma.o
    0x08009dd8   0x08009dd8   0x00000010   Code   RO          262    .text.dma_interrupt_enable  gd32e23x_dma.o
    0x08009de8   0x08009de8   0x00000014   Code   RO          260    .text.dma_interrupt_flag_clear  gd32e23x_dma.o
    0x08009dfc   0x08009dfc   0x0000003c   Code   RO          258    .text.dma_interrupt_flag_get  gd32e23x_dma.o
    0x08009e38   0x08009e38   0x00000010   Code   RO          232    .text.dma_memory_address_config  gd32e23x_dma.o
    0x08009e48   0x08009e48   0x00000018   Code   RO          226    .text.dma_memory_to_memory_disable  gd32e23x_dma.o
    0x08009e60   0x08009e60   0x00000010   Code   RO          230    .text.dma_periph_address_config  gd32e23x_dma.o
    0x08009e70   0x08009e70   0x00000014   Code   RO          214    .text.dma_struct_para_init  gd32e23x_dma.o
    0x08009e84   0x08009e84   0x0000000c   Code   RO          234    .text.dma_transfer_number_config  gd32e23x_dma.o
    0x08009e90   0x08009e90   0x00000010   Code   RO          236    .text.dma_transfer_number_get  gd32e23x_dma.o
    0x08009ea0   0x08009ea0   0x00000088   Code   RO         2188    .text.ensure        cjson.o
    0x08009f28   0x08009f28   0x00000128   Code   RO         2440    .text.find_timer_by_name  timer.o
    0x0800a050   0x0800a050   0x00000008   Code   RO          358    .text.fmc_flag_clear  gd32e23x_fmc.o
    0x0800a058   0x0800a058   0x00000010   Code   RO          308    .text.fmc_lock      gd32e23x_fmc.o
    0x0800a068   0x0800a068   0x00000178   Code   RO          316    .text.fmc_page_erase  gd32e23x_fmc.o
    0x0800a1e0   0x0800a1e0   0x00000020   Code   RO          306    .text.fmc_unlock    gd32e23x_fmc.o
    0x0800a200   0x0800a200   0x00000178   Code   RO          324    .text.fmc_word_program  gd32e23x_fmc.o
    0x0800a378   0x0800a378   0x00000028   Code   RO         2417    .text.fputc         usart.o
    0x0800a3a0   0x0800a3a0   0x000000a0   Code   RO          388    .text.fwdgt_config  gd32e23x_fwdgt.o
    0x0800a440   0x0800a440   0x0000000c   Code   RO          386    .text.fwdgt_counter_reload  gd32e23x_fwdgt.o
    0x0800a44c   0x0800a44c   0x00000010   Code   RO          378    .text.fwdgt_enable  gd32e23x_fwdgt.o
    0x0800a45c   0x0800a45c   0x00000008   Code   RO         1999    .text.get_light_info  plcp_light_ct_info.o
    0x0800a464   0x0800a464   0x00000098   Code   RO         2064    .text.get_object_item  cjson.o
    0x0800a4fc   0x0800a4fc   0x00000008   Code   RO         1712    .text.get_panel_pins  plcp_panel_info.o
    0x0800a504   0x0800a504   0x000000fc   Code   RO          422    .text.gpio_af_set   gd32e23x_gpio.o
    0x0800a600   0x0800a600   0x0000010c   Code   RO          402    .text.gpio_mode_set  gd32e23x_gpio.o
    0x0800a70c   0x0800a70c   0x000000d2   Code   RO          404    .text.gpio_output_options_set  gd32e23x_gpio.o
    0x0800a7de   0x0800a7de   0x0000019a   Code   RO         1386    .text.hexTostr      uapps.o
    0x0800a978   0x0800a978   0x0000003e   Code   RO         1320    .text.isNumber      lmeutils.o
    0x0800a9b6   0x0800a9b6   0x00000066   Code   RO         1340    .text.isUappsData   uapps.o
    0x0800aa1c   0x0800aa1c   0x00000068   Code   RO         2514    .text.kjToEventSEAndAEI  plcp_bind.o
    0x0800aa84   0x0800aa84   0x000000ac   Code   RO         1734    .text.led_ctrl_with_state  attr_table.o
    0x0800ab30   0x0800ab30   0x00000022   Code   RO         1961    .text.light_adapter_close  light_ct_adapter.o
    0x0800ab52   0x0800ab52   0x00000002   PAD
    0x0800ab54   0x0800ab54   0x0000005c   Code   RO         1955    .text.light_adapter_ctrl  light_ct_adapter.o
    0x0800abb0   0x0800abb0   0x000000e4   Code   RO         1959    .text.light_execute  light_ct_adapter.o
    0x0800ac94   0x0800ac94   0x00000084   Code   RO           19    .text.main          main.o
    0x0800ad18   0x0800ad18   0x00000060   Code   RO         2664    .text.night_delay   plcp_special_scene.o
    0x0800ad78   0x0800ad78   0x00000048   Code   RO         2666    .text.night_scene_close  plcp_special_scene.o
    0x0800adc0   0x0800adc0   0x00000004   Code   RO         2658    .text.night_scene_info_get  plcp_special_scene.o
    0x0800adc4   0x0800adc4   0x00000064   Code   RO         2668    .text.night_scene_off_send  plcp_special_scene.o
    0x0800ae28   0x0800ae28   0x000000dc   Code   RO         2662    .text.night_scene_open  plcp_special_scene.o
    0x0800af04   0x0800af04   0x0000000c   Code   RO         2660    .text.night_scene_state_get  plcp_special_scene.o
    0x0800af10   0x0800af10   0x00000054   Code   RO          518    .text.nvic_irq_enable  gd32e23x_misc.o
    0x0800af64   0x0800af64   0x00000018   Code   RO          524    .text.nvic_vector_table_set  gd32e23x_misc.o
    0x0800af7c   0x0800af7c   0x0000017e   Code   RO         1854    .text.parse_control_commands  attr_table.o
    0x0800b0fa   0x0800b0fa   0x000000c0   Code   RO         2186    .text.parse_hex4    cjson.o
    0x0800b1ba   0x0800b1ba   0x00000346   Code   RO         2184    .text.parse_object  cjson.o
    0x0800b500   0x0800b500   0x00000448   Code   RO         2182    .text.parse_string  cjson.o
    0x0800b948   0x0800b948   0x00000268   Code   RO         2038    .text.parse_value   cjson.o
    0x0800bbb0   0x0800bbb0   0x00000002   Code   RO         1475    .text.plcp_panel_event_handler  plcp_panel.o
    0x0800bbb2   0x0800bbb2   0x00000002   PAD
    0x0800bbb4   0x0800bbb4   0x000000c8   Code   RO         1473    .text.plcp_panel_init  plcp_panel.o
    0x0800bc7c   0x0800bc7c   0x000001bc   Code   RO         1708    .text.plcp_panel_pins_init  plcp_panel_info.o
    0x0800be38   0x0800be38   0x0000017c   Code   RO         1479    .text.plcp_panel_tast  plcp_panel.o
    0x0800bfb4   0x0800bfb4   0x0000001c   Code   RO         2623    .text.plcp_sdk_api_get_cco_mac  plcp_sdk_api.o
    0x0800bfd0   0x0800bfd0   0x0000000a   Code   RO         2627    .text.plcp_sdk_api_get_did  plcp_sdk_api.o
    0x0800bfda   0x0800bfda   0x0000001c   Code   RO         2625    .text.plcp_sdk_api_get_self_mac  plcp_sdk_api.o
    0x0800bff6   0x0800bff6   0x00000002   PAD
    0x0800bff8   0x0800bff8   0x000000a0   Code   RO         2048    .text.print         cjson.o
    0x0800c098   0x0800c098   0x000002b4   Code   RO         2190    .text.print_string_ptr  cjson.o
    0x0800c34c   0x0800c34c   0x00000548   Code   RO         2054    .text.print_value   cjson.o
    0x0800c894   0x0800c894   0x00000004   Code   RO         1481    .text.process_message_queue  plcp_panel.o
    0x0800c898   0x0800c898   0x000000d4   Code   RO         2460    .text.pwm_hw_fade_update  pwm_hw.o
    0x0800c96c   0x0800c96c   0x00000070   Code   RO         2462    .text.pwm_hw_set_duty  pwm_hw.o
    0x0800c9dc   0x0800c9dc   0x000000d0   Code   RO          602    .text.rcu_adc_clock_config  gd32e23x_rcu.o
    0x0800caac   0x0800caac   0x0000016c   Code   RO          640    .text.rcu_clock_freq_get  gd32e23x_rcu.o
    0x0800cc18   0x0800cc18   0x00000014   Code   RO          620    .text.rcu_osci_on   gd32e23x_rcu.o
    0x0800cc2c   0x0800cc2c   0x00000130   Code   RO          616    .text.rcu_osci_stab_wait  gd32e23x_rcu.o
    0x0800cd5c   0x0800cd5c   0x00000014   Code   RO          576    .text.rcu_periph_clock_enable  gd32e23x_rcu.o
    0x0800cd70   0x0800cd70   0x00000014   Code   RO          586    .text.rcu_periph_reset_disable  gd32e23x_rcu.o
    0x0800cd84   0x0800cd84   0x00000018   Code   RO          584    .text.rcu_periph_reset_enable  gd32e23x_rcu.o
    0x0800cd9c   0x0800cd9c   0x00000118   Code   RO         1477    .text.read_adc_value  plcp_panel.o
    0x0800ceb4   0x0800ceb4   0x0000016c   Code   RO         2642    .text.special_scene_set  plcp_special_scene.o
    0x0800d020   0x0800d020   0x00000024   Code   RO         1936    .text.switch_adapter_ad_led_b_ctrl  panel_adapter.o
    0x0800d044   0x0800d044   0x00000018   Code   RO         1920    .text.switch_adapter_ad_led_b_table_save  panel_adapter.o
    0x0800d05c   0x0800d05c   0x00000100   Code   RO         1926    .text.switch_adapter_kj_mode_table_read  panel_adapter.o
    0x0800d15c   0x0800d15c   0x00000048   Code   RO         1928    .text.switch_adapter_kj_mode_table_save  panel_adapter.o
    0x0800d1a4   0x0800d1a4   0x00000020   Code   RO         1932    .text.switch_adapter_led_ctrl  panel_adapter.o
    0x0800d1c4   0x0800d1c4   0x00000018   Code   RO         1908    .text.switch_adapter_led_relay_table_save  panel_adapter.o
    0x0800d1dc   0x0800d1dc   0x00000088   Code   RO         1910    .text.switch_adapter_led_state_table_read  panel_adapter.o
    0x0800d264   0x0800d264   0x00000018   Code   RO         1912    .text.switch_adapter_led_state_table_save  panel_adapter.o
    0x0800d27c   0x0800d27c   0x00000018   Code   RO         1904    .text.switch_adapter_led_table_save  panel_adapter.o
    0x0800d294   0x0800d294   0x00000020   Code   RO         1930    .text.switch_adapter_relay_ctrl  panel_adapter.o
    0x0800d2b4   0x0800d2b4   0x00000018   Code   RO         1924    .text.switch_adapter_relay_powe_up_table_save  panel_adapter.o
    0x0800d2cc   0x0800d2cc   0x00000018   Code   RO         1896    .text.switch_adapter_relay_table_save  panel_adapter.o
    0x0800d2e4   0x0800d2e4   0x00000200   Code   RO         1692    .text.switch_api_button_event_handler  plcp_panel_api.o
    0x0800d4e4   0x0800d4e4   0x00000014   Code   RO         1690    .text.switch_api_init  plcp_panel_api.o
    0x0800d4f8   0x0800d4f8   0x0000010c   Code   RO         1852    .text.switch_status_by_bits  attr_table.o
    0x0800d604   0x0800d604   0x00000010   Code   RO          845    .text.syscfg_flag_get  gd32e23x_syscfg.o
    0x0800d614   0x0800d614   0x0000004c   Code   RO           28    .text.systick_config  systick.o
    0x0800d660   0x0800d660   0x0000000a   Code   RO          867    .text.timer_auto_reload_shadow_enable  gd32e23x_timer.o
    0x0800d66a   0x0800d66a   0x00000002   PAD
    0x0800d66c   0x0800d66c   0x00000224   Code   RO          941    .text.timer_channel_output_config  gd32e23x_timer.o
    0x0800d890   0x0800d890   0x0000005a   Code   RO          943    .text.timer_channel_output_mode_config  gd32e23x_timer.o
    0x0800d8ea   0x0800d8ea   0x0000000e   Code   RO          945    .text.timer_channel_output_pulse_value_config  gd32e23x_timer.o
    0x0800d8f8   0x0800d8f8   0x0000005a   Code   RO          947    .text.timer_channel_output_shadow_config  gd32e23x_timer.o
    0x0800d952   0x0800d952   0x00000010   Code   RO          939    .text.timer_channel_output_struct_para_init  gd32e23x_timer.o
    0x0800d962   0x0800d962   0x00000002   PAD
    0x0800d964   0x0800d964   0x000000c8   Code   RO         1694    .text.timer_curtain_exe  plcp_panel_api.o
    0x0800da2c   0x0800da2c   0x00000074   Code   RO          857    .text.timer_deinit  gd32e23x_timer.o
    0x0800daa0   0x0800daa0   0x0000000a   Code   RO          863    .text.timer_enable  gd32e23x_timer.o
    0x0800daaa   0x0800daaa   0x00000002   PAD
    0x0800daac   0x0800daac   0x000000b4   Code   RO          861    .text.timer_init    gd32e23x_timer.o
    0x0800db60   0x0800db60   0x00000008   Code   RO          899    .text.timer_interrupt_enable  gd32e23x_timer.o
    0x0800db68   0x0800db68   0x00000006   Code   RO          905    .text.timer_interrupt_flag_clear  gd32e23x_timer.o
    0x0800db6e   0x0800db6e   0x00000014   Code   RO          903    .text.timer_interrupt_flag_get  gd32e23x_timer.o
    0x0800db82   0x0800db82   0x00000016   Code   RO          933    .text.timer_primary_output_config  gd32e23x_timer.o
    0x0800db98   0x0800db98   0x00000014   Code   RO          859    .text.timer_struct_para_init  gd32e23x_timer.o
    0x0800dbac   0x0800dbac   0x000001f8   Code   RO         1360    .text.uapps_build   uapps.o
    0x0800dda4   0x0800dda4   0x000000dc   Code   RO         1354    .text.uapps_parse   uapps.o
    0x0800de80   0x0800de80   0x000000c8   Code   RO         1348    .text.uapps_parseOption  uapps.o
    0x0800df48   0x0800df48   0x00000050   Code   RO         1013    .text.usart_baudrate_set  gd32e23x_usart.o
    0x0800df98   0x0800df98   0x0000000c   Code   RO         1047    .text.usart_data_transmit  gd32e23x_usart.o
    0x0800dfa4   0x0800dfa4   0x00000038   Code   RO         1011    .text.usart_deinit  gd32e23x_usart.o
    0x0800dfdc   0x0800dfdc   0x00000010   Code   RO         1119    .text.usart_dma_receive_config  gd32e23x_usart.o
    0x0800dfec   0x0800dfec   0x00000010   Code   RO         1121    .text.usart_dma_transmit_config  gd32e23x_usart.o
    0x0800dffc   0x0800dffc   0x0000000a   Code   RO         1021    .text.usart_enable  gd32e23x_usart.o
    0x0800e006   0x0800e006   0x00000010   Code   RO         1139    .text.usart_flag_get  gd32e23x_usart.o
    0x0800e016   0x0800e016   0x0000001a   Code   RO         1105    .text.usart_hardware_flow_cts_config  gd32e23x_usart.o
    0x0800e030   0x0800e030   0x0000001a   Code   RO         1103    .text.usart_hardware_flow_rts_config  gd32e23x_usart.o
    0x0800e04a   0x0800e04a   0x00000012   Code   RO         1143    .text.usart_interrupt_enable  gd32e23x_usart.o
    0x0800e05c   0x0800e05c   0x00000028   Code   RO         1151    .text.usart_interrupt_flag_clear  gd32e23x_usart.o
    0x0800e084   0x0800e084   0x00000022   Code   RO         1149    .text.usart_interrupt_flag_get  gd32e23x_usart.o
    0x0800e0a6   0x0800e0a6   0x0000001a   Code   RO         1015    .text.usart_parity_config  gd32e23x_usart.o
    0x0800e0c0   0x0800e0c0   0x00000010   Code   RO         1027    .text.usart_receive_config  gd32e23x_usart.o
    0x0800e0d0   0x0800e0d0   0x0000001a   Code   RO         1019    .text.usart_stop_bit_set  gd32e23x_usart.o
    0x0800e0ea   0x0800e0ea   0x00000010   Code   RO         1025    .text.usart_transmit_config  gd32e23x_usart.o
    0x0800e0fa   0x0800e0fa   0x0000001a   Code   RO         1017    .text.usart_word_length_set  gd32e23x_usart.o
    0x0800e114   0x0800e114   0x00000020   Code   RO         3059    i.__0printf         mc_p.l(printfa.o)
    0x0800e134   0x0800e134   0x00000038   Code   RO         3060    i.__0snprintf       mc_p.l(printfa.o)
    0x0800e16c   0x0800e16c   0x00000028   Code   RO         3061    i.__0sprintf        mc_p.l(printfa.o)
    0x0800e194   0x0800e194   0x0000002e   Code   RO         3206    i.__ARM_clz         mf_p.l(depilogue.o)
    0x0800e1c2   0x0800e1c2   0x00000002   PAD
    0x0800e1c4   0x0800e1c4   0x00000008   Code   RO         3186    i.__aeabi_errno_addr  mc_p.l(errno.o)
    0x0800e1cc   0x0800e1cc   0x00000064   Code   RO         3091    i.__free$realloc    mc_p.l(mallocr.o)
    0x0800e230   0x0800e230   0x00000048   Code   RO         3092    i.__malloc$realloc  mc_p.l(mallocr.o)
    0x0800e278   0x0800e278   0x0000000e   Code   RO         3271    i.__scatterload_copy  mc_p.l(handlers.o)
    0x0800e286   0x0800e286   0x00000002   Code   RO         3272    i.__scatterload_null  mc_p.l(handlers.o)
    0x0800e288   0x0800e288   0x0000000e   Code   RO         3273    i.__scatterload_zeroinit  mc_p.l(handlers.o)
    0x0800e296   0x0800e296   0x00000002   PAD
    0x0800e298   0x0800e298   0x00000174   Code   RO         3066    i._fp_digits        mc_p.l(printfa.o)
    0x0800e40c   0x0800e40c   0x0000000e   Code   RO         3121    i._is_digit         mc_p.l(scanf_fp.o)
    0x0800e41a   0x0800e41a   0x00000002   PAD
    0x0800e41c   0x0800e41c   0x000006ec   Code   RO         3067    i._printf_core      mc_p.l(printfa.o)
    0x0800eb08   0x0800eb08   0x00000020   Code   RO         3068    i._printf_post_padding  mc_p.l(printfa.o)
    0x0800eb28   0x0800eb28   0x0000002c   Code   RO         3069    i._printf_pre_padding  mc_p.l(printfa.o)
    0x0800eb54   0x0800eb54   0x00000016   Code   RO         3070    i._snputc           mc_p.l(printfa.o)
    0x0800eb6a   0x0800eb6a   0x0000000a   Code   RO         3071    i._sputc            mc_p.l(printfa.o)
    0x0800eb74   0x0800eb74   0x00000050   Code   RO         3093    i.internal_alloc    mc_p.l(mallocr.o)
    0x0800ebc4   0x0800ebc4   0x00000010   Code   RO         2787    i.putchar           mc_p.l(putchar.o)
    0x0800ebd4   0x0800ebd4   0x00000020   Code   RO         2785    i.puts              mc_p.l(puts.o)
    0x0800ebf4   0x0800ebf4   0x00000074   Code   RO         3094    i.realloc           mc_p.l(mallocr.o)
    0x0800ec68   0x0800ec68   0x0000001e   Code   RO         2779    i.strtod            m_ps.l(strtod.o)
    0x0800ec86   0x0800ec86   0x00000081   Data   RO         3233    .constdata          mc_p.l(ctype_o.o)
    0x0800ed07   0x0800ed07   0x00000001   PAD
    0x0800ed08   0x0800ed08   0x00000004   Data   RO         3234    .constdata          mc_p.l(ctype_o.o)
    0x0800ed0c   0x0800ed0c   0x00000400   Data   RO         1675    .rodata.crc32tab    uappsproduct_init.o
    0x0800f10c   0x0800f10c   0x00000008   Data   RO          652    .rodata.cst8        gd32e23x_rcu.o
    0x0800f114   0x0800f114   0x000007d2   Data   RO         2473    .rodata.fade_table  pwm_hw.o
    0x0800f8e6   0x0800f8e6   0x00000082   Data   RO         2558    .rodata.product_str  plcp_callback.o
    0x0800f968   0x0800f968   0x0000006c   Data   RO         1246    .rodata.str1.1      app_publicattribute.o
    0x0800f9d4   0x0800f9d4   0x00000027   Data   RO         1301    .rodata.str1.1      app_txbuffer.o
    0x0800f9fb   0x0800f9fb   0x00000003   Data   RO         1464    .rodata.str1.1      uappsrsl.o
    0x0800f9fe   0x0800f9fe   0x0000000e   Data   RO         1559    .rodata.str1.1      app_userprocess.o
    0x0800fa0c   0x0800fa0c   0x0000005b   Data   RO         1650    .rodata.str1.1      mseprocess.o
    0x0800fa67   0x0800fa67   0x00000033   Data   RO         1681    .rodata.str1.1      uappsproduct_init.o
    0x0800fa9a   0x0800fa9a   0x0000000a   Data   RO         1963    .rodata.str1.1      light_ct_adapter.o
    0x0800faa4   0x0800faa4   0x00000013   Data   RO         2196    .rodata.str1.1      cjson.o
    0x0800fab7   0x0800fab7   0x00000095   Data   RO         2535    .rodata.str1.1      plcp_bind.o
    0x0800fb4c   0x0800fb4c   0x000000be   Data   RO         2611    .rodata.str1.1      plcp_scene.o
    0x0800fc0a   0x0800fc0a   0x0000000c   Data   RO         2677    .rodata.str1.1      plcp_special_scene.o
    0x0800fc16   0x0800fc16   0x00000002   PAD
    0x0800fc18   0x0800fc18   0x00000020   Data   RO         3270    Region$$Table       anon$$obj.o


    Execution Region RW_IRAM1 (Exec base: 0x20000000, Load base: 0x0800fc38, Size: 0x00003188, Max: 0x00004000, ABSOLUTE, COMPRESSED[0x000001e0])

    Exec Addr    Load Addr    Size         Type   Attr      Idx    E Section Name        Object

    0x20000000   COMPRESSED   0x00000004   Data   RW         2794    .data               mc_p.l(rand.o)
    0x20000004   COMPRESSED   0x00000004   Data   RW         3167    .data               mc_p.l(stdout.o)
    0x20000008   COMPRESSED   0x00000004   Data   RW         3184    .data               mc_p.l(mvars.o)
    0x2000000c   COMPRESSED   0x00000004   Data   RW         3185    .data               mc_p.l(mvars.o)
    0x20000010   COMPRESSED   0x00000004   Data   RW         3189    .data               mc_p.l(errno.o)
    0x20000014   COMPRESSED   0x00000004   Data   RW           47    .data.SystemCoreClock  system_gd32e23x.o
    0x20000018   COMPRESSED   0x00000152   Data   RW         2559    .data.ae_str        plcp_callback.o
    0x2000016a   COMPRESSED   0x000001e0   Data   RW         1649    .data.gMSEService   mseprocess.o
    0x2000034a   COMPRESSED   0x00000002   PAD
    0x2000034c   COMPRESSED   0x0000000c   Data   RW         2195    .data.global_hooks  cjson.o
    0x20000358   COMPRESSED   0x00000018   Data   RW         1485    .data.my_panel_status  plcp_panel.o
    0x20000370   COMPRESSED   0x00000002   Data   RW         2472    .data.timer0_period  pwm_hw.o
    0x20000372   COMPRESSED   0x00000002   Data   RW         2470    .data.timer15_period  pwm_hw.o
    0x20000374   COMPRESSED   0x00000002   Data   RW         2471    .data.timer16_period  pwm_hw.o
    0x20000376   COMPRESSED   0x00000002   Data   RW         2469    .data.timer2_period  pwm_hw.o
    0x20000378   COMPRESSED   0x00000002   Data   RW         1436    .data.uappsSeed     uapps.o
    0x2000037a   COMPRESSED   0x000000ad   Data   RW         2560    .data.widgets_str   plcp_callback.o
    0x20000427   COMPRESSED   0x00000001   PAD
    0x20000428        -       0x000001f4   Zero   RW         1265    .bss.APP_RxBuffer   app_rxbuffer.o
    0x2000061c        -       0x00000020   Zero   RW         1266    .bss.APP_RxBufferDataParamArray  app_rxbuffer.o
    0x2000063c        -       0x00000002   Zero   RW         1268    .bss.APP_RxBufferDataParamArrayIndex  app_rxbuffer.o
    0x2000063e        -       0x00000002   Zero   RW         1267    .bss.APP_RxBufferIndex  app_rxbuffer.o
    0x20000640        -       0x00000018   Zero   RW         2612    .bss.APP_Scene_Join.temp  plcp_scene.o
    0x20000658        -       0x000008ca   Zero   RW         1297    .bss.APP_TxBuffer   app_txbuffer.o
    0x20000f22   COMPRESSED   0x00000002   PAD
    0x20000f24        -       0x00000028   Zero   RW         1298    .bss.APP_TxBufferDataParamArray  app_txbuffer.o
    0x20000f4c        -       0x00000002   Zero   RW         1299    .bss.APP_TxBufferHead  app_txbuffer.o
    0x20000f4e        -       0x00000002   Zero   RW         1300    .bss.APP_TxBufferTail  app_txbuffer.o
    0x20000f50        -       0x00000001   Zero   RW         2672    .bss.DelaySceneIndex  plcp_special_scene.o
    0x20000f51   COMPRESSED   0x00000003   PAD
    0x20000f54        -       0x00000440   Zero   RW         2608    .bss.DeviceScene    plcp_scene.o
    0x20001394        -       0x00000040   Zero   RW         2539    .bss.PLCP_eventReport.from  plcp_bind.o
    0x200013d4        -       0x00000006   Zero   RW         2540    .bss.PLCP_eventReport.macAddr  plcp_bind.o
    0x200013da   COMPRESSED   0x00000002   PAD
    0x200013dc        -       0x00000078   Zero   RW         2541    .bss.PLCP_eventReport.playload  plcp_bind.o
    0x20001454        -       0x00000040   Zero   RW         2538    .bss.PLCP_eventReport.tempSrt  plcp_bind.o
    0x20001494        -       0x00000040   Zero   RW         2537    .bss.PLCP_sendBindMsg.dataBuf  plcp_bind.o
    0x200014d4        -       0x00000030   Zero   RW         2536    .bss.PLCP_sendBindMsg.playload  plcp_bind.o
    0x20001504        -       0x0000000e   Zero   RW         1244    .bss.Public_attribute  app_publicattribute.o
    0x20001512   COMPRESSED   0x00000002   PAD
    0x20001514        -       0x00000004   Zero   RW         1867    .bss.ad_led_b_table  attr_table.o
    0x20001518        -       0x00000008   Zero   RW         2289    .bss.adc_value      adc.o
    0x20001520        -       0x00000004   Zero   RW         1864    .bss.button_state_table  attr_table.o
    0x20001524        -       0x00000004   Zero   RW         2606    .bss.ch_groupIndex  plcp_scene.o
    0x20001528        -       0x00000004   Zero   RW         2613    .bss.ch_sceneIndex  plcp_scene.o
    0x2000152c        -       0x00000001   Zero   RW         1698    .bss.curtain_exe    plcp_panel_api.o
    0x2000152d   COMPRESSED   0x00000003   PAD
    0x20001530        -       0x00000004   Zero   RW           34    .bss.delay          systick.o
    0x20001534        -       0x00000002   Zero   RW         2397    .bss.delay_count    zero.o
    0x20001536   COMPRESSED   0x00000002   PAD
    0x20001538        -       0x0000000c   Zero   RW         1861    .bss.delay_state    attr_table.o
    0x20001544        -       0x0000000c   Zero   RW         1859    .bss.delay_table    attr_table.o
    0x20001550        -       0x0000000c   Zero   RW         1860    .bss.delay_timer_counter  attr_table.o
    0x2000155c        -       0x00000020   Zero   RW         2364    .bss.eventHandlers  eventbus.o
    0x2000157c        -       0x00000080   Zero   RW         2365    .bss.eventQueue     eventbus.o
    0x200015fc        -       0x00000054   Zero   RW         2468    .bss.fade_channels  pwm_hw.o
    0x20001650        -       0x000002f0   Zero   RW         2534    .bss.gBindDataBase  plcp_bind.o
    0x20001940        -       0x00000001   Zero   RW         1490    .bss.get_my_mac     plcp_panel.o
    0x20001941   COMPRESSED   0x00000003   PAD
    0x20001944        -       0x00000004   Zero   RW         2192    .bss.global_error.0  cjson.o
    0x20001948        -       0x00000004   Zero   RW         2193    .bss.global_error.1  cjson.o
    0x2000194c        -       0x00000001   Zero   RW         2360    .bss.handlerCount   eventbus.o
    0x2000194d        -       0x00000001   Zero   RW         2396    .bss.is_delaying    zero.o
    0x2000194e        -       0x00000001   Zero   RW         1492    .bss.join_net       plcp_panel.o
    0x2000194f   COMPRESSED   0x00000001   PAD
    0x20001950        -       0x00000004   Zero   RW         1869    .bss.kj_mode_table  attr_table.o
    0x20001954        -       0x00000001   Zero   RW         1494    .bss.led_blink      plcp_panel.o
    0x20001955   COMPRESSED   0x00000001   PAD
    0x20001956        -       0x00000002   Zero   RW         1493    .bss.led_blink_count  plcp_panel.o
    0x20001958        -       0x00000006   Zero   RW         1858    .bss.led_enable_table  attr_table.o
    0x2000195e   COMPRESSED   0x00000002   PAD
    0x20001960        -       0x00000004   Zero   RW         2614    .bss.led_sceneIndex  plcp_scene.o
    0x20001964        -       0x00000004   Zero   RW         1865    .bss.led_state_table  attr_table.o
    0x20001968        -       0x00000004   Zero   RW         1863    .bss.led_table      attr_table.o
    0x2000196c        -       0x000000c0   Zero   RW         2673    .bss.my_DelayScene  plcp_special_scene.o
    0x20001a2c        -       0x00000008   Zero   RW         2674    .bss.my_NightScene  plcp_special_scene.o
    0x20001a34        -       0x00000018   Zero   RW         1484    .bss.my_adc_value   plcp_panel.o
    0x20001a4c        -       0x00000100   Zero   RW         2605    .bss.my_ch_group    plcp_scene.o
    0x20001b4c        -       0x00000300   Zero   RW         2610    .bss.my_ch_scene    plcp_scene.o
    0x20001e4c        -       0x00000001   Zero   RW         1486    .bss.my_common_panel.0  plcp_panel.o
    0x20001e4d   COMPRESSED   0x00000001   PAD
    0x20001e4e        -       0x00000002   Zero   RW         1487    .bss.my_common_panel.2  plcp_panel.o
    0x20001e50        -       0x0000000c   Zero   RW         1699    .bss.my_curtain_hold  plcp_panel_api.o
    0x20001e5c        -       0x00000300   Zero   RW         2609    .bss.my_led_scene   plcp_scene.o
    0x2000215c        -       0x00000190   Zero   RW         2448    .bss.my_soft_timer  timer.o
    0x200022ec        -       0x00000001   Zero   RW         2678    .bss.night_scene_current  plcp_special_scene.o
    0x200022ed   COMPRESSED   0x00000003   PAD
    0x200022f0        -       0x00000088   Zero   RW         1714    .bss.panel_pins     plcp_panel_info.o
    0x20002378        -       0x00000010   Zero   RW         2002    .bss.powe_up_status  plcp_light_ct_info.o
    0x20002388        -       0x00000100   Zero   RW         1679    .bss.productInit    uappsproduct_init.o
    0x20002488        -       0x00000001   Zero   RW         2363    .bss.queueHead      eventbus.o
    0x20002489        -       0x00000001   Zero   RW         2361    .bss.queueSize      eventbus.o
    0x2000248a        -       0x00000001   Zero   RW         2362    .bss.queueTail      eventbus.o
    0x2000248b        -       0x00000006   Zero   RW         1868    .bss.relay_powe_up_table  attr_table.o
    0x20002491   COMPRESSED   0x00000003   PAD
    0x20002494        -       0x00000004   Zero   RW         1856    .bss.relay_table    attr_table.o
    0x20002498        -       0x00000032   Zero   RW         1676    .bss.rsi            uappsproduct_init.o
    0x200024ca        -       0x00000202   Zero   RW         2420    .bss.rx0_buf        usart.o
    0x200026cc        -       0x00000004   Zero   RW         2419    .bss.rx0_callback   usart.o
    0x200026d0        -       0x00000004   Zero   RW         1245    .bss.sPost_flag     app_publicattribute.o
    0x200026d4        -       0x00000004   Zero   RW         1483    .bss.sPost_flag     plcp_panel.o
    0x200026d8        -       0x00000001   Zero   RW         2607    .bss.sceneIndex     plcp_scene.o
    0x200026d9        -       0x00000003   Zero   RW         1696    .bss.switch_api_button_event_handler.eventAEI  plcp_panel_api.o
    0x200026dc   COMPRESSED   0x00000004   PAD
    0x200026e0        -       0x00000010   Zero   RW         1697    .bss.switch_api_button_event_handler.eventType  plcp_panel_api.o
    0x200026f0        -       0x00000004   Zero   RW         2449    .bss.system_ticks   timer.o
    0x200026f4        -       0x00000174   Zero   RW         1678    .bss.testCoap       uappsproduct_init.o
    0x20002868        -       0x00000001   Zero   RW         2477    .bss.timer0_inited  pwm_hw.o
    0x20002869        -       0x00000001   Zero   RW         2475    .bss.timer15_inited  pwm_hw.o
    0x2000286a        -       0x00000001   Zero   RW         2476    .bss.timer16_inited  pwm_hw.o
    0x2000286b        -       0x00000001   Zero   RW         2474    .bss.timer2_inited  pwm_hw.o
    0x2000286c        -       0x00000002   Zero   RW         1489    .bss.timer_1s_count  plcp_panel.o
    0x2000286e        -       0x00000002   Zero   RW         1491    .bss.timer_2s_count  plcp_panel.o
    0x20002870        -       0x00000002   Zero   RW         1488    .bss.timer_5s_count  plcp_panel.o
    0x20002872   COMPRESSED   0x00000002   PAD
    0x20002874        -       0x00000004   Zero   RW         2422    .bss.tx0_buf.0      usart.o
    0x20002878        -       0x00000002   Zero   RW         2423    .bss.tx0_buf.1      usart.o
    0x2000287a        -       0x00000001   Zero   RW         2421    .bss.tx_busy        usart.o
    0x2000287b   COMPRESSED   0x00000001   PAD
    0x2000287c        -       0x00000002   Zero   RW         1437    .bss.uappsId        uapps.o
    0x2000287e   COMPRESSED   0x00000002   PAD
    0x20002880        -       0x00000100   Zero   RW         1677    .bss.uartSendBuff   uappsproduct_init.o
    0x20002980        -       0x00000001   Zero   RW         2394    .bss.zero_failed    zero.o
    0x20002981   COMPRESSED   0x00000003   PAD
    0x20002984        -       0x00000004   Zero   RW         2395    .bss.zero_timeout_count  zero.o
    0x20002988        -       0x00000400   Zero   RW         1183    HEAP                startup_gd32e23x.o
    0x20002d88        -       0x00000400   Zero   RW         1182    STACK               startup_gd32e23x.o


==============================================================================

Image component sizes


      Code (inc. data)   RO Data    RW Data    ZI Data      Debug   Object Name

       288         12          0          0          8       3250   adc.o
       532        152        108          0         18       5290   app_publicattribute.o
       260         16          0          0        536       2014   app_rxbuffer.o
       244         32         39          0       2294       3196   app_txbuffer.o
      1186        104         14          0          0      11940   app_userprocess.o
      1670        236          0          0         72      20811   attr_table.o
        94          0          0          0          0       4410   base.o
      6346        116         19         12          8      69976   cjson.o
       712        236          0          0          0       6951   cmddemo.o
       176         24          0          0        164       2466   eventbus.o
       270          4          0          0          0       4330   flash.o
       500         28          0          0          0       8782   gd32e23x_adc.o
       420         24          0          0          0       6782   gd32e23x_dma.o
       808         24          0          0          0      24317   gd32e23x_fmc.o
       188         28          0          0          0       3883   gd32e23x_fwdgt.o
       730         24          0          0          0       6041   gd32e23x_gpio.o
        26          0          0          0          0       1026   gd32e23x_it.o
       108         20          0          0          0       3879   gd32e23x_misc.o
       960         72          8          0          0      15731   gd32e23x_rcu.o
        16          4          0          0          0       3049   gd32e23x_syscfg.o
      1150         64          0          0          0      21348   gd32e23x_timer.o
       460         28          0          0          0      14178   gd32e23x_usart.o
         4          0          0          0          0        512   jump_device.o
       362         28         10          0          0       2892   light_ct_adapter.o
        60         24          0          0          0       3510   light_ct_attr_table.o
       132          0          0          0          0       8311   lmeutils.o
       132         56          0          0          0        679   main.o
      4132        404         91        480          0      25967   mseprocess.o
       708        108          0          0          0       9934   panel_adapter.o
      5736        908        149          0       1118      21732   plcp_bind.o
       108         24        130        511          0       1800   plcp_callback.o
        88         36          0          0         16       3478   plcp_light_ct_info.o
       866        132          0         24         42       5627   plcp_panel.o
       732        160          0          0         32       3185   plcp_panel_api.o
       452         84          0          0        136       2331   plcp_panel_info.o
      9572        708        190          0       2917      32855   plcp_scene.o
        66          0          0          0          0       1853   plcp_sdk_api.o
      1048        324         12          0        202       5398   plcp_special_scene.o
        22          4          0          0          0       3468   protocol.o
      1276        152       2002          8         88       6012   pwm_hw.o
        68         22        204          0       2048        696   startup_gd32e23x.o
       460         28          0          4          0       2463   system_gd32e23x.o
       120         20          0          0          4       2951   systick.o
      1288         32          0          0        404       6971   timer.o
      4612         28          0          2          2      44284   uapps.o
      1332        156       1075          0        934      12138   uappsproduct_init.o
       586          4          3          0          0       6842   uappsrsl.o
       760         72          0          0        525       6219   usart.o
       164         20          0          0          0       2661   watchdog.o
       102         20          0          0          8       2023   zero.o

    ----------------------------------------------------------------------
     52164       4802       4088       1044      11616     470442   Object Totals
         0          0         32          0          0          0   (incl. Generated)
        32          0          2          3         40          0   (incl. Padding)

    ----------------------------------------------------------------------

      Code (inc. data)   RO Data    RW Data    ZI Data      Debug   Library Member Name

        30          0          0          0          0         72   strtod.o
        60         10          0          0          0         84   __0sscanf.o
        86          0          0          0          0          0   __dczerorl2.o
        30          0          0          0          0         60   _chval.o
       824         12          0          0          0         84   _scanf.o
        68          0          0          0          0         76   _sgetc.o
       166          0          0          0          0         84   _strtoul.o
        26          0          0          0          0         72   atol.o
         8          4        133          0          0         60   ctype_o.o
         0          0          0          0          0          0   entry.o
         0          0          0          0          0          0   entry10a.o
         0          0          0          0          0          0   entry11a.o
         8          4          0          0          0          0   entry2.o
         4          0          0          0          0          0   entry5.o
         0          0          0          0          0          0   entry7b.o
         0          0          0          0          0          0   entry8b.o
         8          4          0          0          0          0   entry9a.o
         8          4          0          4          0         60   errno.o
        30          0          0          0          0          0   handlers.o
        48         10          0          0          0         68   init.o
        18          0          0          0          0         68   isspace_o.o
         0          0          0          0          0          0   iusefp.o
        48          0          0          0          0         72   llmul.o
        32          0          0          0          0         68   llshl.o
        38          0          0          0          0         68   llsshr.o
        34          0          0          0          0         68   llushr.o
       368         36          0          0          0        308   mallocr.o
        26          0          0          0          0         72   memcmp.o
        36          0          0          0          0         60   memcpya.o
        36          0          0          0          0        100   memseta.o
         0          0          0          8          0          0   mvars.o
      2380        108          0          0          0        708   printfa.o
        16          6          0          0          0         68   putchar.o
        32          4          0          0          0         68   puts.o
        36         12          0          4          0        120   rand.o
        44          8          0          0          0         84   scanf_char.o
       898         14          0          0          0        184   scanf_fp.o
         0          0          0          4          0          0   stdout.o
        20          0          0          0          0         60   strchr.o
        28          0          0          0          0         68   strcmp.o
        18          0          0          0          0         60   strcpy.o
        14          0          0          0          0         60   strlen.o
        30          0          0          0          0         72   strncmp.o
        26          0          0          0          0         68   strncpy.o
        32          0          0          0          0         68   strpbrk.o
        40          0          0          0          0         72   strstr.o
       180         18          0          0          0        120   strtod.o
       112          4          0          0          0         76   strtol.o
        12          0          0          0          0         60   tolower.o
        62          0          0          0          0         72   uidiv_div0.o
        96          0          0          0          0         84   uldiv.o
        40          2          0          0          0         68   cdrcmple.o
        56          0          0          0          0         68   d2f.o
       356          4          0          0          0        140   dadd.o
        44          0          0          0          0         68   dcmpge.o
        44          0          0          0          0         68   dcmpgt.o
        44          0          0          0          0         68   dcmple.o
       240          6          0          0          0         84   ddiv.o
       236          0          0          0          0        216   depilogue.o
        72         10          0          0          0         72   dfixi.o
        64         10          0          0          0         68   dfixul.o
        28          6          0          0          0         68   dfltul.o
       208          6          0          0          0         88   dmul.o
       178          0          0          0          0        108   fadd.o
       124          0          0          0          0         72   fdiv.o
       130          0          0          0          0        144   fepilogue.o
        50          0          0          0          0         60   ffixi.o
        14          0          0          0          0         68   ffltui.o
       122          0          0          0          0         72   fmul.o

    ----------------------------------------------------------------------
      8182        302        134         20          0       5376   Library Totals
        16          0          1          0          0          0   (incl. Padding)

    ----------------------------------------------------------------------

      Code (inc. data)   RO Data    RW Data    ZI Data      Debug   Library Name

        30          0          0          0          0         72   m_ps.l
      6086        258        133         20          0       3704   mc_p.l
      2050         44          0          0          0       1600   mf_p.l

    ----------------------------------------------------------------------
      8182        302        134         20          0       5376   Library Totals

    ----------------------------------------------------------------------

==============================================================================


      Code (inc. data)   RO Data    RW Data    ZI Data      Debug   

     60346       5104       4222       1064      11616     472170   Grand Totals
     60346       5104       4222        480      11616     472170   ELF Image Totals (compressed)
     60346       5104       4222        480          0          0   ROM Totals

==============================================================================

    Total RO  Size (Code + RO Data)                64568 (  63.05kB)
    Total RW  Size (RW Data + ZI Data)             12680 (  12.38kB)
    Total ROM Size (Code + RO Data + RW Data)      65048 (  63.52kB)

==============================================================================

