Component: Arm Compiler for Embedded 6.24 Tool: armlink [5f371500]

==============================================================================

Section Cross References

    gd32e23x_it.o(.text.NMI_Handler) refers to gd32e23x_syscfg.o(.text.syscfg_flag_get) for syscfg_flag_get
    gd32e23x_it.o(.ARM.exidx.text.NMI_Handler) refers to gd32e23x_it.o(.text.NMI_Handler) for [Anonymous Symbol]
    gd32e23x_it.o(.ARM.exidx.text.HardFault_Handler) refers to gd32e23x_it.o(.text.HardFault_Handler) for [Anonymous Symbol]
    gd32e23x_it.o(.ARM.exidx.text.SVC_Handler) refers to gd32e23x_it.o(.text.SVC_Handler) for [Anonymous Symbol]
    gd32e23x_it.o(.ARM.exidx.text.PendSV_Handler) refers to gd32e23x_it.o(.text.PendSV_Handler) for [Anonymous Symbol]
    gd32e23x_it.o(.text.SysTick_Handler) refers to systick.o(.text.delay_decrement) for delay_decrement
    gd32e23x_it.o(.ARM.exidx.text.SysTick_Handler) refers to gd32e23x_it.o(.text.SysTick_Handler) for [Anonymous Symbol]
    main.o(.text.main) refers to systick.o(.text.systick_config) for systick_config
    main.o(.text.main) refers to systick.o(.text.delay_1ms) for delay_1ms
    main.o(.text.main) refers to usart.o(.text.app_usart_init) for app_usart_init
    main.o(.text.main) refers to eventbus.o(.text.app_eventbus_init) for app_eventbus_init
    main.o(.text.main) refers to timer.o(.text.app_timer_init) for app_timer_init
    main.o(.text.main) refers to watchdog.o(.text.app_watchdog_init) for app_watchdog_init
    main.o(.text.main) refers to protocol.o(.text.app_proto_init) for app_proto_init
    main.o(.text.main) refers to eventbus.o(.text.app_eventbus_poll) for app_eventbus_poll
    main.o(.text.main) refers to timer.o(.text.app_timer_poll) for app_timer_poll
    main.o(.ARM.exidx.text.main) refers to main.o(.text.main) for [Anonymous Symbol]
    systick.o(.text.systick_config) refers to system_gd32e23x.o(.data.SystemCoreClock) for SystemCoreClock
    systick.o(.ARM.exidx.text.systick_config) refers to systick.o(.text.systick_config) for [Anonymous Symbol]
    systick.o(.text.delay_1ms) refers to systick.o(.bss.delay) for [Anonymous Symbol]
    systick.o(.ARM.exidx.text.delay_1ms) refers to systick.o(.text.delay_1ms) for [Anonymous Symbol]
    systick.o(.text.delay_decrement) refers to systick.o(.bss.delay) for [Anonymous Symbol]
    systick.o(.ARM.exidx.text.delay_decrement) refers to systick.o(.text.delay_decrement) for [Anonymous Symbol]
    system_gd32e23x.o(.text.SystemInit) refers to gd32e23x_misc.o(.text.nvic_vector_table_set) for nvic_vector_table_set
    system_gd32e23x.o(.ARM.exidx.text.SystemInit) refers to system_gd32e23x.o(.text.SystemInit) for [Anonymous Symbol]
    system_gd32e23x.o(.text.SystemCoreClockUpdate) refers to system_gd32e23x.o(.data.SystemCoreClock) for SystemCoreClock
    system_gd32e23x.o(.ARM.exidx.text.SystemCoreClockUpdate) refers to system_gd32e23x.o(.text.SystemCoreClockUpdate) for [Anonymous Symbol]
    gd32e23x_adc.o(.text.adc_deinit) refers to gd32e23x_rcu.o(.text.rcu_periph_reset_enable) for rcu_periph_reset_enable
    gd32e23x_adc.o(.text.adc_deinit) refers to gd32e23x_rcu.o(.text.rcu_periph_reset_disable) for rcu_periph_reset_disable
    gd32e23x_adc.o(.ARM.exidx.text.adc_deinit) refers to gd32e23x_adc.o(.text.adc_deinit) for [Anonymous Symbol]
    gd32e23x_adc.o(.ARM.exidx.text.adc_enable) refers to gd32e23x_adc.o(.text.adc_enable) for [Anonymous Symbol]
    gd32e23x_adc.o(.ARM.exidx.text.adc_disable) refers to gd32e23x_adc.o(.text.adc_disable) for [Anonymous Symbol]
    gd32e23x_adc.o(.ARM.exidx.text.adc_calibration_enable) refers to gd32e23x_adc.o(.text.adc_calibration_enable) for [Anonymous Symbol]
    gd32e23x_adc.o(.ARM.exidx.text.adc_dma_mode_enable) refers to gd32e23x_adc.o(.text.adc_dma_mode_enable) for [Anonymous Symbol]
    gd32e23x_adc.o(.ARM.exidx.text.adc_dma_mode_disable) refers to gd32e23x_adc.o(.text.adc_dma_mode_disable) for [Anonymous Symbol]
    gd32e23x_adc.o(.ARM.exidx.text.adc_tempsensor_vrefint_enable) refers to gd32e23x_adc.o(.text.adc_tempsensor_vrefint_enable) for [Anonymous Symbol]
    gd32e23x_adc.o(.ARM.exidx.text.adc_tempsensor_vrefint_disable) refers to gd32e23x_adc.o(.text.adc_tempsensor_vrefint_disable) for [Anonymous Symbol]
    gd32e23x_adc.o(.ARM.exidx.text.adc_discontinuous_mode_config) refers to gd32e23x_adc.o(.text.adc_discontinuous_mode_config) for [Anonymous Symbol]
    gd32e23x_adc.o(.ARM.exidx.text.adc_special_function_config) refers to gd32e23x_adc.o(.text.adc_special_function_config) for [Anonymous Symbol]
    gd32e23x_adc.o(.ARM.exidx.text.adc_data_alignment_config) refers to gd32e23x_adc.o(.text.adc_data_alignment_config) for [Anonymous Symbol]
    gd32e23x_adc.o(.ARM.exidx.text.adc_channel_length_config) refers to gd32e23x_adc.o(.text.adc_channel_length_config) for [Anonymous Symbol]
    gd32e23x_adc.o(.ARM.exidx.text.adc_regular_channel_config) refers to gd32e23x_adc.o(.text.adc_regular_channel_config) for [Anonymous Symbol]
[...]
    Removing plcp_scene.o(.bss.my_curtain), (24 bytes).
    Removing plcp_sdk_api.o(.text), (0 bytes).
    Removing plcp_sdk_api.o(.text.plcp_sdk_api_get_cco_mac), (28 bytes).
    Removing plcp_sdk_api.o(.ARM.exidx.text.plcp_sdk_api_get_cco_mac), (8 bytes).
    Removing plcp_sdk_api.o(.text.plcp_sdk_api_get_self_mac), (28 bytes).
    Removing plcp_sdk_api.o(.ARM.exidx.text.plcp_sdk_api_get_self_mac), (8 bytes).
    Removing plcp_sdk_api.o(.text.plcp_sdk_api_get_did), (10 bytes).
    Removing plcp_sdk_api.o(.ARM.exidx.text.plcp_sdk_api_get_did), (8 bytes).
    Removing plcp_sdk_api.o(.text.plcp_sdk_api_uart_rec_process), (4 bytes).
    Removing plcp_sdk_api.o(.ARM.exidx.text.plcp_sdk_api_uart_rec_process), (8 bytes).
    Removing plcp_special_scene.o(.text), (0 bytes).
    Removing plcp_special_scene.o(.text.special_scene_set), (148 bytes).
    Removing plcp_special_scene.o(.ARM.exidx.text.special_scene_set), (8 bytes).
    Removing plcp_special_scene.o(.text.APP_SaveDelaySceneParameter), (20 bytes).
    Removing plcp_special_scene.o(.ARM.exidx.text.APP_SaveDelaySceneParameter), (8 bytes).
    Removing plcp_special_scene.o(.text.APP_SaveNightSceneParameter), (20 bytes).
    Removing plcp_special_scene.o(.ARM.exidx.text.APP_SaveNightSceneParameter), (8 bytes).
    Removing plcp_special_scene.o(.text.special_night_scene_get), (8 bytes).
    Removing plcp_special_scene.o(.ARM.exidx.text.special_night_scene_get), (8 bytes).
    Removing plcp_special_scene.o(.text.special_delay_scene_get), (8 bytes).
    Removing plcp_special_scene.o(.ARM.exidx.text.special_delay_scene_get), (8 bytes).
    Removing plcp_special_scene.o(.text.APP_ReadDelaySceneParameter), (48 bytes).
    Removing plcp_special_scene.o(.ARM.exidx.text.APP_ReadDelaySceneParameter), (8 bytes).
    Removing plcp_special_scene.o(.text.delay_scene_set), (36 bytes).
    Removing plcp_special_scene.o(.ARM.exidx.text.delay_scene_set), (8 bytes).
    Removing plcp_special_scene.o(.text.delay_scene_id_get), (12 bytes).
    Removing plcp_special_scene.o(.ARM.exidx.text.delay_scene_id_get), (8 bytes).
    Removing plcp_special_scene.o(.text.delay_scene_time_get), (12 bytes).
    Removing plcp_special_scene.o(.ARM.exidx.text.delay_scene_time_get), (8 bytes).
    Removing plcp_special_scene.o(.text.delay_scene_stop), (32 bytes).
    Removing plcp_special_scene.o(.ARM.exidx.text.delay_scene_stop), (8 bytes).
    Removing plcp_special_scene.o(.text.night_scene_info_get), (8 bytes).
    Removing plcp_special_scene.o(.ARM.exidx.text.night_scene_info_get), (8 bytes).
    Removing plcp_special_scene.o(.text.night_scene_state_get), (16 bytes).
    Removing plcp_special_scene.o(.ARM.exidx.text.night_scene_state_get), (8 bytes).
    Removing plcp_special_scene.o(.text.night_scene_open), (68 bytes).
    Removing plcp_special_scene.o(.ARM.exidx.text.night_scene_open), (8 bytes).
    Removing plcp_special_scene.o(.text.night_delay), (164 bytes).
    Removing plcp_special_scene.o(.ARM.exidx.text.night_delay), (8 bytes).
    Removing plcp_special_scene.o(.text.night_scene_close), (104 bytes).
    Removing plcp_special_scene.o(.ARM.exidx.text.night_scene_close), (8 bytes).
    Removing plcp_special_scene.o(.text.night_scene_off_send), (112 bytes).
    Removing plcp_special_scene.o(.ARM.exidx.text.night_scene_off_send), (8 bytes).
    Removing plcp_special_scene.o(.text.APP_ReadNightSceneParameter), (232 bytes).
    Removing plcp_special_scene.o(.ARM.exidx.text.APP_ReadNightSceneParameter), (8 bytes).
    Removing plcp_special_scene.o(.text.APP_SpecialSceneClr), (84 bytes).
    Removing plcp_special_scene.o(.ARM.exidx.text.APP_SpecialSceneClr), (8 bytes).
    Removing plcp_special_scene.o(.bss.my_DelayScene), (40 bytes).
    Removing plcp_special_scene.o(.bss.my_NightScene), (40 bytes).
    Removing plcp_special_scene.o(.bss.delay_scene_id), (2 bytes).
    Removing plcp_special_scene.o(.bss.delay_scene_time), (2 bytes).
    Removing plcp_special_scene.o(.rodata.str1.1), (12 bytes).
    Removing plcp_special_scene.o(.bss.night_scene_open.s_night_num), (1 bytes).
    Removing segger_rtt.o(.text), (0 bytes).
    Removing segger_rtt.o(.text.SEGGER_RTT_ReadUpBufferNoLock), (240 bytes).
    Removing segger_rtt.o(.ARM.exidx.text.SEGGER_RTT_ReadUpBufferNoLock), (8 bytes).
    Removing segger_rtt.o(.text.SEGGER_RTT_ReadNoLock), (240 bytes).
    Removing segger_rtt.o(.ARM.exidx.text.SEGGER_RTT_ReadNoLock), (8 bytes).
    Removing segger_rtt.o(.text.SEGGER_RTT_ReadUpBuffer), (26 bytes).
    Removing segger_rtt.o(.ARM.exidx.text.SEGGER_RTT_ReadUpBuffer), (8 bytes).
    Removing segger_rtt.o(.text.SEGGER_RTT_Read), (26 bytes).
    Removing segger_rtt.o(.ARM.exidx.text.SEGGER_RTT_Read), (8 bytes).
    Removing segger_rtt.o(.text.SEGGER_RTT_WriteWithOverwriteNoLock), (216 bytes).
    Removing segger_rtt.o(.ARM.exidx.text.SEGGER_RTT_WriteWithOverwriteNoLock), (8 bytes).
    Removing segger_rtt.o(.text.SEGGER_RTT_WriteSkipNoLock), (124 bytes).
    Removing segger_rtt.o(.ARM.exidx.text.SEGGER_RTT_WriteSkipNoLock), (8 bytes).
    Removing segger_rtt.o(.text.SEGGER_RTT_WriteDownBufferNoLock), (328 bytes).
    Removing segger_rtt.o(.ARM.exidx.text.SEGGER_RTT_WriteDownBufferNoLock), (8 bytes).
    Removing segger_rtt.o(.text.SEGGER_RTT_WriteNoLock), (328 bytes).
    Removing segger_rtt.o(.ARM.exidx.text.SEGGER_RTT_WriteNoLock), (8 bytes).
    Removing segger_rtt.o(.text.SEGGER_RTT_WriteDownBuffer), (152 bytes).
    Removing segger_rtt.o(.ARM.exidx.text.SEGGER_RTT_WriteDownBuffer), (8 bytes).
    Removing segger_rtt.o(.text.SEGGER_RTT_Write), (152 bytes).
    Removing segger_rtt.o(.ARM.exidx.text.SEGGER_RTT_Write), (8 bytes).
    Removing segger_rtt.o(.text.SEGGER_RTT_WriteString), (164 bytes).
    Removing segger_rtt.o(.ARM.exidx.text.SEGGER_RTT_WriteString), (8 bytes).
    Removing segger_rtt.o(.text.SEGGER_RTT_PutCharSkipNoLock), (52 bytes).
    Removing segger_rtt.o(.ARM.exidx.text.SEGGER_RTT_PutCharSkipNoLock), (8 bytes).
    Removing segger_rtt.o(.text.SEGGER_RTT_PutCharSkip), (188 bytes).
    Removing segger_rtt.o(.ARM.exidx.text.SEGGER_RTT_PutCharSkip), (8 bytes).
    Removing segger_rtt.o(.text.SEGGER_RTT_PutChar), (220 bytes).
    Removing segger_rtt.o(.ARM.exidx.text.SEGGER_RTT_PutChar), (8 bytes).
    Removing segger_rtt.o(.text.SEGGER_RTT_GetKey), (48 bytes).
    Removing segger_rtt.o(.ARM.exidx.text.SEGGER_RTT_GetKey), (8 bytes).
    Removing segger_rtt.o(.text.SEGGER_RTT_WaitKey), (44 bytes).
    Removing segger_rtt.o(.ARM.exidx.text.SEGGER_RTT_WaitKey), (8 bytes).
    Removing segger_rtt.o(.text.SEGGER_RTT_HasKey), (136 bytes).
    Removing segger_rtt.o(.ARM.exidx.text.SEGGER_RTT_HasKey), (8 bytes).
    Removing segger_rtt.o(.text.SEGGER_RTT_HasData), (20 bytes).
    Removing segger_rtt.o(.ARM.exidx.text.SEGGER_RTT_HasData), (8 bytes).
    Removing segger_rtt.o(.text.SEGGER_RTT_HasDataUp), (20 bytes).
    Removing segger_rtt.o(.ARM.exidx.text.SEGGER_RTT_HasDataUp), (8 bytes).
    Removing segger_rtt.o(.text.SEGGER_RTT_AllocDownBuffer), (304 bytes).
    Removing segger_rtt.o(.ARM.exidx.text.SEGGER_RTT_AllocDownBuffer), (8 bytes).
    Removing segger_rtt.o(.text.SEGGER_RTT_AllocUpBuffer), (304 bytes).
    Removing segger_rtt.o(.ARM.exidx.text.SEGGER_RTT_AllocUpBuffer), (8 bytes).
    Removing segger_rtt.o(.text.SEGGER_RTT_ConfigUpBuffer), (156 bytes).
    Removing segger_rtt.o(.ARM.exidx.text.SEGGER_RTT_ConfigUpBuffer), (8 bytes).
    Removing segger_rtt.o(.text.SEGGER_RTT_ConfigDownBuffer), (132 bytes).
    Removing segger_rtt.o(.ARM.exidx.text.SEGGER_RTT_ConfigDownBuffer), (8 bytes).
    Removing segger_rtt.o(.text.SEGGER_RTT_SetNameUpBuffer), (156 bytes).
    Removing segger_rtt.o(.ARM.exidx.text.SEGGER_RTT_SetNameUpBuffer), (8 bytes).
    Removing segger_rtt.o(.text.SEGGER_RTT_SetNameDownBuffer), (132 bytes).
    Removing segger_rtt.o(.ARM.exidx.text.SEGGER_RTT_SetNameDownBuffer), (8 bytes).
    Removing segger_rtt.o(.text.SEGGER_RTT_SetFlagsUpBuffer), (156 bytes).
    Removing segger_rtt.o(.ARM.exidx.text.SEGGER_RTT_SetFlagsUpBuffer), (8 bytes).
    Removing segger_rtt.o(.text.SEGGER_RTT_SetFlagsDownBuffer), (132 bytes).
    Removing segger_rtt.o(.ARM.exidx.text.SEGGER_RTT_SetFlagsDownBuffer), (8 bytes).
    Removing segger_rtt.o(.text.SEGGER_RTT_Init), (120 bytes).
    Removing segger_rtt.o(.ARM.exidx.text.SEGGER_RTT_Init), (8 bytes).
    Removing segger_rtt.o(.text.SEGGER_RTT_SetTerminal), (388 bytes).
    Removing segger_rtt.o(.ARM.exidx.text.SEGGER_RTT_SetTerminal), (8 bytes).
    Removing segger_rtt.o(.text.SEGGER_RTT_TerminalOut), (1136 bytes).
    Removing segger_rtt.o(.ARM.exidx.text.SEGGER_RTT_TerminalOut), (8 bytes).
    Removing segger_rtt.o(.text.SEGGER_RTT_GetAvailWriteSpace), (40 bytes).
    Removing segger_rtt.o(.ARM.exidx.text.SEGGER_RTT_GetAvailWriteSpace), (8 bytes).
    Removing segger_rtt.o(.text.SEGGER_RTT_GetBytesInBuffer), (36 bytes).
    Removing segger_rtt.o(.ARM.exidx.text.SEGGER_RTT_GetBytesInBuffer), (8 bytes).
    Removing segger_rtt.o(.bss._SEGGER_RTT), (48 bytes).
    Removing segger_rtt.o(.rodata.cst16), (16 bytes).
    Removing segger_rtt.o(.bss._ActiveTerminal), (1 bytes).
    Removing segger_rtt.o(.rodata.str1.1), (9 bytes).
    Removing segger_rtt.o(.bss._acUpBuffer), (128 bytes).
    Removing segger_rtt.o(.bss._acDownBuffer), (0 bytes).
    Removing segger_rtt_printf.o(.text), (0 bytes).
    Removing segger_rtt_printf.o(.text.SEGGER_RTT_vprintf), (1400 bytes).
    Removing segger_rtt_printf.o(.ARM.exidx.text.SEGGER_RTT_vprintf), (8 bytes).
    Removing segger_rtt_printf.o(.text._PrintUnsigned), (540 bytes).
    Removing segger_rtt_printf.o(.ARM.exidx.text._PrintUnsigned), (8 bytes).
    Removing segger_rtt_printf.o(.text.SEGGER_RTT_printf), (30 bytes).
    Removing segger_rtt_printf.o(.ARM.exidx.text.SEGGER_RTT_printf), (8 bytes).
    Removing fadd.o(.text), (178 bytes).
    Removing fmul.o(.text), (122 bytes).
    Removing fdiv.o(.text), (124 bytes).
    Removing dadd.o(.text), (356 bytes).
    Removing dmul.o(.text), (208 bytes).
    Removing fcmple.o(.text), (28 bytes).
    Removing dcmple.o(.text), (44 bytes).
    Removing dcmpge.o(.text), (44 bytes).
    Removing dcmpgt.o(.text), (44 bytes).
    Removing ffltui.o(.text), (14 bytes).
    Removing dflti.o(.text), (40 bytes).
    Removing ffixi.o(.text), (50 bytes).
    Removing dfixi.o(.text), (72 bytes).
    Removing f2d.o(.text), (40 bytes).
    Removing fepilogue.o(.text), (130 bytes).
    Removing depilogue.o(.text), (190 bytes).
    Removing ddiv.o(.text), (240 bytes).
    Removing dfltul.o(.text), (28 bytes).
    Removing dfixul.o(.text), (64 bytes).
    Removing cdrcmple.o(.text), (40 bytes).
    Removing d2f.o(.text), (56 bytes).
    Removing depilogue.o(i.__ARM_clz), (46 bytes).

2195 unused section(s) (total 127870 bytes) removed from the image.

==============================================================================

Image Symbol Table

    Local Symbols

    Symbol Name                              Value     Ov Type        Size  Object(Section)

    ../clib/division.s                       0x00000000   Number         0  aeabi_sdivfast.o ABSOLUTE
    ../clib/division.s                       0x00000000   Number         0  aeabi_sdivfast_div0.o ABSOLUTE
    ../clib/longlong.c                       0x00000000   Number         0  llmul.o ABSOLUTE
    ../clib/microlib/ctype/ctype.c           0x00000000   Number         0  isspace_c.o ABSOLUTE
    ../clib/microlib/ctype/ctype.c           0x00000000   Number         0  ctype_o.o ABSOLUTE
    ../clib/microlib/ctype/ctype.c           0x00000000   Number         0  isalnum_o.o ABSOLUTE
    ../clib/microlib/ctype/ctype.c           0x00000000   Number         0  isalpha_o.o ABSOLUTE
    ../clib/microlib/ctype/ctype.c           0x00000000   Number         0  isblank_o.o ABSOLUTE
    ../clib/microlib/ctype/ctype.c           0x00000000   Number         0  iscntrl_o.o ABSOLUTE
    ../clib/microlib/ctype/ctype.c           0x00000000   Number         0  isdigit_o.o ABSOLUTE
    ../clib/microlib/ctype/ctype.c           0x00000000   Number         0  isgraph_o.o ABSOLUTE
    ../clib/microlib/ctype/ctype.c           0x00000000   Number         0  islower_o.o ABSOLUTE
    ../clib/microlib/ctype/ctype.c           0x00000000   Number         0  isprint_o.o ABSOLUTE
    ../clib/microlib/ctype/ctype.c           0x00000000   Number         0  ispunct_o.o ABSOLUTE
    ../clib/microlib/ctype/ctype.c           0x00000000   Number         0  isspace_o.o ABSOLUTE
    ../clib/microlib/ctype/ctype.c           0x00000000   Number         0  isupper_o.o ABSOLUTE
    ../clib/microlib/ctype/ctype.c           0x00000000   Number         0  isxdigit_o.o ABSOLUTE
    ../clib/microlib/ctype/ctype.c           0x00000000   Number         0  ctype_c.o ABSOLUTE
    ../clib/microlib/ctype/tolower.c         0x00000000   Number         0  tolower.o ABSOLUTE
    ../clib/microlib/division.c              0x00000000   Number         0  uidiv.o ABSOLUTE
    ../clib/microlib/division.c              0x00000000   Number         0  uldiv.o ABSOLUTE
    ../clib/microlib/division.c              0x00000000   Number         0  uidiv_div0.o ABSOLUTE
    ../clib/microlib/division.c              0x00000000   Number         0  idiv_div0.o ABSOLUTE
    ../clib/microlib/division.c              0x00000000   Number         0  idiv0.o ABSOLUTE
    ../clib/microlib/errno.c                 0x00000000   Number         0  errno.o ABSOLUTE
    ../clib/microlib/init/entry.s            0x00000000   Number         0  entry.o ABSOLUTE
    ../clib/microlib/init/entry.s            0x00000000   Number         0  entry2.o ABSOLUTE
    ../clib/microlib/init/entry.s            0x00000000   Number         0  entry5.o ABSOLUTE
    ../clib/microlib/init/entry.s            0x00000000   Number         0  entry7a.o ABSOLUTE
    ../clib/microlib/init/entry.s            0x00000000   Number         0  entry7b.o ABSOLUTE
    ../clib/microlib/init/entry.s            0x00000000   Number         0  entry8a.o ABSOLUTE
    ../clib/microlib/init/entry.s            0x00000000   Number         0  entry8b.o ABSOLUTE
    ../clib/microlib/init/entry.s            0x00000000   Number         0  entry9a.o ABSOLUTE
    ../clib/microlib/init/entry.s            0x00000000   Number         0  entry9b.o ABSOLUTE
    ../clib/microlib/init/entry.s            0x00000000   Number         0  entry10a.o ABSOLUTE
    ../clib/microlib/init/entry.s            0x00000000   Number         0  entry10b.o ABSOLUTE
    ../clib/microlib/init/entry.s            0x00000000   Number         0  entry11a.o ABSOLUTE
    ../clib/microlib/init/entry.s            0x00000000   Number         0  entry11b.o ABSOLUTE
    ../clib/microlib/longlong.c              0x00000000   Number         0  llshl.o ABSOLUTE
    ../clib/microlib/longlong.c              0x00000000   Number         0  llushr.o ABSOLUTE
    ../clib/microlib/longlong.c              0x00000000   Number         0  llsshr.o ABSOLUTE
    ../clib/microlib/malloc/calloc.c         0x00000000   Number         0  calloc.o ABSOLUTE
    ../clib/microlib/malloc/malloc.c         0x00000000   Number         0  malloc.o ABSOLUTE
    ../clib/microlib/malloc/malloc.c         0x00000000   Number         0  mallocr.o ABSOLUTE
    ../clib/microlib/malloc/malloc.c         0x00000000   Number         0  malloca.o ABSOLUTE
    ../clib/microlib/malloc/malloc.c         0x00000000   Number         0  mallocra.o ABSOLUTE
    ../clib/microlib/malloc/mvars.c          0x00000000   Number         0  mvars.o ABSOLUTE
    ../clib/microlib/printf/printf.c         0x00000000   Number         0  printfb.o ABSOLUTE
    ../clib/microlib/printf/printf.c         0x00000000   Number         0  printf0.o ABSOLUTE
    ../clib/microlib/printf/printf.c         0x00000000   Number         0  printf1.o ABSOLUTE
    ../clib/microlib/printf/printf.c         0x00000000   Number         0  printf2.o ABSOLUTE
    ../clib/microlib/printf/printf.c         0x00000000   Number         0  printf3.o ABSOLUTE
    ../clib/microlib/printf/printf.c         0x00000000   Number         0  printf4.o ABSOLUTE
    ../clib/microlib/printf/printf.c         0x00000000   Number         0  printf5.o ABSOLUTE
    ../clib/microlib/printf/printf.c         0x00000000   Number         0  printf6.o ABSOLUTE
    ../clib/microlib/printf/printf.c         0x00000000   Number         0  printf7.o ABSOLUTE
    ../clib/microlib/printf/printf.c         0x00000000   Number         0  printf8.o ABSOLUTE
    ../clib/microlib/printf/printf.c         0x00000000   Number         0  printfa.o ABSOLUTE
    ../clib/microlib/printf/stubs.s          0x00000000   Number         0  printfstubs.o ABSOLUTE
    ../clib/microlib/stdio/puts.c            0x00000000   Number         0  puts.o ABSOLUTE
    ../clib/microlib/stdio/puts.c            0x00000000   Number         0  puts_e.o ABSOLUTE
    ../clib/microlib/stdio/streams.c         0x00000000   Number         0  stdout.o ABSOLUTE
    ../clib/microlib/stdlib/rand.c           0x00000000   Number         0  rand.o ABSOLUTE
    ../clib/microlib/string/memchr.c         0x00000000   Number         0  memchr.o ABSOLUTE
    ../clib/microlib/string/memcpy.c         0x00000000   Number         0  memcpya.o ABSOLUTE
    ../clib/microlib/string/memcpy.c         0x00000000   Number         0  memcpyb.o ABSOLUTE
    ../clib/microlib/string/memset.c         0x00000000   Number         0  memseta.o ABSOLUTE
    ../clib/microlib/string/strcat.c         0x00000000   Number         0  strcat.o ABSOLUTE
    ../clib/microlib/string/strchr.c         0x00000000   Number         0  strchr.o ABSOLUTE
    ../clib/microlib/string/strcmp.c         0x00000000   Number         0  strcmp.o ABSOLUTE
    ../clib/microlib/string/strcpy.c         0x00000000   Number         0  strcpy.o ABSOLUTE
    ../clib/microlib/string/strlen.c         0x00000000   Number         0  strlen.o ABSOLUTE
    ../clib/microlib/string/strncmp.c        0x00000000   Number         0  strncmp.o ABSOLUTE
    ../clib/microlib/string/strncpy.c        0x00000000   Number         0  strncpy.o ABSOLUTE
    ../clib/microlib/string/strpbrk.c        0x00000000   Number         0  strpbrk.o ABSOLUTE
    ../clib/microlib/string/strrchr.c        0x00000000   Number         0  strrchr.o ABSOLUTE
    ../clib/microlib/string/strstr.c         0x00000000   Number         0  strstr.o ABSOLUTE
    ../clib/microlib/stubs.s                 0x00000000   Number         0  iusefp.o ABSOLUTE
    ../clib/scanf.c                          0x00000000   Number         0  __0sscanf.o ABSOLUTE
    ../clib/scanf.c                          0x00000000   Number         0  scanf_fp.o ABSOLUTE
    ../clib/scanf.c                          0x00000000   Number         0  atol.o ABSOLUTE
    ../clib/scanf.c                          0x00000000   Number         0  scanf_char.o ABSOLUTE
    ../clib/scanf.c                          0x00000000   Number         0  _sgetc.o ABSOLUTE
    ../clib/scanf.c                          0x00000000   Number         0  strtod.o ABSOLUTE
    ../clib/scanf.c                          0x00000000   Number         0  strtol.o ABSOLUTE
    ../clib/scanf.c                          0x00000000   Number         0  _scanf.o ABSOLUTE
    ../clib/scanf.c                          0x00000000   Number         0  _strtoul.o ABSOLUTE
    ../clib/scanf.c                          0x00000000   Number         0  _chval.o ABSOLUTE
    ../fplib/microlib/d2f.c                  0x00000000   Number         0  d2f.o ABSOLUTE
    ../fplib/microlib/f2d.c                  0x00000000   Number         0  f2d.o ABSOLUTE
    ../fplib/microlib/fpadd.c                0x00000000   Number         0  fadd.o ABSOLUTE
    ../fplib/microlib/fpadd.c                0x00000000   Number         0  dadd.o ABSOLUTE
    ../fplib/microlib/fpcmp.c                0x00000000   Number         0  fcmple.o ABSOLUTE
    ../fplib/microlib/fpcmp.c                0x00000000   Number         0  dcmple.o ABSOLUTE
    ../fplib/microlib/fpcmp.c                0x00000000   Number         0  dcmpge.o ABSOLUTE
    ../fplib/microlib/fpcmp.c                0x00000000   Number         0  dcmpgt.o ABSOLUTE
    ../fplib/microlib/fpdiv.c                0x00000000   Number         0  fdiv.o ABSOLUTE
    ../fplib/microlib/fpdiv.c                0x00000000   Number         0  ddiv.o ABSOLUTE
    ../fplib/microlib/fpepilogue.c           0x00000000   Number         0  fepilogue.o ABSOLUTE
    ../fplib/microlib/fpepilogue.c           0x00000000   Number         0  depilogue.o ABSOLUTE
    ../fplib/microlib/fpfix.c                0x00000000   Number         0  ffixi.o ABSOLUTE
    ../fplib/microlib/fpfix.c                0x00000000   Number         0  dfixi.o ABSOLUTE
    ../fplib/microlib/fpfix.c                0x00000000   Number         0  dfixul.o ABSOLUTE
    ../fplib/microlib/fpflt.c                0x00000000   Number         0  ffltui.o ABSOLUTE
    ../fplib/microlib/fpflt.c                0x00000000   Number         0  dflti.o ABSOLUTE
    ../fplib/microlib/fpflt.c                0x00000000   Number         0  dfltul.o ABSOLUTE
    ../fplib/microlib/fpmul.c                0x00000000   Number         0  fmul.o ABSOLUTE
    ../fplib/microlib/fpmul.c                0x00000000   Number         0  dmul.o ABSOLUTE
    ../mathlib/strtod.c                      0x00000000   Number         0  strtod.o ABSOLUTE
    ..\..\Firmware\CMSIS\GD\GD32E23x\Source\ARM\startup_gd32e23x.s 0x00000000   Number         0  startup_gd32e23x.o ABSOLUTE
    APP_PublicAttribute.c                    0x00000000   Number         0  app_publicattribute.o ABSOLUTE
    APP_RxBuffer.c                           0x00000000   Number         0  app_rxbuffer.o ABSOLUTE
    APP_TxBuffer.c                           0x00000000   Number         0  app_txbuffer.o ABSOLUTE
    APP_UserProcess.c                        0x00000000   Number         0  app_userprocess.o ABSOLUTE
    CmdDemo.c                                0x00000000   Number         0  cmddemo.o ABSOLUTE
    LmeUtils.c                               0x00000000   Number         0  lmeutils.o ABSOLUTE
    MseProcess.c                             0x00000000   Number         0  mseprocess.o ABSOLUTE
    PLCP_bind.c                              0x00000000   Number         0  plcp_bind.o ABSOLUTE
    PLCP_callback.c                          0x00000000   Number         0  plcp_callback.o ABSOLUTE
    PLCP_scene.c                             0x00000000   Number         0  plcp_scene.o ABSOLUTE
    PLCP_sdk_api.c                           0x00000000   Number         0  plcp_sdk_api.o ABSOLUTE
    PLCP_special_scene.c                     0x00000000   Number         0  plcp_special_scene.o ABSOLUTE
    SEGGER_RTT.c                             0x00000000   Number         0  segger_rtt.o ABSOLUTE
    SEGGER_RTT_printf.c                      0x00000000   Number         0  segger_rtt_printf.o ABSOLUTE
    Uapps.c                                  0x00000000   Number         0  uapps.o ABSOLUTE
    UappsProduct_Init.c                      0x00000000   Number         0  uappsproduct_init.o ABSOLUTE
    UappsRSL.c                               0x00000000   Number         0  uappsrsl.o ABSOLUTE
    adc.c                                    0x00000000   Number         0  adc.o ABSOLUTE
    attr_table.c                             0x00000000   Number         0  attr_table.o ABSOLUTE
    base.c                                   0x00000000   Number         0  base.o ABSOLUTE
    cJSON.c                                  0x00000000   Number         0  cjson.o ABSOLUTE
    cJSON_Utils.c                            0x00000000   Number         0  cjson_utils.o ABSOLUTE
    cdrcmple.s                               0x00000000   Number         0  cdrcmple.o ABSOLUTE
    dc.s                                     0x00000000   Number         0  dc.o ABSOLUTE
    eventbus.c                               0x00000000   Number         0  eventbus.o ABSOLUTE
    flash.c                                  0x00000000   Number         0  flash.o ABSOLUTE
    gd32e230c_eval.c                         0x00000000   Number         0  gd32e230c_eval.o ABSOLUTE
    gd32e23x_adc.c                           0x00000000   Number         0  gd32e23x_adc.o ABSOLUTE
    gd32e23x_cmp.c                           0x00000000   Number         0  gd32e23x_cmp.o ABSOLUTE
    gd32e23x_crc.c                           0x00000000   Number         0  gd32e23x_crc.o ABSOLUTE
    gd32e23x_dbg.c                           0x00000000   Number         0  gd32e23x_dbg.o ABSOLUTE
    gd32e23x_dma.c                           0x00000000   Number         0  gd32e23x_dma.o ABSOLUTE
    gd32e23x_exti.c                          0x00000000   Number         0  gd32e23x_exti.o ABSOLUTE
    gd32e23x_fmc.c                           0x00000000   Number         0  gd32e23x_fmc.o ABSOLUTE
    gd32e23x_fwdgt.c                         0x00000000   Number         0  gd32e23x_fwdgt.o ABSOLUTE
    gd32e23x_gpio.c                          0x00000000   Number         0  gd32e23x_gpio.o ABSOLUTE
    gd32e23x_i2c.c                           0x00000000   Number         0  gd32e23x_i2c.o ABSOLUTE
    gd32e23x_it.c                            0x00000000   Number         0  gd32e23x_it.o ABSOLUTE
    gd32e23x_misc.c                          0x00000000   Number         0  gd32e23x_misc.o ABSOLUTE
    gd32e23x_pmu.c                           0x00000000   Number         0  gd32e23x_pmu.o ABSOLUTE
    gd32e23x_rcu.c                           0x00000000   Number         0  gd32e23x_rcu.o ABSOLUTE
    gd32e23x_rtc.c                           0x00000000   Number         0  gd32e23x_rtc.o ABSOLUTE
    gd32e23x_spi.c                           0x00000000   Number         0  gd32e23x_spi.o ABSOLUTE
    gd32e23x_syscfg.c                        0x00000000   Number         0  gd32e23x_syscfg.o ABSOLUTE
    gd32e23x_timer.c                         0x00000000   Number         0  gd32e23x_timer.o ABSOLUTE
    gd32e23x_usart.c                         0x00000000   Number         0  gd32e23x_usart.o ABSOLUTE
    gd32e23x_wwdgt.c                         0x00000000   Number         0  gd32e23x_wwdgt.o ABSOLUTE
    gpio.c                                   0x00000000   Number         0  gpio.o ABSOLUTE
    handlers.s                               0x00000000   Number         0  handlers.o ABSOLUTE
    init.s                                   0x00000000   Number         0  init.o ABSOLUTE
    jump_device.c                            0x00000000   Number         0  jump_device.o ABSOLUTE
    light_ct_adapter.c                       0x00000000   Number         0  light_ct_adapter.o ABSOLUTE
    light_ct_attr_table.c                    0x00000000   Number         0  light_ct_attr_table.o ABSOLUTE
    main.c                                   0x00000000   Number         0  main.o ABSOLUTE
    panel_adapter.c                          0x00000000   Number         0  panel_adapter.o ABSOLUTE
    panel_base.c                             0x00000000   Number         0  panel_base.o ABSOLUTE
    plcp_light_ct.c                          0x00000000   Number         0  plcp_light_ct.o ABSOLUTE
    plcp_light_ct_info.c                     0x00000000   Number         0  plcp_light_ct_info.o ABSOLUTE
    plcp_panel.c                             0x00000000   Number         0  plcp_panel.o ABSOLUTE
    plcp_panel_api.c                         0x00000000   Number         0  plcp_panel_api.o ABSOLUTE
    plcp_panel_info.c                        0x00000000   Number         0  plcp_panel_info.o ABSOLUTE
    protocol.c                               0x00000000   Number         0  protocol.o ABSOLUTE
    pwm.c                                    0x00000000   Number         0  pwm.o ABSOLUTE
    pwm_hw.c                                 0x00000000   Number         0  pwm_hw.o ABSOLUTE
    system_gd32e23x.c                        0x00000000   Number         0  system_gd32e23x.o ABSOLUTE
    systick.c                                0x00000000   Number         0  systick.o ABSOLUTE
    timer.c                                  0x00000000   Number         0  timer.o ABSOLUTE
    usart.c                                  0x00000000   Number         0  usart.o ABSOLUTE
    watchdog.c                               0x00000000   Number         0  watchdog.o ABSOLUTE
    zero.c                                   0x00000000   Number         0  zero.o ABSOLUTE
    RESET                                    0x08000000   Section      204  startup_gd32e23x.o(RESET)
    .ARM.Collect$$$$00000000                 0x080000cc   Section        0  entry.o(.ARM.Collect$$$$00000000)
    .ARM.Collect$$$$00000001                 0x080000cc   Section        4  entry2.o(.ARM.Collect$$$$00000001)
    .ARM.Collect$$$$00000004                 0x080000d0   Section        4  entry5.o(.ARM.Collect$$$$00000004)
    .ARM.Collect$$$$00000008                 0x080000d4   Section        0  entry7b.o(.ARM.Collect$$$$00000008)
    .ARM.Collect$$$$0000000A                 0x080000d4   Section        0  entry8b.o(.ARM.Collect$$$$0000000A)
    .ARM.Collect$$$$0000000B                 0x080000d4   Section        8  entry9a.o(.ARM.Collect$$$$0000000B)
    __lit__00000000                          0x080000dc   Data           4  entry2.o(.ARM.Collect$$$$00002712)
    .ARM.Collect$$$$0000000D                 0x080000dc   Section        0  entry10a.o(.ARM.Collect$$$$0000000D)
    .ARM.Collect$$$$0000000F                 0x080000dc   Section        0  entry11a.o(.ARM.Collect$$$$0000000F)
    .ARM.Collect$$$$00002712                 0x080000dc   Section        4  entry2.o(.ARM.Collect$$$$00002712)
    .text                                    0x080000e0   Section       68  startup_gd32e23x.o(.text)
    .text                                    0x08000124   Section        0  memcpya.o(.text)
    .text                                    0x08000148   Section        0  strncpy.o(.text)
    .text                                    0x08000162   Section        0  strlen.o(.text)
    .text                                    0x08000170   Section       48  init.o(.text)
    [Anonymous Symbol]                       0x080001a0   Section        0  app_rxbuffer.o(.text.APP_RxBuffer_Add)
    __arm_cp.1_0                             0x080001ec   Number         4  app_rxbuffer.o(.text.APP_RxBuffer_Add)
    __arm_cp.1_1                             0x080001f0   Number         4  app_rxbuffer.o(.text.APP_RxBuffer_Add)
    __arm_cp.1_2                             0x080001f4   Number         4  app_rxbuffer.o(.text.APP_RxBuffer_Add)
    __arm_cp.1_3                             0x080001f8   Number         4  app_rxbuffer.o(.text.APP_RxBuffer_Add)
    [Anonymous Symbol]                       0x080001fc   Section        0  app_txbuffer.o(.text.APP_TxBuffer_DeleteFirstMsg)
    __arm_cp.3_0                             0x08000224   Number         4  app_txbuffer.o(.text.APP_TxBuffer_DeleteFirstMsg)
    __arm_cp.3_1                             0x08000228   Number         4  app_txbuffer.o(.text.APP_TxBuffer_DeleteFirstMsg)
    __arm_cp.3_2                             0x0800022c   Number         4  app_txbuffer.o(.text.APP_TxBuffer_DeleteFirstMsg)
    [Anonymous Symbol]                       0x08000230   Section        0  usart.o(.text.DMA_Channel1_2_IRQHandler)
    __arm_cp.5_0                             0x08000260   Number         4  usart.o(.text.DMA_Channel1_2_IRQHandler)
    __arm_cp.5_1                             0x08000264   Number         4  usart.o(.text.DMA_Channel1_2_IRQHandler)
    [Anonymous Symbol]                       0x08000268   Section        0  zero.o(.text.EXTI4_15_IRQHandler)
    [Anonymous Symbol]                       0x0800026a   Section        0  gd32e23x_it.o(.text.HardFault_Handler)
    [Anonymous Symbol]                       0x0800026c   Section        0  app_userprocess.o(.text.MCU_UartReceive)
    [Anonymous Symbol]                       0x08000280   Section        0  gd32e23x_it.o(.text.NMI_Handler)
    [Anonymous Symbol]                       0x08000290   Section        0  gd32e23x_it.o(.text.PendSV_Handler)
    [Anonymous Symbol]                       0x08000292   Section        0  gd32e23x_it.o(.text.SVC_Handler)
    [Anonymous Symbol]                       0x08000294   Section        0  gd32e23x_it.o(.text.SysTick_Handler)
    [Anonymous Symbol]                       0x08000298   Section        0  system_gd32e23x.o(.text.SystemInit)
    __arm_cp.0_0                             0x08000448   Number         4  system_gd32e23x.o(.text.SystemInit)
    __arm_cp.0_1                             0x0800044c   Number         4  system_gd32e23x.o(.text.SystemInit)
    __arm_cp.0_2                             0x08000450   Number         4  system_gd32e23x.o(.text.SystemInit)
    __arm_cp.0_3                             0x08000454   Number         4  system_gd32e23x.o(.text.SystemInit)
    __arm_cp.0_4                             0x08000458   Number         4  system_gd32e23x.o(.text.SystemInit)
    __arm_cp.0_5                             0x0800045c   Number         4  system_gd32e23x.o(.text.SystemInit)
    __arm_cp.0_6                             0x08000460   Number         4  system_gd32e23x.o(.text.SystemInit)
    [Anonymous Symbol]                       0x08000464   Section        0  timer.o(.text.TIMER14_IRQHandler)
    [Anonymous Symbol]                       0x080005ec   Section        0  zero.o(.text.TIMER15_IRQHandler)
    __arm_cp.2_0                             0x0800063c   Number         4  zero.o(.text.TIMER15_IRQHandler)
    __arm_cp.2_1                             0x08000640   Number         4  zero.o(.text.TIMER15_IRQHandler)
    __arm_cp.2_2                             0x08000644   Number         4  zero.o(.text.TIMER15_IRQHandler)
    __arm_cp.2_3                             0x08000648   Number         4  zero.o(.text.TIMER15_IRQHandler)
    __arm_cp.2_4                             0x0800064c   Number         4  zero.o(.text.TIMER15_IRQHandler)
    [Anonymous Symbol]                       0x08000650   Section        0  usart.o(.text.USART0_IRQHandler)
    __arm_cp.4_0                             0x080006b0   Number         4  usart.o(.text.USART0_IRQHandler)
    __arm_cp.4_1                             0x080006b4   Number         4  usart.o(.text.USART0_IRQHandler)
    __arm_cp.4_2                             0x080006b8   Number         4  usart.o(.text.USART0_IRQHandler)
    [Anonymous Symbol]                       0x080006bc   Section        0  eventbus.o(.text.app_eventbus_init)
    __arm_cp.0_3                             0x080006d0   Number         4  eventbus.o(.text.app_eventbus_init)
    [Anonymous Symbol]                       0x080006d4   Section        0  eventbus.o(.text.app_eventbus_poll)
    __arm_cp.3_0                             0x08000740   Number         4  eventbus.o(.text.app_eventbus_poll)
    __arm_cp.3_1                             0x08000744   Number         4  eventbus.o(.text.app_eventbus_poll)
    __arm_cp.3_2                             0x08000748   Number         4  eventbus.o(.text.app_eventbus_poll)
    __arm_cp.3_3                             0x0800074c   Number         4  eventbus.o(.text.app_eventbus_poll)
    __arm_cp.3_4                             0x08000750   Number         4  eventbus.o(.text.app_eventbus_poll)
    app_proto_check                          0x08000755   Thumb Code    10  protocol.o(.text.app_proto_check)
    [Anonymous Symbol]                       0x08000754   Section        0  protocol.o(.text.app_proto_check)
    [Anonymous Symbol]                       0x08000760   Section        0  protocol.o(.text.app_proto_init)
    __arm_cp.0_0                             0x08000768   Number         4  protocol.o(.text.app_proto_init)
    [Anonymous Symbol]                       0x0800076c   Section        0  timer.o(.text.app_timer_init)
    __arm_cp.0_1                             0x08000814   Number         4  timer.o(.text.app_timer_init)
    __arm_cp.0_2                             0x08000818   Number         4  timer.o(.text.app_timer_init)
    [Anonymous Symbol]                       0x0800081c   Section        0  timer.o(.text.app_timer_poll)
    __arm_cp.6_0                             0x08000858   Number         4  timer.o(.text.app_timer_poll)
    __arm_cp.6_1                             0x0800085c   Number         4  timer.o(.text.app_timer_poll)
    [Anonymous Symbol]                       0x08000860   Section        0  timer.o(.text.app_timer_start)
    __arm_cp.2_0                             0x08000990   Number         4  timer.o(.text.app_timer_start)
    __arm_cp.2_1                             0x08000994   Number         4  timer.o(.text.app_timer_start)
    [Anonymous Symbol]                       0x08000998   Section        0  usart.o(.text.app_usart0_rx_callback)
    __arm_cp.0_0                             0x080009a0   Number         4  usart.o(.text.app_usart0_rx_callback)
    [Anonymous Symbol]                       0x080009a4   Section        0  usart.o(.text.app_usart_init)
    __arm_cp.1_0                             0x08000b38   Number         4  usart.o(.text.app_usart_init)
    __arm_cp.1_1                             0x08000b3c   Number         4  usart.o(.text.app_usart_init)
    __arm_cp.1_2                             0x08000b40   Number         4  usart.o(.text.app_usart_init)
    __arm_cp.1_3                             0x08000b44   Number         4  usart.o(.text.app_usart_init)
    __arm_cp.1_4                             0x08000b48   Number         4  usart.o(.text.app_usart_init)
    __arm_cp.1_5                             0x08000b4c   Number         4  usart.o(.text.app_usart_init)
    [Anonymous Symbol]                       0x08000b50   Section        0  watchdog.o(.text.app_watchdog_init)
    __arm_cp.0_0                             0x08000b88   Number         4  watchdog.o(.text.app_watchdog_init)
    __arm_cp.0_2                             0x08000b98   Number         4  watchdog.o(.text.app_watchdog_init)
    [Anonymous Symbol]                       0x08000b9c   Section        0  systick.o(.text.delay_1ms)
    [Anonymous Symbol]                       0x08000bb4   Section        0  systick.o(.text.delay_decrement)
    __arm_cp.2_0                             0x08000bc4   Number         4  systick.o(.text.delay_decrement)
    [Anonymous Symbol]                       0x08000bc8   Section        0  gd32e23x_dma.o(.text.dma_channel_disable)
    [Anonymous Symbol]                       0x08000bd8   Section        0  gd32e23x_dma.o(.text.dma_channel_enable)
    [Anonymous Symbol]                       0x08000be8   Section        0  gd32e23x_dma.o(.text.dma_circulation_disable)
    [Anonymous Symbol]                       0x08000bf8   Section        0  gd32e23x_dma.o(.text.dma_deinit)
    [Anonymous Symbol]                       0x08000c24   Section        0  gd32e23x_dma.o(.text.dma_init)
    [Anonymous Symbol]                       0x08000c94   Section        0  gd32e23x_dma.o(.text.dma_interrupt_enable)
    [Anonymous Symbol]                       0x08000ca4   Section        0  gd32e23x_dma.o(.text.dma_interrupt_flag_clear)
    __arm_cp.24_0                            0x08000cb4   Number         4  gd32e23x_dma.o(.text.dma_interrupt_flag_clear)
    [Anonymous Symbol]                       0x08000cb8   Section        0  gd32e23x_dma.o(.text.dma_interrupt_flag_get)
    __arm_cp.23_0                            0x08000cf0   Number         4  gd32e23x_dma.o(.text.dma_interrupt_flag_get)
    [Anonymous Symbol]                       0x08000cf4   Section        0  gd32e23x_dma.o(.text.dma_memory_address_config)
    __arm_cp.10_0                            0x08000d00   Number         4  gd32e23x_dma.o(.text.dma_memory_address_config)
    [Anonymous Symbol]                       0x08000d04   Section        0  gd32e23x_dma.o(.text.dma_memory_to_memory_disable)
    __arm_cp.7_0                             0x08000d18   Number         4  gd32e23x_dma.o(.text.dma_memory_to_memory_disable)
    [Anonymous Symbol]                       0x08000d1c   Section        0  gd32e23x_dma.o(.text.dma_struct_para_init)
    [Anonymous Symbol]                       0x08000d30   Section        0  gd32e23x_dma.o(.text.dma_transfer_number_config)
    [Anonymous Symbol]                       0x08000d3c   Section        0  gd32e23x_dma.o(.text.dma_transfer_number_get)
    __arm_cp.12_0                            0x08000d48   Number         4  gd32e23x_dma.o(.text.dma_transfer_number_get)
    [Anonymous Symbol]                       0x08000d4c   Section        0  gd32e23x_fwdgt.o(.text.fwdgt_config)
    __arm_cp.7_0                             0x08000ddc   Number         4  gd32e23x_fwdgt.o(.text.fwdgt_config)
    __arm_cp.7_1                             0x08000de0   Number         4  gd32e23x_fwdgt.o(.text.fwdgt_config)
    __arm_cp.7_2                             0x08000de4   Number         4  gd32e23x_fwdgt.o(.text.fwdgt_config)
    __arm_cp.7_3                             0x08000de8   Number         4  gd32e23x_fwdgt.o(.text.fwdgt_config)
    [Anonymous Symbol]                       0x08000dec   Section        0  gd32e23x_fwdgt.o(.text.fwdgt_counter_reload)
    __arm_cp.6_1                             0x08000df4   Number         4  gd32e23x_fwdgt.o(.text.fwdgt_counter_reload)
    [Anonymous Symbol]                       0x08000df8   Section        0  gd32e23x_fwdgt.o(.text.fwdgt_enable)
    __arm_cp.2_0                             0x08000e00   Number         4  gd32e23x_fwdgt.o(.text.fwdgt_enable)
    __arm_cp.2_1                             0x08000e04   Number         4  gd32e23x_fwdgt.o(.text.fwdgt_enable)
    [Anonymous Symbol]                       0x08000e08   Section        0  gd32e23x_gpio.o(.text.gpio_af_set)
    __arm_cp.11_0                            0x08000eec   Number         4  gd32e23x_gpio.o(.text.gpio_af_set)
    __arm_cp.11_1                            0x08000ef0   Number         4  gd32e23x_gpio.o(.text.gpio_af_set)
    __arm_cp.11_2                            0x08000ef4   Number         4  gd32e23x_gpio.o(.text.gpio_af_set)
    __arm_cp.11_3                            0x08000ef8   Number         4  gd32e23x_gpio.o(.text.gpio_af_set)
    __arm_cp.11_4                            0x08000efc   Number         4  gd32e23x_gpio.o(.text.gpio_af_set)
    __arm_cp.11_5                            0x08000f00   Number         4  gd32e23x_gpio.o(.text.gpio_af_set)
    [Anonymous Symbol]                       0x08000f04   Section        0  gd32e23x_gpio.o(.text.gpio_mode_set)
    [Anonymous Symbol]                       0x08001010   Section        0  gd32e23x_gpio.o(.text.gpio_output_options_set)
    [Anonymous Symbol]                       0x080010e4   Section        0  main.o(.text.main)
    __arm_cp.0_0                             0x08001120   Number         4  main.o(.text.main)
    __arm_cp.0_1                             0x08001124   Number         4  main.o(.text.main)
    [Anonymous Symbol]                       0x08001128   Section        0  gd32e23x_misc.o(.text.nvic_irq_enable)
    __arm_cp.0_0                             0x08001170   Number         4  gd32e23x_misc.o(.text.nvic_irq_enable)
    __arm_cp.0_1                             0x08001174   Number         4  gd32e23x_misc.o(.text.nvic_irq_enable)
    __arm_cp.0_2                             0x08001178   Number         4  gd32e23x_misc.o(.text.nvic_irq_enable)
    [Anonymous Symbol]                       0x0800117c   Section        0  gd32e23x_misc.o(.text.nvic_vector_table_set)
    __arm_cp.3_0                             0x0800118c   Number         4  gd32e23x_misc.o(.text.nvic_vector_table_set)
    __arm_cp.3_1                             0x08001190   Number         4  gd32e23x_misc.o(.text.nvic_vector_table_set)
    [Anonymous Symbol]                       0x08001194   Section        0  gd32e23x_rcu.o(.text.rcu_clock_freq_get)
    __arm_cp.33_0                            0x080012d8   Number         4  gd32e23x_rcu.o(.text.rcu_clock_freq_get)
    __arm_cp.33_1                            0x080012dc   Number         4  gd32e23x_rcu.o(.text.rcu_clock_freq_get)
    __arm_cp.33_2                            0x080012e0   Number         4  gd32e23x_rcu.o(.text.rcu_clock_freq_get)
    __arm_cp.33_4                            0x080012f4   Number         4  gd32e23x_rcu.o(.text.rcu_clock_freq_get)
    __arm_cp.33_5                            0x080012f8   Number         4  gd32e23x_rcu.o(.text.rcu_clock_freq_get)
    __arm_cp.33_6                            0x080012fc   Number         4  gd32e23x_rcu.o(.text.rcu_clock_freq_get)
    [Anonymous Symbol]                       0x08001300   Section        0  gd32e23x_rcu.o(.text.rcu_osci_on)
    [Anonymous Symbol]                       0x08001314   Section        0  gd32e23x_rcu.o(.text.rcu_osci_stab_wait)
    __arm_cp.21_0                            0x08001430   Number         4  gd32e23x_rcu.o(.text.rcu_osci_stab_wait)
    __arm_cp.21_1                            0x08001434   Number         4  gd32e23x_rcu.o(.text.rcu_osci_stab_wait)
    __arm_cp.21_3                            0x08001438   Number         4  gd32e23x_rcu.o(.text.rcu_osci_stab_wait)
    __arm_cp.21_4                            0x0800143c   Number         4  gd32e23x_rcu.o(.text.rcu_osci_stab_wait)
    __arm_cp.21_5                            0x08001440   Number         4  gd32e23x_rcu.o(.text.rcu_osci_stab_wait)
    [Anonymous Symbol]                       0x08001444   Section        0  gd32e23x_rcu.o(.text.rcu_periph_clock_enable)
    [Anonymous Symbol]                       0x08001458   Section        0  gd32e23x_rcu.o(.text.rcu_periph_reset_disable)
    [Anonymous Symbol]                       0x0800146c   Section        0  gd32e23x_rcu.o(.text.rcu_periph_reset_enable)
    __arm_cp.5_0                             0x08001480   Number         4  gd32e23x_rcu.o(.text.rcu_periph_reset_enable)
    [Anonymous Symbol]                       0x08001484   Section        0  gd32e23x_syscfg.o(.text.syscfg_flag_get)
    __arm_cp.8_0                             0x08001490   Number         4  gd32e23x_syscfg.o(.text.syscfg_flag_get)
    [Anonymous Symbol]                       0x08001494   Section        0  systick.o(.text.systick_config)
    __arm_cp.0_0                             0x080014d0   Number         4  systick.o(.text.systick_config)
    __arm_cp.0_1                             0x080014d4   Number         4  systick.o(.text.systick_config)
    __arm_cp.0_2                             0x080014d8   Number         4  systick.o(.text.systick_config)
    __arm_cp.0_3                             0x080014dc   Number         4  systick.o(.text.systick_config)
    [Anonymous Symbol]                       0x080014e0   Section        0  gd32e23x_timer.o(.text.timer_deinit)
    __arm_cp.0_0                             0x08001544   Number         4  gd32e23x_timer.o(.text.timer_deinit)
    __arm_cp.0_1                             0x08001548   Number         4  gd32e23x_timer.o(.text.timer_deinit)
    __arm_cp.0_2                             0x0800154c   Number         4  gd32e23x_timer.o(.text.timer_deinit)
    __arm_cp.0_8                             0x08001550   Number         4  gd32e23x_timer.o(.text.timer_deinit)
    [Anonymous Symbol]                       0x08001554   Section        0  gd32e23x_timer.o(.text.timer_enable)
    timer_feed_dog                           0x0800155f   Thumb Code     4  watchdog.o(.text.timer_feed_dog)
    [Anonymous Symbol]                       0x0800155e   Section        0  watchdog.o(.text.timer_feed_dog)
    [Anonymous Symbol]                       0x08001564   Section        0  gd32e23x_timer.o(.text.timer_init)
    __arm_cp.2_0                             0x080015f8   Number         4  gd32e23x_timer.o(.text.timer_init)
    __arm_cp.2_1                             0x080015fc   Number         4  gd32e23x_timer.o(.text.timer_init)
    __arm_cp.2_2                             0x08001600   Number         4  gd32e23x_timer.o(.text.timer_init)
    __arm_cp.2_3                             0x08001604   Number         4  gd32e23x_timer.o(.text.timer_init)
    __arm_cp.2_4                             0x08001608   Number         4  gd32e23x_timer.o(.text.timer_init)
    __arm_cp.2_5                             0x0800160c   Number         4  gd32e23x_timer.o(.text.timer_init)
    __arm_cp.2_6                             0x08001610   Number         4  gd32e23x_timer.o(.text.timer_init)
    __arm_cp.2_7                             0x08001614   Number         4  gd32e23x_timer.o(.text.timer_init)
    [Anonymous Symbol]                       0x08001618   Section        0  gd32e23x_timer.o(.text.timer_interrupt_enable)
    [Anonymous Symbol]                       0x08001620   Section        0  gd32e23x_timer.o(.text.timer_interrupt_flag_clear)
    [Anonymous Symbol]                       0x08001626   Section        0  gd32e23x_timer.o(.text.timer_interrupt_flag_get)
    [Anonymous Symbol]                       0x0800163c   Section        0  gd32e23x_usart.o(.text.usart_baudrate_set)
    __arm_cp.1_2                             0x08001688   Number         4  gd32e23x_usart.o(.text.usart_baudrate_set)
    [Anonymous Symbol]                       0x0800168c   Section        0  gd32e23x_usart.o(.text.usart_deinit)
    __arm_cp.0_0                             0x080016b4   Number         4  gd32e23x_usart.o(.text.usart_deinit)
    __arm_cp.0_1                             0x080016b8   Number         4  gd32e23x_usart.o(.text.usart_deinit)
    __arm_cp.0_2                             0x080016bc   Number         4  gd32e23x_usart.o(.text.usart_deinit)
    __arm_cp.0_3                             0x080016c0   Number         4  gd32e23x_usart.o(.text.usart_deinit)
    [Anonymous Symbol]                       0x080016c4   Section        0  gd32e23x_usart.o(.text.usart_dma_receive_config)
    [Anonymous Symbol]                       0x080016d4   Section        0  gd32e23x_usart.o(.text.usart_dma_transmit_config)
    [Anonymous Symbol]                       0x080016e4   Section        0  gd32e23x_usart.o(.text.usart_enable)
    [Anonymous Symbol]                       0x080016ee   Section        0  gd32e23x_usart.o(.text.usart_hardware_flow_cts_config)
    [Anonymous Symbol]                       0x08001708   Section        0  gd32e23x_usart.o(.text.usart_hardware_flow_rts_config)
    [Anonymous Symbol]                       0x08001722   Section        0  gd32e23x_usart.o(.text.usart_interrupt_enable)
    [Anonymous Symbol]                       0x08001734   Section        0  gd32e23x_usart.o(.text.usart_interrupt_flag_clear)
    __arm_cp.70_0                            0x08001758   Number         4  gd32e23x_usart.o(.text.usart_interrupt_flag_clear)
    [Anonymous Symbol]                       0x0800175c   Section        0  gd32e23x_usart.o(.text.usart_interrupt_flag_get)
    [Anonymous Symbol]                       0x0800177e   Section        0  gd32e23x_usart.o(.text.usart_parity_config)
    [Anonymous Symbol]                       0x08001798   Section        0  gd32e23x_usart.o(.text.usart_receive_config)
    [Anonymous Symbol]                       0x080017a8   Section        0  gd32e23x_usart.o(.text.usart_stop_bit_set)
    [Anonymous Symbol]                       0x080017c2   Section        0  gd32e23x_usart.o(.text.usart_transmit_config)
    [Anonymous Symbol]                       0x080017d2   Section        0  gd32e23x_usart.o(.text.usart_word_length_set)
    i.__scatterload_copy                     0x080017ec   Section       14  handlers.o(i.__scatterload_copy)
    i.__scatterload_null                     0x080017fa   Section        2  handlers.o(i.__scatterload_null)
    i.__scatterload_zeroinit                 0x080017fc   Section       14  handlers.o(i.__scatterload_zeroinit)
    [Anonymous Symbol]                       0x0800180a   Section        0  gd32e23x_rcu.o(.rodata.cst8)
    APP_RxBuffer                             0x20000008   Data         500  app_rxbuffer.o(.bss.APP_RxBuffer)
    [Anonymous Symbol]                       0x20000008   Section        0  app_rxbuffer.o(.bss.APP_RxBuffer)
    APP_RxBufferDataParamArray               0x200001fc   Data          32  app_rxbuffer.o(.bss.APP_RxBufferDataParamArray)
    [Anonymous Symbol]                       0x200001fc   Section        0  app_rxbuffer.o(.bss.APP_RxBufferDataParamArray)
    APP_RxBufferDataParamArrayIndex          0x2000021c   Data           2  app_rxbuffer.o(.bss.APP_RxBufferDataParamArrayIndex)
    [Anonymous Symbol]                       0x2000021c   Section        0  app_rxbuffer.o(.bss.APP_RxBufferDataParamArrayIndex)
    APP_RxBufferIndex                        0x2000021e   Data           2  app_rxbuffer.o(.bss.APP_RxBufferIndex)
    [Anonymous Symbol]                       0x2000021e   Section        0  app_rxbuffer.o(.bss.APP_RxBufferIndex)
    APP_TxBufferHead                         0x20000220   Data           2  app_txbuffer.o(.bss.APP_TxBufferHead)
    [Anonymous Symbol]                       0x20000220   Section        0  app_txbuffer.o(.bss.APP_TxBufferHead)
    APP_TxBufferTail                         0x20000222   Data           2  app_txbuffer.o(.bss.APP_TxBufferTail)
    [Anonymous Symbol]                       0x20000222   Section        0  app_txbuffer.o(.bss.APP_TxBufferTail)
    delay                                    0x20000224   Data           4  systick.o(.bss.delay)
    [Anonymous Symbol]                       0x20000224   Section        0  systick.o(.bss.delay)
    delay_count                              0x20000228   Data           2  zero.o(.bss.delay_count)
    [Anonymous Symbol]                       0x20000228   Section        0  zero.o(.bss.delay_count)
    eventHandlers                            0x2000022c   Data          32  eventbus.o(.bss.eventHandlers)
    [Anonymous Symbol]                       0x2000022c   Section        0  eventbus.o(.bss.eventHandlers)
    eventQueue                               0x2000024c   Data         128  eventbus.o(.bss.eventQueue)
    [Anonymous Symbol]                       0x2000024c   Section        0  eventbus.o(.bss.eventQueue)
    handlerCount                             0x200002cc   Data           1  eventbus.o(.bss.handlerCount)
    [Anonymous Symbol]                       0x200002cc   Section        0  eventbus.o(.bss.handlerCount)
    is_delaying                              0x200002cd   Data           1  zero.o(.bss.is_delaying)
    [Anonymous Symbol]                       0x200002cd   Section        0  zero.o(.bss.is_delaying)
    my_soft_timer                            0x200002d0   Data         400  timer.o(.bss.my_soft_timer)
    [Anonymous Symbol]                       0x200002d0   Section        0  timer.o(.bss.my_soft_timer)
    queueHead                                0x20000460   Data           1  eventbus.o(.bss.queueHead)
    [Anonymous Symbol]                       0x20000460   Section        0  eventbus.o(.bss.queueHead)
    queueSize                                0x20000461   Data           1  eventbus.o(.bss.queueSize)
    [Anonymous Symbol]                       0x20000461   Section        0  eventbus.o(.bss.queueSize)
    queueTail                                0x20000462   Data           1  eventbus.o(.bss.queueTail)
    [Anonymous Symbol]                       0x20000462   Section        0  eventbus.o(.bss.queueTail)
    rx0_buf                                  0x20000464   Data         514  usart.o(.bss.rx0_buf)
    [Anonymous Symbol]                       0x20000464   Section        0  usart.o(.bss.rx0_buf)
    rx0_callback                             0x20000668   Data           4  usart.o(.bss.rx0_callback)
    [Anonymous Symbol]                       0x20000668   Section        0  usart.o(.bss.rx0_callback)
    system_ticks                             0x2000066c   Data           4  timer.o(.bss.system_ticks)
    [Anonymous Symbol]                       0x2000066c   Section        0  timer.o(.bss.system_ticks)
    tx_busy                                  0x20000670   Data           1  usart.o(.bss.tx_busy)
    [Anonymous Symbol]                       0x20000670   Section        0  usart.o(.bss.tx_busy)
    zero_failed                              0x20000671   Data           1  zero.o(.bss.zero_failed)
    [Anonymous Symbol]                       0x20000671   Section        0  zero.o(.bss.zero_failed)
    zero_timeout_count                       0x20000674   Data           4  zero.o(.bss.zero_timeout_count)
    [Anonymous Symbol]                       0x20000674   Section        0  zero.o(.bss.zero_timeout_count)
    STACK                                    0x20000678   Section     2048  startup_gd32e23x.o(STACK)

    Global Symbols

    Symbol Name                              Value     Ov Type        Size  Object(Section)

    BuildAttributes$$THM_ISAv3M$S$8M$PE$A:L22$X:L11$S22$IEEE1$IW$~IW$USESV6$~STKCKD$USESV7$~SHL$OTIME$ROPI$IEEEJ$EBA8$MICROLIB$REQ8$PRES8$EABIv2 0x00000000   Number         0  anon$$obj.o ABSOLUTE
    _printf_a                                0x00000000   Number         0  printfstubs.o ABSOLUTE
    _printf_c                                0x00000000   Number         0  printfstubs.o ABSOLUTE
    _printf_charcount                        0x00000000   Number         0  printfstubs.o ABSOLUTE
    _printf_d                                0x00000000   Number         0  printfstubs.o ABSOLUTE
    _printf_e                                0x00000000   Number         0  printfstubs.o ABSOLUTE
    _printf_f                                0x00000000   Number         0  printfstubs.o ABSOLUTE
    _printf_flags                            0x00000000   Number         0  printfstubs.o ABSOLUTE
    _printf_fp_dec                           0x00000000   Number         0  printfstubs.o ABSOLUTE
    _printf_fp_hex                           0x00000000   Number         0  printfstubs.o ABSOLUTE
    _printf_g                                0x00000000   Number         0  printfstubs.o ABSOLUTE
    _printf_i                                0x00000000   Number         0  printfstubs.o ABSOLUTE
    _printf_int_dec                          0x00000000   Number         0  printfstubs.o ABSOLUTE
    _printf_l                                0x00000000   Number         0  printfstubs.o ABSOLUTE
    _printf_lc                               0x00000000   Number         0  printfstubs.o ABSOLUTE
    _printf_ll                               0x00000000   Number         0  printfstubs.o ABSOLUTE
    _printf_lld                              0x00000000   Number         0  printfstubs.o ABSOLUTE
    _printf_lli                              0x00000000   Number         0  printfstubs.o ABSOLUTE
    _printf_llo                              0x00000000   Number         0  printfstubs.o ABSOLUTE
    _printf_llu                              0x00000000   Number         0  printfstubs.o ABSOLUTE
    _printf_llx                              0x00000000   Number         0  printfstubs.o ABSOLUTE
    _printf_longlong_dec                     0x00000000   Number         0  printfstubs.o ABSOLUTE
    _printf_longlong_hex                     0x00000000   Number         0  printfstubs.o ABSOLUTE
    _printf_longlong_oct                     0x00000000   Number         0  printfstubs.o ABSOLUTE
    _printf_ls                               0x00000000   Number         0  printfstubs.o ABSOLUTE
    _printf_mbtowc                           0x00000000   Number         0  printfstubs.o ABSOLUTE
    _printf_n                                0x00000000   Number         0  printfstubs.o ABSOLUTE
    _printf_o                                0x00000000   Number         0  printfstubs.o ABSOLUTE
    _printf_p                                0x00000000   Number         0  printfstubs.o ABSOLUTE
    _printf_percent                          0x00000000   Number         0  printfstubs.o ABSOLUTE
    _printf_pre_padding                      0x00000000   Number         0  printfstubs.o ABSOLUTE
    _printf_return_value                     0x00000000   Number         0  printfstubs.o ABSOLUTE
    _printf_s                                0x00000000   Number         0  printfstubs.o ABSOLUTE
    _printf_sizespec                         0x00000000   Number         0  printfstubs.o ABSOLUTE
    _printf_str                              0x00000000   Number         0  printfstubs.o ABSOLUTE
    _printf_truncate_signed                  0x00000000   Number         0  printfstubs.o ABSOLUTE
    _printf_truncate_unsigned                0x00000000   Number         0  printfstubs.o ABSOLUTE
    _printf_u                                0x00000000   Number         0  printfstubs.o ABSOLUTE
    _printf_wc                               0x00000000   Number         0  printfstubs.o ABSOLUTE
    _printf_wctomb                           0x00000000   Number         0  printfstubs.o ABSOLUTE
    _printf_widthprec                        0x00000000   Number         0  printfstubs.o ABSOLUTE
    _printf_x                                0x00000000   Number         0  printfstubs.o ABSOLUTE
    __cpp_initialize__aeabi_                  - Undefined Weak Reference
    __cxa_finalize                            - Undefined Weak Reference
    __decompress                              - Undefined Weak Reference
    _clock_init                               - Undefined Weak Reference
    _microlib_exit                            - Undefined Weak Reference
    _scanf_int                                - Undefined Weak Reference
    _scanf_longlong                           - Undefined Weak Reference
    _scanf_string                             - Undefined Weak Reference
    __Vectors_Size                           0x000000cc   Number         0  startup_gd32e23x.o ABSOLUTE
    __Vectors                                0x08000000   Data           4  startup_gd32e23x.o(RESET)
    __Vectors_End                            0x080000cc   Data           0  startup_gd32e23x.o(RESET)
    __main                                   0x080000cd   Thumb Code     0  entry.o(.ARM.Collect$$$$00000000)
    _main_stk                                0x080000cd   Thumb Code     0  entry2.o(.ARM.Collect$$$$00000001)
    _main_scatterload                        0x080000d1   Thumb Code     0  entry5.o(.ARM.Collect$$$$00000004)
    __main_after_scatterload                 0x080000d5   Thumb Code     0  entry5.o(.ARM.Collect$$$$00000004)
    _main_clock                              0x080000d5   Thumb Code     0  entry7b.o(.ARM.Collect$$$$00000008)
    _main_cpp_init                           0x080000d5   Thumb Code     0  entry8b.o(.ARM.Collect$$$$0000000A)
    _main_init                               0x080000d5   Thumb Code     0  entry9a.o(.ARM.Collect$$$$0000000B)
    __rt_final_cpp                           0x080000dd   Thumb Code     0  entry10a.o(.ARM.Collect$$$$0000000D)
    __rt_final_exit                          0x080000dd   Thumb Code     0  entry11a.o(.ARM.Collect$$$$0000000F)
    Reset_Handler                            0x080000e1   Thumb Code    34  startup_gd32e23x.o(.text)
    ADC_CMP_IRQHandler                       0x0800010d   Thumb Code     0  startup_gd32e23x.o(.text)
    DMA_Channel0_IRQHandler                  0x0800010d   Thumb Code     0  startup_gd32e23x.o(.text)
    DMA_Channel3_4_IRQHandler                0x0800010d   Thumb Code     0  startup_gd32e23x.o(.text)
    EXTI0_1_IRQHandler                       0x0800010d   Thumb Code     0  startup_gd32e23x.o(.text)
    EXTI2_3_IRQHandler                       0x0800010d   Thumb Code     0  startup_gd32e23x.o(.text)
    FMC_IRQHandler                           0x0800010d   Thumb Code     0  startup_gd32e23x.o(.text)
    I2C0_ER_IRQHandler                       0x0800010d   Thumb Code     0  startup_gd32e23x.o(.text)
    I2C0_EV_IRQHandler                       0x0800010d   Thumb Code     0  startup_gd32e23x.o(.text)
    I2C1_ER_IRQHandler                       0x0800010d   Thumb Code     0  startup_gd32e23x.o(.text)
    I2C1_EV_IRQHandler                       0x0800010d   Thumb Code     0  startup_gd32e23x.o(.text)
    LVD_IRQHandler                           0x0800010d   Thumb Code     0  startup_gd32e23x.o(.text)
    RCU_IRQHandler                           0x0800010d   Thumb Code     0  startup_gd32e23x.o(.text)
    RTC_IRQHandler                           0x0800010d   Thumb Code     0  startup_gd32e23x.o(.text)
    SPI0_IRQHandler                          0x0800010d   Thumb Code     0  startup_gd32e23x.o(.text)
    SPI1_IRQHandler                          0x0800010d   Thumb Code     0  startup_gd32e23x.o(.text)
    TIMER0_BRK_UP_TRG_COM_IRQHandler         0x0800010d   Thumb Code     0  startup_gd32e23x.o(.text)
    TIMER0_Channel_IRQHandler                0x0800010d   Thumb Code     0  startup_gd32e23x.o(.text)
    TIMER13_IRQHandler                       0x0800010d   Thumb Code     0  startup_gd32e23x.o(.text)
    TIMER16_IRQHandler                       0x0800010d   Thumb Code     0  startup_gd32e23x.o(.text)
    TIMER2_IRQHandler                        0x0800010d   Thumb Code     0  startup_gd32e23x.o(.text)
    TIMER5_IRQHandler                        0x0800010d   Thumb Code     0  startup_gd32e23x.o(.text)
    USART1_IRQHandler                        0x0800010d   Thumb Code     0  startup_gd32e23x.o(.text)
    WWDGT_IRQHandler                         0x0800010d   Thumb Code     0  startup_gd32e23x.o(.text)
    __aeabi_memcpy                           0x08000125   Thumb Code    36  memcpya.o(.text)
    __aeabi_memcpy4                          0x08000125   Thumb Code     0  memcpya.o(.text)
    __aeabi_memcpy8                          0x08000125   Thumb Code     0  memcpya.o(.text)
    strncpy                                  0x08000149   Thumb Code    26  strncpy.o(.text)
    strlen                                   0x08000163   Thumb Code    14  strlen.o(.text)
    __scatterload                            0x08000171   Thumb Code    38  init.o(.text)
    __scatterload_rt2                        0x08000171   Thumb Code     0  init.o(.text)
    APP_RxBuffer_Add                         0x080001a1   Thumb Code    76  app_rxbuffer.o(.text.APP_RxBuffer_Add)
    APP_TxBuffer_DeleteFirstMsg              0x080001fd   Thumb Code    40  app_txbuffer.o(.text.APP_TxBuffer_DeleteFirstMsg)
    DMA_Channel1_2_IRQHandler                0x08000231   Thumb Code    48  usart.o(.text.DMA_Channel1_2_IRQHandler)
    EXTI4_15_IRQHandler                      0x08000269   Thumb Code     2  zero.o(.text.EXTI4_15_IRQHandler)
    HardFault_Handler                        0x0800026b   Thumb Code     2  gd32e23x_it.o(.text.HardFault_Handler)
    MCU_UartReceive                          0x0800026d   Thumb Code    20  app_userprocess.o(.text.MCU_UartReceive)
    NMI_Handler                              0x08000281   Thumb Code    16  gd32e23x_it.o(.text.NMI_Handler)
    PendSV_Handler                           0x08000291   Thumb Code     2  gd32e23x_it.o(.text.PendSV_Handler)
    SVC_Handler                              0x08000293   Thumb Code     2  gd32e23x_it.o(.text.SVC_Handler)
    SysTick_Handler                          0x08000295   Thumb Code     4  gd32e23x_it.o(.text.SysTick_Handler)
    SystemInit                               0x08000299   Thumb Code   432  system_gd32e23x.o(.text.SystemInit)
    TIMER14_IRQHandler                       0x08000465   Thumb Code   392  timer.o(.text.TIMER14_IRQHandler)
    TIMER15_IRQHandler                       0x080005ed   Thumb Code    80  zero.o(.text.TIMER15_IRQHandler)
    USART0_IRQHandler                        0x08000651   Thumb Code    96  usart.o(.text.USART0_IRQHandler)
    app_eventbus_init                        0x080006bd   Thumb Code    20  eventbus.o(.text.app_eventbus_init)
    app_eventbus_poll                        0x080006d5   Thumb Code   108  eventbus.o(.text.app_eventbus_poll)
    app_proto_init                           0x08000761   Thumb Code     8  protocol.o(.text.app_proto_init)
    app_timer_init                           0x0800076d   Thumb Code   168  timer.o(.text.app_timer_init)
    app_timer_poll                           0x0800081d   Thumb Code    60  timer.o(.text.app_timer_poll)
    app_timer_start                          0x08000861   Thumb Code   304  timer.o(.text.app_timer_start)
    app_usart0_rx_callback                   0x08000999   Thumb Code     8  usart.o(.text.app_usart0_rx_callback)
    app_usart_init                           0x080009a5   Thumb Code   404  usart.o(.text.app_usart_init)
    app_watchdog_init                        0x08000b51   Thumb Code    56  watchdog.o(.text.app_watchdog_init)
    delay_1ms                                0x08000b9d   Thumb Code    24  systick.o(.text.delay_1ms)
    delay_decrement                          0x08000bb5   Thumb Code    16  systick.o(.text.delay_decrement)
    dma_channel_disable                      0x08000bc9   Thumb Code    16  gd32e23x_dma.o(.text.dma_channel_disable)
    dma_channel_enable                       0x08000bd9   Thumb Code    16  gd32e23x_dma.o(.text.dma_channel_enable)
    dma_circulation_disable                  0x08000be9   Thumb Code    16  gd32e23x_dma.o(.text.dma_circulation_disable)
    dma_deinit                               0x08000bf9   Thumb Code    44  gd32e23x_dma.o(.text.dma_deinit)
    dma_init                                 0x08000c25   Thumb Code   112  gd32e23x_dma.o(.text.dma_init)
    dma_interrupt_enable                     0x08000c95   Thumb Code    16  gd32e23x_dma.o(.text.dma_interrupt_enable)
    dma_interrupt_flag_clear                 0x08000ca5   Thumb Code    16  gd32e23x_dma.o(.text.dma_interrupt_flag_clear)
    dma_interrupt_flag_get                   0x08000cb9   Thumb Code    56  gd32e23x_dma.o(.text.dma_interrupt_flag_get)
    dma_memory_address_config                0x08000cf5   Thumb Code    12  gd32e23x_dma.o(.text.dma_memory_address_config)
    dma_memory_to_memory_disable             0x08000d05   Thumb Code    20  gd32e23x_dma.o(.text.dma_memory_to_memory_disable)
    dma_struct_para_init                     0x08000d1d   Thumb Code    20  gd32e23x_dma.o(.text.dma_struct_para_init)
    dma_transfer_number_config               0x08000d31   Thumb Code    12  gd32e23x_dma.o(.text.dma_transfer_number_config)
    dma_transfer_number_get                  0x08000d3d   Thumb Code    12  gd32e23x_dma.o(.text.dma_transfer_number_get)
    fwdgt_config                             0x08000d4d   Thumb Code   144  gd32e23x_fwdgt.o(.text.fwdgt_config)
    fwdgt_counter_reload                     0x08000ded   Thumb Code     8  gd32e23x_fwdgt.o(.text.fwdgt_counter_reload)
    fwdgt_enable                             0x08000df9   Thumb Code     8  gd32e23x_fwdgt.o(.text.fwdgt_enable)
    gpio_af_set                              0x08000e09   Thumb Code   228  gd32e23x_gpio.o(.text.gpio_af_set)
    gpio_mode_set                            0x08000f05   Thumb Code   268  gd32e23x_gpio.o(.text.gpio_mode_set)
    gpio_output_options_set                  0x08001011   Thumb Code   210  gd32e23x_gpio.o(.text.gpio_output_options_set)
    main                                     0x080010e5   Thumb Code    60  main.o(.text.main)
    nvic_irq_enable                          0x08001129   Thumb Code    72  gd32e23x_misc.o(.text.nvic_irq_enable)
    nvic_vector_table_set                    0x0800117d   Thumb Code    16  gd32e23x_misc.o(.text.nvic_vector_table_set)
    rcu_clock_freq_get                       0x08001195   Thumb Code   324  gd32e23x_rcu.o(.text.rcu_clock_freq_get)
    rcu_osci_on                              0x08001301   Thumb Code    20  gd32e23x_rcu.o(.text.rcu_osci_on)
    rcu_osci_stab_wait                       0x08001315   Thumb Code   284  gd32e23x_rcu.o(.text.rcu_osci_stab_wait)
    rcu_periph_clock_enable                  0x08001445   Thumb Code    20  gd32e23x_rcu.o(.text.rcu_periph_clock_enable)
    rcu_periph_reset_disable                 0x08001459   Thumb Code    20  gd32e23x_rcu.o(.text.rcu_periph_reset_disable)
    rcu_periph_reset_enable                  0x0800146d   Thumb Code    20  gd32e23x_rcu.o(.text.rcu_periph_reset_enable)
    syscfg_flag_get                          0x08001485   Thumb Code    12  gd32e23x_syscfg.o(.text.syscfg_flag_get)
    systick_config                           0x08001495   Thumb Code    60  systick.o(.text.systick_config)
    timer_deinit                             0x080014e1   Thumb Code   100  gd32e23x_timer.o(.text.timer_deinit)
    timer_enable                             0x08001555   Thumb Code    10  gd32e23x_timer.o(.text.timer_enable)
    timer_init                               0x08001565   Thumb Code   148  gd32e23x_timer.o(.text.timer_init)
    timer_interrupt_enable                   0x08001619   Thumb Code     8  gd32e23x_timer.o(.text.timer_interrupt_enable)
    timer_interrupt_flag_clear               0x08001621   Thumb Code     6  gd32e23x_timer.o(.text.timer_interrupt_flag_clear)
    timer_interrupt_flag_get                 0x08001627   Thumb Code    20  gd32e23x_timer.o(.text.timer_interrupt_flag_get)
    usart_baudrate_set                       0x0800163d   Thumb Code    76  gd32e23x_usart.o(.text.usart_baudrate_set)
    usart_deinit                             0x0800168d   Thumb Code    40  gd32e23x_usart.o(.text.usart_deinit)
    usart_dma_receive_config                 0x080016c5   Thumb Code    16  gd32e23x_usart.o(.text.usart_dma_receive_config)
    usart_dma_transmit_config                0x080016d5   Thumb Code    16  gd32e23x_usart.o(.text.usart_dma_transmit_config)
    usart_enable                             0x080016e5   Thumb Code    10  gd32e23x_usart.o(.text.usart_enable)
    usart_hardware_flow_cts_config           0x080016ef   Thumb Code    26  gd32e23x_usart.o(.text.usart_hardware_flow_cts_config)
    usart_hardware_flow_rts_config           0x08001709   Thumb Code    26  gd32e23x_usart.o(.text.usart_hardware_flow_rts_config)
    usart_interrupt_enable                   0x08001723   Thumb Code    18  gd32e23x_usart.o(.text.usart_interrupt_enable)
    usart_interrupt_flag_clear               0x08001735   Thumb Code    36  gd32e23x_usart.o(.text.usart_interrupt_flag_clear)
    usart_interrupt_flag_get                 0x0800175d   Thumb Code    34  gd32e23x_usart.o(.text.usart_interrupt_flag_get)
    usart_parity_config                      0x0800177f   Thumb Code    26  gd32e23x_usart.o(.text.usart_parity_config)
    usart_receive_config                     0x08001799   Thumb Code    16  gd32e23x_usart.o(.text.usart_receive_config)
    usart_stop_bit_set                       0x080017a9   Thumb Code    26  gd32e23x_usart.o(.text.usart_stop_bit_set)
    usart_transmit_config                    0x080017c3   Thumb Code    16  gd32e23x_usart.o(.text.usart_transmit_config)
    usart_word_length_set                    0x080017d3   Thumb Code    26  gd32e23x_usart.o(.text.usart_word_length_set)
    __scatterload_copy                       0x080017ed   Thumb Code    14  handlers.o(i.__scatterload_copy)
    __scatterload_null                       0x080017fb   Thumb Code     2  handlers.o(i.__scatterload_null)
    __scatterload_zeroinit                   0x080017fd   Thumb Code    14  handlers.o(i.__scatterload_zeroinit)
    Region$$Table$$Base                      0x08001814   Number         0  anon$$obj.o(Region$$Table)
    Region$$Table$$Limit                     0x08001834   Number         0  anon$$obj.o(Region$$Table)
    SystemCoreClock                          0x20000000   Data           4  system_gd32e23x.o(.data.SystemCoreClock)
    __initial_sp                             0x20000e78   Data           0  startup_gd32e23x.o(STACK)



==============================================================================

Memory Map of the image

  Image Entry point : 0x080000cd

  Load Region LR_IROM1 (Base: 0x08000000, Size: 0x00001840, Max: 0x00020000, ABSOLUTE)

    Execution Region ER_IROM1 (Exec base: 0x08000000, Load base: 0x08000000, Size: 0x00001834, Max: 0x00020000, ABSOLUTE)

    Exec Addr    Load Addr    Size         Type   Attr      Idx    E Section Name        Object

    0x08000000   0x08000000   0x000000cc   Data   RO         1184    RESET               startup_gd32e23x.o
    0x080000cc   0x080000cc   0x00000000   Code   RO         2721  * .ARM.Collect$$$$00000000  mc_p.l(entry.o)
    0x080000cc   0x080000cc   0x00000004   Code   RO         3088    .ARM.Collect$$$$00000001  mc_p.l(entry2.o)
    0x080000d0   0x080000d0   0x00000004   Code   RO         3091    .ARM.Collect$$$$00000004  mc_p.l(entry5.o)
    0x080000d4   0x080000d4   0x00000000   Code   RO         3093    .ARM.Collect$$$$00000008  mc_p.l(entry7b.o)
    0x080000d4   0x080000d4   0x00000000   Code   RO         3095    .ARM.Collect$$$$0000000A  mc_p.l(entry8b.o)
    0x080000d4   0x080000d4   0x00000008   Code   RO         3096    .ARM.Collect$$$$0000000B  mc_p.l(entry9a.o)
    0x080000dc   0x080000dc   0x00000000   Code   RO         3098    .ARM.Collect$$$$0000000D  mc_p.l(entry10a.o)
    0x080000dc   0x080000dc   0x00000000   Code   RO         3100    .ARM.Collect$$$$0000000F  mc_p.l(entry11a.o)
    0x080000dc   0x080000dc   0x00000004   Code   RO         3089    .ARM.Collect$$$$00002712  mc_p.l(entry2.o)
    0x080000e0   0x080000e0   0x00000044   Code   RO         1185    .text               startup_gd32e23x.o
    0x08000124   0x08000124   0x00000024   Code   RO         2733    .text               mc_p.l(memcpya.o)
    0x08000148   0x08000148   0x0000001a   Code   RO         2741    .text               mc_p.l(strncpy.o)
    0x08000162   0x08000162   0x0000000e   Code   RO         2745    .text               mc_p.l(strlen.o)
    0x08000170   0x08000170   0x00000030   Code   RO         3153    .text               mc_p.l(init.o)
    0x080001a0   0x080001a0   0x0000005c   Code   RO         1256    .text.APP_RxBuffer_Add  app_rxbuffer.o
    0x080001fc   0x080001fc   0x00000034   Code   RO         1282    .text.APP_TxBuffer_DeleteFirstMsg  app_txbuffer.o
    0x08000230   0x08000230   0x00000038   Code   RO         2332    .text.DMA_Channel1_2_IRQHandler  usart.o
    0x08000268   0x08000268   0x00000002   Code   RO         2305    .text.EXTI4_15_IRQHandler  zero.o
    0x0800026a   0x0800026a   0x00000002   Code   RO            4    .text.HardFault_Handler  gd32e23x_it.o
    0x0800026c   0x0800026c   0x00000014   Code   RO         1549    .text.MCU_UartReceive  app_userprocess.o
    0x08000280   0x08000280   0x00000010   Code   RO            2    .text.NMI_Handler   gd32e23x_it.o
    0x08000290   0x08000290   0x00000002   Code   RO            8    .text.PendSV_Handler  gd32e23x_it.o
    0x08000292   0x08000292   0x00000002   Code   RO            6    .text.SVC_Handler   gd32e23x_it.o
    0x08000294   0x08000294   0x00000004   Code   RO           10    .text.SysTick_Handler  gd32e23x_it.o
    0x08000298   0x08000298   0x000001cc   Code   RO           43    .text.SystemInit    system_gd32e23x.o
    0x08000464   0x08000464   0x00000188   Code   RO         2351    .text.TIMER14_IRQHandler  timer.o
    0x080005ec   0x080005ec   0x00000064   Code   RO         2307    .text.TIMER15_IRQHandler  zero.o
    0x08000650   0x08000650   0x0000006c   Code   RO         2330    .text.USART0_IRQHandler  usart.o
    0x080006bc   0x080006bc   0x00000018   Code   RO         2269    .text.app_eventbus_init  eventbus.o
    0x080006d4   0x080006d4   0x00000080   Code   RO         2275    .text.app_eventbus_poll  eventbus.o
    0x08000754   0x08000754   0x0000000a   Code   RO         2238    .text.app_proto_check  protocol.o
    0x0800075e   0x0800075e   0x00000002   PAD
    0x08000760   0x08000760   0x0000000c   Code   RO         2236    .text.app_proto_init  protocol.o
    0x0800076c   0x0800076c   0x000000b0   Code   RO         2349    .text.app_timer_init  timer.o
    0x0800081c   0x0800081c   0x00000044   Code   RO         2361    .text.app_timer_poll  timer.o
    0x08000860   0x08000860   0x00000138   Code   RO         2353    .text.app_timer_start  timer.o
    0x08000998   0x08000998   0x0000000c   Code   RO         2322    .text.app_usart0_rx_callback  usart.o
    0x080009a4   0x080009a4   0x000001ac   Code   RO         2324    .text.app_usart_init  usart.o
    0x08000b50   0x08000b50   0x0000004c   Code   RO         2292    .text.app_watchdog_init  watchdog.o
    0x08000b9c   0x08000b9c   0x00000018   Code   RO           30    .text.delay_1ms     systick.o
    0x08000bb4   0x08000bb4   0x00000014   Code   RO           32    .text.delay_decrement  systick.o
    0x08000bc8   0x08000bc8   0x00000010   Code   RO          218    .text.dma_channel_disable  gd32e23x_dma.o
    0x08000bd8   0x08000bd8   0x00000010   Code   RO          228    .text.dma_channel_enable  gd32e23x_dma.o
    0x08000be8   0x08000be8   0x00000010   Code   RO          222    .text.dma_circulation_disable  gd32e23x_dma.o
    0x08000bf8   0x08000bf8   0x0000002c   Code   RO          212    .text.dma_deinit    gd32e23x_dma.o
    0x08000c24   0x08000c24   0x00000070   Code   RO          216    .text.dma_init      gd32e23x_dma.o
    0x08000c94   0x08000c94   0x00000010   Code   RO          262    .text.dma_interrupt_enable  gd32e23x_dma.o
    0x08000ca4   0x08000ca4   0x00000014   Code   RO          260    .text.dma_interrupt_flag_clear  gd32e23x_dma.o
    0x08000cb8   0x08000cb8   0x0000003c   Code   RO          258    .text.dma_interrupt_flag_get  gd32e23x_dma.o
    0x08000cf4   0x08000cf4   0x00000010   Code   RO          232    .text.dma_memory_address_config  gd32e23x_dma.o
    0x08000d04   0x08000d04   0x00000018   Code   RO          226    .text.dma_memory_to_memory_disable  gd32e23x_dma.o
    0x08000d1c   0x08000d1c   0x00000014   Code   RO          214    .text.dma_struct_para_init  gd32e23x_dma.o
    0x08000d30   0x08000d30   0x0000000c   Code   RO          234    .text.dma_transfer_number_config  gd32e23x_dma.o
    0x08000d3c   0x08000d3c   0x00000010   Code   RO          236    .text.dma_transfer_number_get  gd32e23x_dma.o
    0x08000d4c   0x08000d4c   0x000000a0   Code   RO          388    .text.fwdgt_config  gd32e23x_fwdgt.o
    0x08000dec   0x08000dec   0x0000000c   Code   RO          386    .text.fwdgt_counter_reload  gd32e23x_fwdgt.o
    0x08000df8   0x08000df8   0x00000010   Code   RO          378    .text.fwdgt_enable  gd32e23x_fwdgt.o
    0x08000e08   0x08000e08   0x000000fc   Code   RO          422    .text.gpio_af_set   gd32e23x_gpio.o
    0x08000f04   0x08000f04   0x0000010c   Code   RO          402    .text.gpio_mode_set  gd32e23x_gpio.o
    0x08001010   0x08001010   0x000000d2   Code   RO          404    .text.gpio_output_options_set  gd32e23x_gpio.o
    0x080010e2   0x080010e2   0x00000002   PAD
    0x080010e4   0x080010e4   0x00000044   Code   RO           19    .text.main          main.o
    0x08001128   0x08001128   0x00000054   Code   RO          518    .text.nvic_irq_enable  gd32e23x_misc.o
    0x0800117c   0x0800117c   0x00000018   Code   RO          524    .text.nvic_vector_table_set  gd32e23x_misc.o
    0x08001194   0x08001194   0x0000016c   Code   RO          640    .text.rcu_clock_freq_get  gd32e23x_rcu.o
    0x08001300   0x08001300   0x00000014   Code   RO          620    .text.rcu_osci_on   gd32e23x_rcu.o
    0x08001314   0x08001314   0x00000130   Code   RO          616    .text.rcu_osci_stab_wait  gd32e23x_rcu.o
    0x08001444   0x08001444   0x00000014   Code   RO          576    .text.rcu_periph_clock_enable  gd32e23x_rcu.o
    0x08001458   0x08001458   0x00000014   Code   RO          586    .text.rcu_periph_reset_disable  gd32e23x_rcu.o
    0x0800146c   0x0800146c   0x00000018   Code   RO          584    .text.rcu_periph_reset_enable  gd32e23x_rcu.o
    0x08001484   0x08001484   0x00000010   Code   RO          845    .text.syscfg_flag_get  gd32e23x_syscfg.o
    0x08001494   0x08001494   0x0000004c   Code   RO           28    .text.systick_config  systick.o
    0x080014e0   0x080014e0   0x00000074   Code   RO          857    .text.timer_deinit  gd32e23x_timer.o
    0x08001554   0x08001554   0x0000000a   Code   RO          863    .text.timer_enable  gd32e23x_timer.o
    0x0800155e   0x0800155e   0x00000004   Code   RO         2294    .text.timer_feed_dog  watchdog.o
    0x08001562   0x08001562   0x00000002   PAD
    0x08001564   0x08001564   0x000000b4   Code   RO          861    .text.timer_init    gd32e23x_timer.o
    0x08001618   0x08001618   0x00000008   Code   RO          899    .text.timer_interrupt_enable  gd32e23x_timer.o
    0x08001620   0x08001620   0x00000006   Code   RO          905    .text.timer_interrupt_flag_clear  gd32e23x_timer.o
    0x08001626   0x08001626   0x00000014   Code   RO          903    .text.timer_interrupt_flag_get  gd32e23x_timer.o
    0x0800163a   0x0800163a   0x00000002   PAD
    0x0800163c   0x0800163c   0x00000050   Code   RO         1013    .text.usart_baudrate_set  gd32e23x_usart.o
    0x0800168c   0x0800168c   0x00000038   Code   RO         1011    .text.usart_deinit  gd32e23x_usart.o
    0x080016c4   0x080016c4   0x00000010   Code   RO         1119    .text.usart_dma_receive_config  gd32e23x_usart.o
    0x080016d4   0x080016d4   0x00000010   Code   RO         1121    .text.usart_dma_transmit_config  gd32e23x_usart.o
    0x080016e4   0x080016e4   0x0000000a   Code   RO         1021    .text.usart_enable  gd32e23x_usart.o
    0x080016ee   0x080016ee   0x0000001a   Code   RO         1105    .text.usart_hardware_flow_cts_config  gd32e23x_usart.o
    0x08001708   0x08001708   0x0000001a   Code   RO         1103    .text.usart_hardware_flow_rts_config  gd32e23x_usart.o
    0x08001722   0x08001722   0x00000012   Code   RO         1143    .text.usart_interrupt_enable  gd32e23x_usart.o
    0x08001734   0x08001734   0x00000028   Code   RO         1151    .text.usart_interrupt_flag_clear  gd32e23x_usart.o
    0x0800175c   0x0800175c   0x00000022   Code   RO         1149    .text.usart_interrupt_flag_get  gd32e23x_usart.o
    0x0800177e   0x0800177e   0x0000001a   Code   RO         1015    .text.usart_parity_config  gd32e23x_usart.o
    0x08001798   0x08001798   0x00000010   Code   RO         1027    .text.usart_receive_config  gd32e23x_usart.o
    0x080017a8   0x080017a8   0x0000001a   Code   RO         1019    .text.usart_stop_bit_set  gd32e23x_usart.o
    0x080017c2   0x080017c2   0x00000010   Code   RO         1025    .text.usart_transmit_config  gd32e23x_usart.o
    0x080017d2   0x080017d2   0x0000001a   Code   RO         1017    .text.usart_word_length_set  gd32e23x_usart.o
    0x080017ec   0x080017ec   0x0000000e   Code   RO         3206    i.__scatterload_copy  mc_p.l(handlers.o)
    0x080017fa   0x080017fa   0x00000002   Code   RO         3207    i.__scatterload_null  mc_p.l(handlers.o)
    0x080017fc   0x080017fc   0x0000000e   Code   RO         3208    i.__scatterload_zeroinit  mc_p.l(handlers.o)
    0x0800180a   0x0800180a   0x00000008   Data   RO          652    .rodata.cst8        gd32e23x_rcu.o
    0x08001812   0x08001812   0x00000002   PAD
    0x08001814   0x08001814   0x00000020   Data   RO         3205    Region$$Table       anon$$obj.o


    Execution Region RW_IRAM1 (Exec base: 0x20000000, Load base: 0x08001838, Size: 0x00000e78, Max: 0x00004000, ABSOLUTE)

    Exec Addr    Load Addr    Size         Type   Attr      Idx    E Section Name        Object

    0x20000000   0x08001838   0x00000004   Data   RW           47    .data.SystemCoreClock  system_gd32e23x.o
    0x20000004   0x0800183c   0x00000004   PAD
    0x20000008        -       0x000001f4   Zero   RW         1264    .bss.APP_RxBuffer   app_rxbuffer.o
    0x200001fc        -       0x00000020   Zero   RW         1265    .bss.APP_RxBufferDataParamArray  app_rxbuffer.o
    0x2000021c        -       0x00000002   Zero   RW         1267    .bss.APP_RxBufferDataParamArrayIndex  app_rxbuffer.o
    0x2000021e        -       0x00000002   Zero   RW         1266    .bss.APP_RxBufferIndex  app_rxbuffer.o
    0x20000220        -       0x00000002   Zero   RW         1298    .bss.APP_TxBufferHead  app_txbuffer.o
    0x20000222        -       0x00000002   Zero   RW         1299    .bss.APP_TxBufferTail  app_txbuffer.o
    0x20000224        -       0x00000004   Zero   RW           34    .bss.delay          systick.o
    0x20000228        -       0x00000002   Zero   RW         2314    .bss.delay_count    zero.o
    0x2000022a   0x0800183c   0x00000002   PAD
    0x2000022c        -       0x00000020   Zero   RW         2281    .bss.eventHandlers  eventbus.o
    0x2000024c        -       0x00000080   Zero   RW         2282    .bss.eventQueue     eventbus.o
    0x200002cc        -       0x00000001   Zero   RW         2277    .bss.handlerCount   eventbus.o
    0x200002cd        -       0x00000001   Zero   RW         2313    .bss.is_delaying    zero.o
    0x200002ce   0x0800183c   0x00000002   PAD
    0x200002d0        -       0x00000190   Zero   RW         2365    .bss.my_soft_timer  timer.o
    0x20000460        -       0x00000001   Zero   RW         2280    .bss.queueHead      eventbus.o
    0x20000461        -       0x00000001   Zero   RW         2278    .bss.queueSize      eventbus.o
    0x20000462        -       0x00000001   Zero   RW         2279    .bss.queueTail      eventbus.o
    0x20000463   0x0800183c   0x00000001   PAD
    0x20000464        -       0x00000202   Zero   RW         2337    .bss.rx0_buf        usart.o
    0x20000666   0x0800183c   0x00000002   PAD
    0x20000668        -       0x00000004   Zero   RW         2336    .bss.rx0_callback   usart.o
    0x2000066c        -       0x00000004   Zero   RW         2366    .bss.system_ticks   timer.o
    0x20000670        -       0x00000001   Zero   RW         2338    .bss.tx_busy        usart.o
    0x20000671        -       0x00000001   Zero   RW         2311    .bss.zero_failed    zero.o
    0x20000672   0x0800183c   0x00000002   PAD
    0x20000674        -       0x00000004   Zero   RW         2312    .bss.zero_timeout_count  zero.o
    0x20000678        -       0x00000800   Zero   RW         1182    STACK               startup_gd32e23x.o


==============================================================================

Image component sizes


      Code (inc. data)   RO Data    RW Data    ZI Data      Debug   Object Name

        92         16          0          0        536       2014   app_rxbuffer.o
        52         12          0          0          4       2953   app_txbuffer.o
        20          0          0          0          0      15251   app_userprocess.o
       152         24          0          0        164       2466   eventbus.o
       388         20          0          0          0       6782   gd32e23x_dma.o
       188         28          0          0          0       3883   gd32e23x_fwdgt.o
       730         24          0          0          0       6041   gd32e23x_gpio.o
        26          0          0          0          0       1026   gd32e23x_it.o
       108         20          0          0          0       3879   gd32e23x_misc.o
       752         64          8          0          0      15731   gd32e23x_rcu.o
        16          4          0          0          0       3049   gd32e23x_syscfg.o
       340         48          0          0          0      21348   gd32e23x_timer.o
       432         24          0          0          0      14178   gd32e23x_usart.o
        68          8          0          0          0        664   main.o
        22          4          0          0          0       1212   protocol.o
        68         22        204          0       2048        696   startup_gd32e23x.o
       460         28          0          4          0       2461   system_gd32e23x.o
       120         20          0          0          4       2951   systick.o
       948         24          0          0        404       6971   timer.o
       604         48          0          0        519       6219   usart.o
        80         20          0          0          0       1438   watchdog.o
       102         20          0          0          8       2023   zero.o

    ----------------------------------------------------------------------
      5776        478        246          4       3700     123236   Object Totals
         0          0         32          0          0          0   (incl. Generated)
         8          0          2          0         13          0   (incl. Padding)

    ----------------------------------------------------------------------

      Code (inc. data)   RO Data    RW Data    ZI Data      Debug   Library Member Name

         0          0          0          0          0          0   entry.o
         0          0          0          0          0          0   entry10a.o
         0          0          0          0          0          0   entry11a.o
         8          4          0          0          0          0   entry2.o
         4          0          0          0          0          0   entry5.o
         0          0          0          0          0          0   entry7b.o
         0          0          0          0          0          0   entry8b.o
         8          4          0          0          0          0   entry9a.o
        30          0          0          0          0          0   handlers.o
        48         10          0          0          0         68   init.o
        36          0          0          0          0         60   memcpya.o
        14          0          0          0          0         60   strlen.o
        26          0          0          0          0         68   strncpy.o

    ----------------------------------------------------------------------
       174         18          0          0          0        256   Library Totals
         0          0          0          0          0          0   (incl. Padding)

    ----------------------------------------------------------------------

      Code (inc. data)   RO Data    RW Data    ZI Data      Debug   Library Name

       174         18          0          0          0        256   mc_p.l

    ----------------------------------------------------------------------
       174         18          0          0          0        256   Library Totals

    ----------------------------------------------------------------------

==============================================================================


      Code (inc. data)   RO Data    RW Data    ZI Data      Debug   

      5950        496        246          4       3700     123200   Grand Totals
      5950        496        246          4       3700     123200   ELF Image Totals
      5950        496        246          4          0          0   ROM Totals

==============================================================================

    Total RO  Size (Code + RO Data)                 6196 (   6.05kB)
    Total RW  Size (RW Data + ZI Data)              3704 (   3.62kB)
    Total ROM Size (Code + RO Data + RW Data)       6200 (   6.05kB)

==============================================================================

